stm32l0xx_hal_flash_ex.c:950:16:FLASH_OB_GetUser	0	static
stm32l0xx_hal_flash_ex.c:964:16:FLASH_OB_GetRDP	0	static
stm32l0xx_hal_flash_ex.c:973:16:FLASH_OB_GetBOR	0	static
stm32l0xx_hal_flash_ex.c:983:16:FLASH_OB_GetBOOTBit1	0	static
stm32l0xx_hal_flash_ex.c:994:17:FLASH_OB_GetWRP	0	static
stm32l0xx_hal_flash_ex.c:1005:17:FLASH_OB_GetWRP2	0	static
stm32l0xx_hal_flash_ex.c:1023:26:FLASH_OB_ProtectedSectorsConfig	16	static
stm32l0xx_hal_flash_ex.c:822:26:FLASH_OB_RDPConfig	8	static
stm32l0xx_hal_flash_ex.c:1128:26:FLASH_OB_UserConfig	8	static
stm32l0xx_hal_flash_ex.c:873:26:FLASH_OB_BORConfig	8	static
stm32l0xx_hal_flash_ex.c:915:27:FLASH_OB_BOOTBit1Config	8	static
stm32l0xx_hal_flash_ex.c:1174:26:FLASH_OB_BootConfig	8	static
stm32l0xx_hal_flash_ex.c:327:19:HAL_FLASHEx_OBProgram	8	static
stm32l0xx_hal_flash_ex.c:410:6:HAL_FLASHEx_OBGetConfig	8	static
stm32l0xx_hal_flash_ex.c:443:19:HAL_FLASHEx_AdvOBProgram	8	static
stm32l0xx_hal_flash_ex.c:486:6:HAL_FLASHEx_AdvOBGetConfig	0	static
stm32l0xx_hal_flash_ex.c:526:19:HAL_FLASHEx_OB_SelectPCROP	8	static
stm32l0xx_hal_flash_ex.c:568:19:HAL_FLASHEx_OB_DeSelectPCROP	8	static
stm32l0xx_hal_flash_ex.c:634:19:HAL_FLASHEx_DATAEEPROM_Unlock	0	static
stm32l0xx_hal_flash_ex.c:661:19:HAL_FLASHEx_DATAEEPROM_Lock	0	static
stm32l0xx_hal_flash_ex.c:679:19:HAL_FLASHEx_DATAEEPROM_Erase	8	static
stm32l0xx_hal_flash_ex.c:721:21:HAL_FLASHEx_DATAEEPROM_Program	16	static
stm32l0xx_hal_flash_ex.c:777:6:HAL_FLASHEx_DATAEEPROM_EnableFixedTimeProgram	0	static
stm32l0xx_hal_flash_ex.c:786:6:HAL_FLASHEx_DATAEEPROM_DisableFixedTimeProgram	0	static
stm32l0xx_hal_flash_ex.c:1234:6:FLASH_PageErase	8	static
stm32l0xx_hal_flash_ex.c:171:19:HAL_FLASHEx_Erase	16	static
stm32l0xx_hal_flash_ex.c:235:19:HAL_FLASHEx_Erase_IT	16	static
