Archive member included to satisfy reference by file (symbol)

c:/ac6/systemworkbench/plugins/fr.ac6.mcu.externaltools.arm-none.win32_1.17.0.201812190825/tools/compiler/bin/../lib/gcc/arm-none-eabi/7.3.1/thumb/v6-m\libgcc.a(_udivsi3.o)
                              Drivers/STM32L0xx_HAL_Driver/Src/stm32l0xx_hal.o (__aeabi_uidiv)
c:/ac6/systemworkbench/plugins/fr.ac6.mcu.externaltools.arm-none.win32_1.17.0.201812190825/tools/compiler/bin/../lib/gcc/arm-none-eabi/7.3.1/thumb/v6-m\libgcc.a(_dvmd_tls.o)
                              c:/ac6/systemworkbench/plugins/fr.ac6.mcu.externaltools.arm-none.win32_1.17.0.201812190825/tools/compiler/bin/../lib/gcc/arm-none-eabi/7.3.1/thumb/v6-m\libgcc.a(_udivsi3.o) (__aeabi_idiv0)
c:/ac6/systemworkbench/plugins/fr.ac6.mcu.externaltools.arm-none.win32_1.17.0.201812190825/tools/compiler/bin/../lib/gcc/arm-none-eabi/7.3.1/thumb/v6-m\libgcc.a(_aeabi_uldivmod.o)
                              Drivers/STM32L0xx_HAL_Driver/Src/stm32l0xx_hal_uart.o (__aeabi_uldivmod)
c:/ac6/systemworkbench/plugins/fr.ac6.mcu.externaltools.arm-none.win32_1.17.0.201812190825/tools/compiler/bin/../lib/gcc/arm-none-eabi/7.3.1/thumb/v6-m\libgcc.a(_udivmoddi4.o)
                              c:/ac6/systemworkbench/plugins/fr.ac6.mcu.externaltools.arm-none.win32_1.17.0.201812190825/tools/compiler/bin/../lib/gcc/arm-none-eabi/7.3.1/thumb/v6-m\libgcc.a(_aeabi_uldivmod.o) (__udivmoddi4)
c:/ac6/systemworkbench/plugins/fr.ac6.mcu.externaltools.arm-none.win32_1.17.0.201812190825/tools/compiler/bin/../lib/gcc/arm-none-eabi/7.3.1/thumb/v6-m\libgcc.a(addsf3.o)
                              Src/motorcontrol.o (__aeabi_fadd)
c:/ac6/systemworkbench/plugins/fr.ac6.mcu.externaltools.arm-none.win32_1.17.0.201812190825/tools/compiler/bin/../lib/gcc/arm-none-eabi/7.3.1/thumb/v6-m\libgcc.a(divsf3.o)
                              Src/motorcontrol.o (__aeabi_fdiv)
c:/ac6/systemworkbench/plugins/fr.ac6.mcu.externaltools.arm-none.win32_1.17.0.201812190825/tools/compiler/bin/../lib/gcc/arm-none-eabi/7.3.1/thumb/v6-m\libgcc.a(mulsf3.o)
                              Src/motorcontrol.o (__aeabi_fmul)
c:/ac6/systemworkbench/plugins/fr.ac6.mcu.externaltools.arm-none.win32_1.17.0.201812190825/tools/compiler/bin/../lib/gcc/arm-none-eabi/7.3.1/thumb/v6-m\libgcc.a(subsf3.o)
                              Src/motorcontrol.o (__aeabi_fsub)
c:/ac6/systemworkbench/plugins/fr.ac6.mcu.externaltools.arm-none.win32_1.17.0.201812190825/tools/compiler/bin/../lib/gcc/arm-none-eabi/7.3.1/thumb/v6-m\libgcc.a(fixsfsi.o)
                              Src/motorcontrol.o (__aeabi_f2iz)
c:/ac6/systemworkbench/plugins/fr.ac6.mcu.externaltools.arm-none.win32_1.17.0.201812190825/tools/compiler/bin/../lib/gcc/arm-none-eabi/7.3.1/thumb/v6-m\libgcc.a(floatsisf.o)
                              Src/motorcontrol.o (__aeabi_i2f)
c:/ac6/systemworkbench/plugins/fr.ac6.mcu.externaltools.arm-none.win32_1.17.0.201812190825/tools/compiler/bin/../lib/gcc/arm-none-eabi/7.3.1/thumb/v6-m\libgcc.a(_clzsi2.o)
                              c:/ac6/systemworkbench/plugins/fr.ac6.mcu.externaltools.arm-none.win32_1.17.0.201812190825/tools/compiler/bin/../lib/gcc/arm-none-eabi/7.3.1/thumb/v6-m\libgcc.a(addsf3.o) (__clzsi2)
c:/ac6/systemworkbench/plugins/fr.ac6.mcu.externaltools.arm-none.win32_1.17.0.201812190825/tools/compiler/bin/../lib/gcc/arm-none-eabi/7.3.1/thumb/v6-m\libgcc.a(_clzdi2.o)
                              c:/ac6/systemworkbench/plugins/fr.ac6.mcu.externaltools.arm-none.win32_1.17.0.201812190825/tools/compiler/bin/../lib/gcc/arm-none-eabi/7.3.1/thumb/v6-m\libgcc.a(_udivmoddi4.o) (__clzdi2)
c:/ac6/systemworkbench/plugins/fr.ac6.mcu.externaltools.arm-none.win32_1.17.0.201812190825/tools/compiler/bin/../lib/gcc/arm-none-eabi/7.3.1/../../../../arm-none-eabi/lib/thumb/v6-m\libc_nano.a(lib_a-exit.o)
                              c:/ac6/systemworkbench/plugins/fr.ac6.mcu.externaltools.arm-none.win32_1.17.0.201812190825/tools/compiler/bin/../lib/gcc/arm-none-eabi/7.3.1/../../../../arm-none-eabi/lib/thumb/v6-m/crt0.o (exit)
c:/ac6/systemworkbench/plugins/fr.ac6.mcu.externaltools.arm-none.win32_1.17.0.201812190825/tools/compiler/bin/../lib/gcc/arm-none-eabi/7.3.1/../../../../arm-none-eabi/lib/thumb/v6-m\libc_nano.a(lib_a-impure.o)
                              c:/ac6/systemworkbench/plugins/fr.ac6.mcu.externaltools.arm-none.win32_1.17.0.201812190825/tools/compiler/bin/../lib/gcc/arm-none-eabi/7.3.1/../../../../arm-none-eabi/lib/thumb/v6-m\libc_nano.a(lib_a-exit.o) (_global_impure_ptr)
c:/ac6/systemworkbench/plugins/fr.ac6.mcu.externaltools.arm-none.win32_1.17.0.201812190825/tools/compiler/bin/../lib/gcc/arm-none-eabi/7.3.1/../../../../arm-none-eabi/lib/thumb/v6-m\libc_nano.a(lib_a-init.o)
                              c:/ac6/systemworkbench/plugins/fr.ac6.mcu.externaltools.arm-none.win32_1.17.0.201812190825/tools/compiler/bin/../lib/gcc/arm-none-eabi/7.3.1/../../../../arm-none-eabi/lib/thumb/v6-m/crt0.o (__libc_init_array)
[...]
Memory Configuration

Name             Origin             Length             Attributes
RAM              0x20000000         0x00005000         xrw
FLASH            0x08000000         0x00030000         xr
*default*        0x00000000         0xffffffff

Linker script and memory map

LOAD c:/ac6/systemworkbench/plugins/fr.ac6.mcu.externaltools.arm-none.win32_1.17.0.201812190825/tools/compiler/bin/../lib/gcc/arm-none-eabi/7.3.1/thumb/v6-m/crti.o
LOAD c:/ac6/systemworkbench/plugins/fr.ac6.mcu.externaltools.arm-none.win32_1.17.0.201812190825/tools/compiler/bin/../lib/gcc/arm-none-eabi/7.3.1/thumb/v6-m/crtbegin.o
LOAD c:/ac6/systemworkbench/plugins/fr.ac6.mcu.externaltools.arm-none.win32_1.17.0.201812190825/tools/compiler/bin/../lib/gcc/arm-none-eabi/7.3.1/../../../../arm-none-eabi/lib/thumb/v6-m/crt0.o
LOAD Drivers/STM32L0xx_HAL_Driver/Src/stm32l0xx_hal.o
LOAD Drivers/STM32L0xx_HAL_Driver/Src/stm32l0xx_hal_cortex.o
LOAD Drivers/STM32L0xx_HAL_Driver/Src/stm32l0xx_hal_dma.o
LOAD Drivers/STM32L0xx_HAL_Driver/Src/stm32l0xx_hal_flash.o
LOAD Drivers/STM32L0xx_HAL_Driver/Src/stm32l0xx_hal_flash_ex.o
LOAD Drivers/STM32L0xx_HAL_Driver/Src/stm32l0xx_hal_flash_ramfunc.o
LOAD Drivers/STM32L0xx_HAL_Driver/Src/stm32l0xx_hal_gpio.o
LOAD Drivers/STM32L0xx_HAL_Driver/Src/stm32l0xx_hal_i2c.o
LOAD Drivers/STM32L0xx_HAL_Driver/Src/stm32l0xx_hal_i2c_ex.o
LOAD Drivers/STM32L0xx_HAL_Driver/Src/stm32l0xx_hal_pwr.o
LOAD Drivers/STM32L0xx_HAL_Driver/Src/stm32l0xx_hal_pwr_ex.o
LOAD Drivers/STM32L0xx_HAL_Driver/Src/stm32l0xx_hal_rcc.o
LOAD Drivers/STM32L0xx_HAL_Driver/Src/stm32l0xx_hal_rcc_ex.o
LOAD Drivers/STM32L0xx_HAL_Driver/Src/stm32l0xx_hal_tim.o
LOAD Drivers/STM32L0xx_HAL_Driver/Src/stm32l0xx_hal_tim_ex.o
LOAD Drivers/STM32L0xx_HAL_Driver/Src/stm32l0xx_hal_uart.o
LOAD Drivers/STM32L0xx_HAL_Driver/Src/stm32l0xx_hal_uart_ex.o
LOAD Src/Bluetooth.o
LOAD Src/External_interupt.o
LOAD Src/Step_eng.o
LOAD Src/Ultrasound.o
LOAD Src/main.o
LOAD Src/motorcontrol.o
LOAD Src/stm32l0xx_hal_msp.o
LOAD Src/stm32l0xx_it.o
LOAD Src/system_stm32l0xx.o
LOAD startup/startup_stm32l073xx.o
LOAD c:/ac6/systemworkbench/plugins/fr.ac6.mcu.externaltools.arm-none.win32_1.17.0.201812190825/tools/compiler/bin/../lib/gcc/arm-none-eabi/7.3.1/../../../../arm-none-eabi/lib/thumb/v6-m\libm.a
START GROUP
LOAD c:/ac6/systemworkbench/plugins/fr.ac6.mcu.externaltools.arm-none.win32_1.17.0.201812190825/tools/compiler/bin/../lib/gcc/arm-none-eabi/7.3.1/thumb/v6-m\libgcc.a
LOAD c:/ac6/systemworkbench/plugins/fr.ac6.mcu.externaltools.arm-none.win32_1.17.0.201812190825/tools/compiler/bin/../lib/gcc/arm-none-eabi/7.3.1/../../../../arm-none-eabi/lib/thumb/v6-m\libc_nano.a
END GROUP
START GROUP
LOAD c:/ac6/systemworkbench/plugins/fr.ac6.mcu.externaltools.arm-none.win32_1.17.0.201812190825/tools/compiler/bin/../lib/gcc/arm-none-eabi/7.3.1/thumb/v6-m\libgcc.a
LOAD c:/ac6/systemworkbench/plugins/fr.ac6.mcu.externaltools.arm-none.win32_1.17.0.201812190825/tools/compiler/bin/../lib/gcc/arm-none-eabi/7.3.1/../../../../arm-none-eabi/lib/thumb/v6-m\libc_nano.a
LOAD c:/ac6/systemworkbench/plugins/fr.ac6.mcu.externaltools.arm-none.win32_1.17.0.201812190825/tools/compiler/bin/../lib/gcc/arm-none-eabi/7.3.1/../../../../arm-none-eabi/lib/thumb/v6-m\libnosys.a
END GROUP
START GROUP
LOAD c:/ac6/systemworkbench/plugins/fr.ac6.mcu.externaltools.arm-none.win32_1.17.0.201812190825/tools/compiler/bin/../lib/gcc/arm-none-eabi/7.3.1/thumb/v6-m\libgcc.a
LOAD c:/ac6/systemworkbench/plugins/fr.ac6.mcu.externaltools.arm-none.win32_1.17.0.201812190825/tools/compiler/bin/../lib/gcc/arm-none-eabi/7.3.1/../../../../arm-none-eabi/lib/thumb/v6-m\libc_nano.a
LOAD c:/ac6/systemworkbench/plugins/fr.ac6.mcu.externaltools.arm-none.win32_1.17.0.201812190825/tools/compiler/bin/../lib/gcc/arm-none-eabi/7.3.1/../../../../arm-none-eabi/lib/thumb/v6-m\libnosys.a
END GROUP
LOAD c:/ac6/systemworkbench/plugins/fr.ac6.mcu.externaltools.arm-none.win32_1.17.0.201812190825/tools/compiler/bin/../lib/gcc/arm-none-eabi/7.3.1/thumb/v6-m/crtend.o
LOAD c:/ac6/systemworkbench/plugins/fr.ac6.mcu.externaltools.arm-none.win32_1.17.0.201812190825/tools/compiler/bin/../lib/gcc/arm-none-eabi/7.3.1/thumb/v6-m/crtn.o
                0x20005000                _estack = 0x20005000
                0x00000200                _Min_Heap_Size = 0x200
                0x00000400                _Min_Stack_Size = 0x400

.isr_vector     0x08000000       0xc0
                0x08000000                . = ALIGN (0x4)
 *(.isr_vector)
 .isr_vector    0x08000000       0xc0 startup/startup_stm32l073xx.o
                0x08000000                g_pfnVectors
                0x080000c0                . = ALIGN (0x4)

.text           0x080000c0     0x3e88
                0x080000c0                . = ALIGN (0x4)
 *(.text)
 .text          0x080000c0       0x48 c:/ac6/systemworkbench/plugins/fr.ac6.mcu.externaltools.arm-none.win32_1.17.0.201812190825/tools/compiler/bin/../lib/gcc/arm-none-eabi/7.3.1/thumb/v6-m/crtbegin.o
 .text          0x08000108      0x114 c:/ac6/systemworkbench/plugins/fr.ac6.mcu.externaltools.arm-none.win32_1.17.0.201812190825/tools/compiler/bin/../lib/gcc/arm-none-eabi/7.3.1/thumb/v6-m\libgcc.a(_udivsi3.o)
                0x08000108                __aeabi_uidiv
                0x08000108                __udivsi3
                0x08000214                __aeabi_uidivmod
 .text          0x0800021c        0x4 c:/ac6/systemworkbench/plugins/fr.ac6.mcu.externaltools.arm-none.win32_1.17.0.201812190825/tools/compiler/bin/../lib/gcc/arm-none-eabi/7.3.1/thumb/v6-m\libgcc.a(_dvmd_tls.o)
                0x0800021c                __aeabi_idiv0
                0x0800021c                __aeabi_ldiv0
 .text          0x08000220       0x40 c:/ac6/systemworkbench/plugins/fr.ac6.mcu.externaltools.arm-none.win32_1.17.0.201812190825/tools/compiler/bin/../lib/gcc/arm-none-eabi/7.3.1/thumb/v6-m\libgcc.a(_aeabi_uldivmod.o)
                0x08000220                __aeabi_uldivmod
 .text          0x08000260      0x184 c:/ac6/systemworkbench/plugins/fr.ac6.mcu.externaltools.arm-none.win32_1.17.0.201812190825/tools/compiler/bin/../lib/gcc/arm-none-eabi/7.3.1/thumb/v6-m\libgcc.a(_udivmoddi4.o)
                0x08000260                __udivmoddi4
 .text          0x080003e4      0x334 c:/ac6/systemworkbench/plugins/fr.ac6.mcu.externaltools.arm-none.win32_1.17.0.201812190825/tools/compiler/bin/../lib/gcc/arm-none-eabi/7.3.1/thumb/v6-m\libgcc.a(addsf3.o)
                0x080003e4                __aeabi_fadd
 .text          0x08000718      0x224 c:/ac6/systemworkbench/plugins/fr.ac6.mcu.externaltools.arm-none.win32_1.17.0.201812190825/tools/compiler/bin/../lib/gcc/arm-none-eabi/7.3.1/thumb/v6-m\libgcc.a(divsf3.o)
                0x08000718                __aeabi_fdiv
 .text          0x0800093c      0x264 c:/ac6/systemworkbench/plugins/fr.ac6.mcu.externaltools.arm-none.win32_1.17.0.201812190825/tools/compiler/bin/../lib/gcc/arm-none-eabi/7.3.1/thumb/v6-m\libgcc.a(mulsf3.o)
                0x0800093c                __aeabi_fmul
 .text          0x08000ba0      0x388 c:/ac6/systemworkbench/plugins/fr.ac6.mcu.externaltools.arm-none.win32_1.17.0.201812190825/tools/compiler/bin/../lib/gcc/arm-none-eabi/7.3.1/thumb/v6-m\libgcc.a(subsf3.o)
                0x08000ba0                __aeabi_fsub
 .text          0x08000f28       0x40 c:/ac6/systemworkbench/plugins/fr.ac6.mcu.externaltools.arm-none.win32_1.17.0.201812190825/tools/compiler/bin/../lib/gcc/arm-none-eabi/7.3.1/thumb/v6-m\libgcc.a(fixsfsi.o)
                0x08000f28                __aeabi_f2iz
 .text          0x08000f68       0x94 c:/ac6/systemworkbench/plugins/fr.ac6.mcu.externaltools.arm-none.win32_1.17.0.201812190825/tools/compiler/bin/../lib/gcc/arm-none-eabi/7.3.1/thumb/v6-m\libgcc.a(floatsisf.o)
                0x08000f68                __aeabi_i2f
 .text          0x08000ffc       0x3c c:/ac6/systemworkbench/plugins/fr.ac6.mcu.externaltools.arm-none.win32_1.17.0.201812190825/tools/compiler/bin/../lib/gcc/arm-none-eabi/7.3.1/thumb/v6-m\libgcc.a(_clzsi2.o)
                0x08000ffc                __clzsi2
 .text          0x08001038       0x18 c:/ac6/systemworkbench/plugins/fr.ac6.mcu.externaltools.arm-none.win32_1.17.0.201812190825/tools/compiler/bin/../lib/gcc/arm-none-eabi/7.3.1/thumb/v6-m\libgcc.a(_clzdi2.o)
                0x08001038                __clzdi2
 *(.text*)
 .text.HAL_InitTick
                0x08001050       0x30 Drivers/STM32L0xx_HAL_Driver/Src/stm32l0xx_hal.o
                0x08001050                HAL_InitTick
 .text.HAL_Init
                0x08001080       0x28 Drivers/STM32L0xx_HAL_Driver/Src/stm32l0xx_hal.o
                0x08001080                HAL_Init
 .text.HAL_IncTick
                0x080010a8       0x10 Drivers/STM32L0xx_HAL_Driver/Src/stm32l0xx_hal.o
                0x080010a8                HAL_IncTick
 .text.HAL_GetTick
                0x080010b8        0xc Drivers/STM32L0xx_HAL_Driver/Src/stm32l0xx_hal.o
                0x080010b8                HAL_GetTick
 .text.HAL_Delay
                0x080010c4       0x1c Drivers/STM32L0xx_HAL_Driver/Src/stm32l0xx_hal.o
                0x080010c4                HAL_Delay
 .text.HAL_NVIC_SetPriority
                0x080010e0       0x60 Drivers/STM32L0xx_HAL_Driver/Src/stm32l0xx_hal_cortex.o
                0x080010e0                HAL_NVIC_SetPriority
 .text.HAL_NVIC_EnableIRQ
                0x08001140       0x14 Drivers/STM32L0xx_HAL_Driver/Src/stm32l0xx_hal_cortex.o
                0x08001140                HAL_NVIC_EnableIRQ
 .text.HAL_SYSTICK_Config
                0x08001154       0x38 Drivers/STM32L0xx_HAL_Driver/Src/stm32l0xx_hal_cortex.o
                0x08001154                HAL_SYSTICK_Config
 .text.HAL_DMA_Init
                0x0800118c       0x98 Drivers/STM32L0xx_HAL_Driver/Src/stm32l0xx_hal_dma.o
                0x0800118c                HAL_DMA_Init
 .text.HAL_DMA_Abort_IT
                0x08001224       0x4e Drivers/STM32L0xx_HAL_Driver/Src/stm32l0xx_hal_dma.o
                0x08001224                HAL_DMA_Abort_IT
 .text.HAL_DMA_IRQHandler
                0x08001272       0xba Drivers/STM32L0xx_HAL_Driver/Src/stm32l0xx_hal_dma.o
                0x08001272                HAL_DMA_IRQHandler
 .text.HAL_GPIO_Init
                0x0800132c      0x19c Drivers/STM32L0xx_HAL_Driver/Src/stm32l0xx_hal_gpio.o
                0x0800132c                HAL_GPIO_Init
 .text.HAL_GPIO_ReadPin
                0x080014c8        0xe Drivers/STM32L0xx_HAL_Driver/Src/stm32l0xx_hal_gpio.o
                0x080014c8                HAL_GPIO_ReadPin
 .text.HAL_GPIO_WritePin
                0x080014d6        0xc Drivers/STM32L0xx_HAL_Driver/Src/stm32l0xx_hal_gpio.o
                0x080014d6                HAL_GPIO_WritePin
 *fill*         0x080014e2        0x2 
 .text.HAL_GPIO_EXTI_IRQHandler
                0x080014e4       0x1c Drivers/STM32L0xx_HAL_Driver/Src/stm32l0xx_hal_gpio.o
                0x080014e4                HAL_GPIO_EXTI_IRQHandler
 .text.HAL_RCC_GetSysClockFreq
                0x08001500       0xb0 Drivers/STM32L0xx_HAL_Driver/Src/stm32l0xx_hal_rcc.o
                0x08001500                HAL_RCC_GetSysClockFreq
 .text.HAL_RCC_OscConfig
                0x080015b0      0x588 Drivers/STM32L0xx_HAL_Driver/Src/stm32l0xx_hal_rcc.o
                0x080015b0                HAL_RCC_OscConfig
 .text.HAL_RCC_ClockConfig
                0x08001b38      0x1a8 Drivers/STM32L0xx_HAL_Driver/Src/stm32l0xx_hal_rcc.o
                0x08001b38                HAL_RCC_ClockConfig
 .text.HAL_RCC_GetHCLKFreq
                0x08001ce0        0xc Drivers/STM32L0xx_HAL_Driver/Src/stm32l0xx_hal_rcc.o
                0x08001ce0                HAL_RCC_GetHCLKFreq
 .text.HAL_RCC_GetPCLK1Freq
                0x08001cec       0x20 Drivers/STM32L0xx_HAL_Driver/Src/stm32l0xx_hal_rcc.o
                0x08001cec                HAL_RCC_GetPCLK1Freq
 .text.HAL_RCC_GetPCLK2Freq
                0x08001d0c       0x20 Drivers/STM32L0xx_HAL_Driver/Src/stm32l0xx_hal_rcc.o
                0x08001d0c                HAL_RCC_GetPCLK2Freq
 .text.HAL_RCCEx_PeriphCLKConfig
                0x08001d2c      0x210 Drivers/STM32L0xx_HAL_Driver/Src/stm32l0xx_hal_rcc_ex.o
                0x08001d2c                HAL_RCCEx_PeriphCLKConfig
 .text.TIM_Base_SetConfig
                0x08001f3c       0x70 Drivers/STM32L0xx_HAL_Driver/Src/stm32l0xx_hal_tim.o
 .text.TIM_OC1_SetConfig
                0x08001fac       0x2c Drivers/STM32L0xx_HAL_Driver/Src/stm32l0xx_hal_tim.o
 .text.TIM_OC2_SetConfig
                0x08001fd8       0x38 Drivers/STM32L0xx_HAL_Driver/Src/stm32l0xx_hal_tim.o
 .text.TIM_OC3_SetConfig
                0x08002010       0x38 Drivers/STM32L0xx_HAL_Driver/Src/stm32l0xx_hal_tim.o
 .text.TIM_OC4_SetConfig
                0x08002048       0x3c Drivers/STM32L0xx_HAL_Driver/Src/stm32l0xx_hal_tim.o
 .text.TIM_TI1_SetConfig
                0x08002084       0x60 Drivers/STM32L0xx_HAL_Driver/Src/stm32l0xx_hal_tim.o
 .text.TIM_TI1_ConfigInputStage
                0x080020e4       0x22 Drivers/STM32L0xx_HAL_Driver/Src/stm32l0xx_hal_tim.o
 *fill*         0x08002106        0x2 
 .text.TIM_TI2_SetConfig
                0x08002108       0x38 Drivers/STM32L0xx_HAL_Driver/Src/stm32l0xx_hal_tim.o
 .text.TIM_TI2_ConfigInputStage
                0x08002140       0x28 Drivers/STM32L0xx_HAL_Driver/Src/stm32l0xx_hal_tim.o
 .text.TIM_TI3_SetConfig
                0x08002168       0x3c Drivers/STM32L0xx_HAL_Driver/Src/stm32l0xx_hal_tim.o
 .text.TIM_TI4_SetConfig
                0x080021a4       0x44 Drivers/STM32L0xx_HAL_Driver/Src/stm32l0xx_hal_tim.o
 .text.TIM_ITRx_SetConfig
                0x080021e8       0x12 Drivers/STM32L0xx_HAL_Driver/Src/stm32l0xx_hal_tim.o
 *fill*         0x080021fa        0x2 
 .text.TIM_ETR_SetConfig
                0x080021fc       0x18 Drivers/STM32L0xx_HAL_Driver/Src/stm32l0xx_hal_tim.o
 .text.TIM_CCxChannelCmd
                0x08002214       0x1a Drivers/STM32L0xx_HAL_Driver/Src/stm32l0xx_hal_tim.o
 .text.HAL_TIM_Base_Init
                0x0800222e       0x34 Drivers/STM32L0xx_HAL_Driver/Src/stm32l0xx_hal_tim.o
                0x0800222e                HAL_TIM_Base_Init
 .text.HAL_TIM_PWM_MspInit
                0x08002262        0x2 Drivers/STM32L0xx_HAL_Driver/Src/stm32l0xx_hal_tim.o
                0x08002262                HAL_TIM_PWM_MspInit
 .text.HAL_TIM_PWM_Init
                0x08002264       0x34 Drivers/STM32L0xx_HAL_Driver/Src/stm32l0xx_hal_tim.o
                0x08002264                HAL_TIM_PWM_Init
 .text.HAL_TIM_PWM_Start
                0x08002298       0x24 Drivers/STM32L0xx_HAL_Driver/Src/stm32l0xx_hal_tim.o
                0x08002298                HAL_TIM_PWM_Start
 .text.HAL_TIM_IC_MspInit
                0x080022bc        0x2 Drivers/STM32L0xx_HAL_Driver/Src/stm32l0xx_hal_tim.o
                0x080022bc                HAL_TIM_IC_MspInit
 .text.HAL_TIM_IC_Init
                0x080022be       0x34 Drivers/STM32L0xx_HAL_Driver/Src/stm32l0xx_hal_tim.o
                0x080022be                HAL_TIM_IC_Init
 *fill*         0x080022f2        0x2 
 .text.HAL_TIM_IC_ConfigChannel
                0x080022f4       0xc8 Drivers/STM32L0xx_HAL_Driver/Src/stm32l0xx_hal_tim.o
                0x080022f4                HAL_TIM_IC_ConfigChannel
 .text.HAL_TIM_PWM_ConfigChannel
                0x080023bc       0xec Drivers/STM32L0xx_HAL_Driver/Src/stm32l0xx_hal_tim.o
                0x080023bc                HAL_TIM_PWM_ConfigChannel
 .text.HAL_TIM_ConfigClockSource
                0x080024a8       0xe4 Drivers/STM32L0xx_HAL_Driver/Src/stm32l0xx_hal_tim.o
                0x080024a8                HAL_TIM_ConfigClockSource
 .text.HAL_TIM_PeriodElapsedCallback
                0x0800258c        0x2 Drivers/STM32L0xx_HAL_Driver/Src/stm32l0xx_hal_tim.o
                0x0800258c                HAL_TIM_PeriodElapsedCallback
 .text.HAL_TIM_OC_DelayElapsedCallback
                0x0800258e        0x2 Drivers/STM32L0xx_HAL_Driver/Src/stm32l0xx_hal_tim.o
                0x0800258e                HAL_TIM_OC_DelayElapsedCallback
 .text.HAL_TIM_IC_CaptureCallback
                0x08002590        0x2 Drivers/STM32L0xx_HAL_Driver/Src/stm32l0xx_hal_tim.o
                0x08002590                HAL_TIM_IC_CaptureCallback
 .text.HAL_TIM_TriggerCallback
                0x08002592        0x2 Drivers/STM32L0xx_HAL_Driver/Src/stm32l0xx_hal_tim.o
                0x08002592                HAL_TIM_TriggerCallback
 .text.HAL_TIM_IRQHandler
                0x08002594      0x122 Drivers/STM32L0xx_HAL_Driver/Src/stm32l0xx_hal_tim.o
                0x08002594                HAL_TIM_IRQHandler
 .text.HAL_TIMEx_MasterConfigSynchronization
                0x080026b6       0x46 Drivers/STM32L0xx_HAL_Driver/Src/stm32l0xx_hal_tim_ex.o
                0x080026b6                HAL_TIMEx_MasterConfigSynchronization
 .text.HAL_TIMEx_RemapConfig
                0x080026fc       0x1a Drivers/STM32L0xx_HAL_Driver/Src/stm32l0xx_hal_tim_ex.o
                0x080026fc                HAL_TIMEx_RemapConfig
 *fill*         0x08002716        0x2 
 .text.UART_EndRxTransfer
                0x08002718       0x24 Drivers/STM32L0xx_HAL_Driver/Src/stm32l0xx_hal_uart.o
 .text.UART_TxISR_8BIT
                0x0800273c       0x42 Drivers/STM32L0xx_HAL_Driver/Src/stm32l0xx_hal_uart.o
 .text.UART_TxISR_16BIT
                0x0800277e       0x46 Drivers/STM32L0xx_HAL_Driver/Src/stm32l0xx_hal_uart.o
 .text.HAL_UART_Transmit_IT
                0x080027c4       0x90 Drivers/STM32L0xx_HAL_Driver/Src/stm32l0xx_hal_uart.o
                0x080027c4                HAL_UART_Transmit_IT
 .text.HAL_UART_Receive_IT
                0x08002854      0x100 Drivers/STM32L0xx_HAL_Driver/Src/stm32l0xx_hal_uart.o
                0x08002854                HAL_UART_Receive_IT
 .text.HAL_UART_TxCpltCallback
                0x08002954        0x2 Drivers/STM32L0xx_HAL_Driver/Src/stm32l0xx_hal_uart.o
                0x08002954                HAL_UART_TxCpltCallback
 .text.UART_EndTransmit_IT
                0x08002956       0x1a Drivers/STM32L0xx_HAL_Driver/Src/stm32l0xx_hal_uart.o
 .text.HAL_UART_RxCpltCallback
                0x08002970        0x2 Drivers/STM32L0xx_HAL_Driver/Src/stm32l0xx_hal_uart.o
                0x08002970                HAL_UART_RxCpltCallback
 *fill*         0x08002972        0x2 
 .text.UART_RxISR_8BIT
                0x08002974       0x64 Drivers/STM32L0xx_HAL_Driver/Src/stm32l0xx_hal_uart.o
 .text.UART_RxISR_16BIT
                0x080029d8       0x64 Drivers/STM32L0xx_HAL_Driver/Src/stm32l0xx_hal_uart.o
 .text.HAL_UART_ErrorCallback
                0x08002a3c        0x2 Drivers/STM32L0xx_HAL_Driver/Src/stm32l0xx_hal_uart.o
                0x08002a3c                HAL_UART_ErrorCallback
 *fill*         0x08002a3e        0x2 
 .text.HAL_UART_IRQHandler
                0x08002a40      0x144 Drivers/STM32L0xx_HAL_Driver/Src/stm32l0xx_hal_uart.o
                0x08002a40                HAL_UART_IRQHandler
 .text.UART_DMAAbortOnError
                0x08002b84       0x14 Drivers/STM32L0xx_HAL_Driver/Src/stm32l0xx_hal_uart.o
 .text.UART_SetConfig
                0x08002b98      0x384 Drivers/STM32L0xx_HAL_Driver/Src/stm32l0xx_hal_uart.o
                0x08002b98                UART_SetConfig
 .text.UART_AdvFeatureConfig
                0x08002f1c       0xe0 Drivers/STM32L0xx_HAL_Driver/Src/stm32l0xx_hal_uart.o
                0x08002f1c                UART_AdvFeatureConfig
 .text.UART_WaitOnFlagUntilTimeout
                0x08002ffc       0x68 Drivers/STM32L0xx_HAL_Driver/Src/stm32l0xx_hal_uart.o
                0x08002ffc                UART_WaitOnFlagUntilTimeout
 .text.UART_CheckIdleState
                0x08003064       0x6c Drivers/STM32L0xx_HAL_Driver/Src/stm32l0xx_hal_uart.o
                0x08003064                UART_CheckIdleState
 .text.HAL_UART_Init
                0x080030d0       0x6c Drivers/STM32L0xx_HAL_Driver/Src/stm32l0xx_hal_uart.o
                0x080030d0                HAL_UART_Init
 .text.HAL_UARTEx_WakeupCallback
                0x0800313c        0x2 Drivers/STM32L0xx_HAL_Driver/Src/stm32l0xx_hal_uart_ex.o
                0x0800313c                HAL_UARTEx_WakeupCallback
 *fill*         0x0800313e        0x2 
 .text.get_bluetooth
                0x08003140        0xc Src/Bluetooth.o
                0x08003140                get_bluetooth
 .text.start_bluetooth
                0x0800314c       0x2c Src/Bluetooth.o
                0x0800314c                start_bluetooth
 .text.interupt_bluetooth_return
                0x08003178        0x8 Src/Bluetooth.o
                0x08003178                interupt_bluetooth_return
 .text.HAL_GPIO_EXTI_Callback
                0x08003180       0xdc Src/External_interupt.o
                0x08003180                HAL_GPIO_EXTI_Callback
 .text.init_Step
                0x0800325c       0x1c Src/Step_eng.o
                0x0800325c                init_Step
 .text.HAL_TIM_PWM_PulseFinishedCallback
                0x08003278       0x64 Src/Ultrasound.o
                0x08003278                HAL_TIM_PWM_PulseFinishedCallback
 .text.init_ultrasound
                0x080032dc       0x40 Src/Ultrasound.o
                0x080032dc                init_ultrasound
 .text.get_ultrasound1_dist
                0x0800331c        0xc Src/Ultrasound.o
                0x0800331c                get_ultrasound1_dist
 .text.MX_GPIO_Init
                0x08003328       0xe0 Src/main.o
 .text.MX_DMA_Init
                0x08003408       0x30 Src/main.o
 .text.MX_TIM6_Init
                0x08003438       0x48 Src/main.o
 .text.MX_TIM3_Init
                0x08003480       0xb0 Src/main.o
 .text.MX_TIM22_Init
                0x08003530       0x94 Src/main.o
 .text.MX_USART1_UART_Init
                0x080035c4       0x30 Src/main.o
 .text.MX_TIM2_Init
                0x080035f4       0x80 Src/main.o
 .text.SystemClock_Config
                0x08003674       0x84 Src/main.o
                0x08003674                SystemClock_Config
 .text.main     0x080036f8       0xf8 Src/main.o
                0x080036f8                main
 .text.Error_Handler
                0x080037f0        0x2 Src/main.o
                0x080037f0                Error_Handler
 *fill*         0x080037f2        0x2 
 .text.start_motor_control
                0x080037f4       0x70 Src/motorcontrol.o
                0x080037f4                start_motor_control
 .text.set_motor_speed
                0x08003864       0xa8 Src/motorcontrol.o
                0x08003864                set_motor_speed
 .text.set_speed
                0x0800390c       0x18 Src/motorcontrol.o
                0x0800390c                set_speed
 .text.saturation
                0x08003924       0x18 Src/motorcontrol.o
                0x08003924                saturation
 .text.PID_regularor
                0x0800393c      0x11c Src/motorcontrol.o
                0x0800393c                PID_regularor
 .text.init_PID
                0x08003a58       0x5c Src/motorcontrol.o
                0x08003a58                init_PID
 .text.start_encoder
                0x08003ab4       0x14 Src/motorcontrol.o
                0x08003ab4                start_encoder
 .text.reset_distance
                0x08003ac8       0x14 Src/motorcontrol.o
                0x08003ac8                reset_distance
 .text.distance_traveled
                0x08003adc       0x24 Src/motorcontrol.o
                0x08003adc                distance_traveled
 .text.HAL_MspInit
                0x08003b00       0x1c Src/stm32l0xx_hal_msp.o
                0x08003b00                HAL_MspInit
 .text.HAL_TIM_Base_MspInit
                0x08003b1c       0xc4 Src/stm32l0xx_hal_msp.o
                0x08003b1c                HAL_TIM_Base_MspInit
 .text.HAL_TIM_MspPostInit
                0x08003be0       0xa8 Src/stm32l0xx_hal_msp.o
                0x08003be0                HAL_TIM_MspPostInit
 .text.HAL_UART_MspInit
                0x08003c88       0xe0 Src/stm32l0xx_hal_msp.o
                0x08003c88                HAL_UART_MspInit
 .text.NMI_Handler
                0x08003d68        0x2 Src/stm32l0xx_it.o
                0x08003d68                NMI_Handler
 .text.HardFault_Handler
                0x08003d6a        0x2 Src/stm32l0xx_it.o
                0x08003d6a                HardFault_Handler
 .text.SVC_Handler
                0x08003d6c        0x2 Src/stm32l0xx_it.o
                0x08003d6c                SVC_Handler
 .text.PendSV_Handler
                0x08003d6e        0x2 Src/stm32l0xx_it.o
                0x08003d6e                PendSV_Handler
 .text.SysTick_Handler
                0x08003d70        0x8 Src/stm32l0xx_it.o
                0x08003d70                SysTick_Handler
 .text.EXTI4_15_IRQHandler
                0x08003d78       0x48 Src/stm32l0xx_it.o
                0x08003d78                EXTI4_15_IRQHandler
 .text.DMA1_Channel2_3_IRQHandler
                0x08003dc0       0x18 Src/stm32l0xx_it.o
                0x08003dc0                DMA1_Channel2_3_IRQHandler
 .text.TIM3_IRQHandler
                0x08003dd8       0x10 Src/stm32l0xx_it.o
                0x08003dd8                TIM3_IRQHandler
 .text.TIM6_DAC_IRQHandler
                0x08003de8       0x10 Src/stm32l0xx_it.o
                0x08003de8                TIM6_DAC_IRQHandler
 .text.TIM22_IRQHandler
                0x08003df8       0x10 Src/stm32l0xx_it.o
                0x08003df8                TIM22_IRQHandler
 .text.USART1_IRQHandler
                0x08003e08       0x20 Src/stm32l0xx_it.o
                0x08003e08                USART1_IRQHandler
 .text.SystemInit
                0x08003e28       0x5c Src/system_stm32l0xx.o
                0x08003e28                SystemInit
 .text.Reset_Handler
                0x08003e84       0x50 startup/startup_stm32l073xx.o
                0x08003e84                Reset_Handler
 .text.Default_Handler
                0x08003ed4        0x2 startup/startup_stm32l073xx.o
                0x08003ed4                TSC_IRQHandler
                0x08003ed4                ADC1_COMP_IRQHandler
                0x08003ed4                PVD_IRQHandler
                0x08003ed4                I2C1_IRQHandler
                0x08003ed4                RCC_CRS_IRQHandler
                0x08003ed4                SPI1_IRQHandler
                0x08003ed4                EXTI2_3_IRQHandler
                0x08003ed4                I2C2_IRQHandler
                0x08003ed4                RTC_IRQHandler
                0x08003ed4                LCD_IRQHandler
                0x08003ed4                DMA1_Channel4_5_6_7_IRQHandler
                0x08003ed4                DMA1_Channel1_IRQHandler
                0x08003ed4                USART4_5_IRQHandler
                0x08003ed4                Default_Handler
                0x08003ed4                TIM7_IRQHandler
                0x08003ed4                EXTI0_1_IRQHandler
                0x08003ed4                USB_IRQHandler
                0x08003ed4                I2C3_IRQHandler
                0x08003ed4                SPI2_IRQHandler
                0x08003ed4                TIM21_IRQHandler
                0x08003ed4                WWDG_IRQHandler
                0x08003ed4                TIM2_IRQHandler
                0x08003ed4                USART2_IRQHandler
                0x08003ed4                FLASH_IRQHandler
                0x08003ed4                RNG_LPUART1_IRQHandler
                0x08003ed4                LPTIM1_IRQHandler
 *fill*         0x08003ed6        0x2 
 .text.__libc_init_array
                0x08003ed8       0x48 c:/ac6/systemworkbench/plugins/fr.ac6.mcu.externaltools.arm-none.win32_1.17.0.201812190825/tools/compiler/bin/../lib/gcc/arm-none-eabi/7.3.1/../../../../arm-none-eabi/lib/thumb/v6-m\libc_nano.a(lib_a-init.o)
                0x08003ed8                __libc_init_array
 .text.memset   0x08003f20       0x10 c:/ac6/systemworkbench/plugins/fr.ac6.mcu.externaltools.arm-none.win32_1.17.0.201812190825/tools/compiler/bin/../lib/gcc/arm-none-eabi/7.3.1/../../../../arm-none-eabi/lib/thumb/v6-m\libc_nano.a(lib_a-memset.o)
                0x08003f20                memset
 *(.glue_7)
 .glue_7        0x08003f30        0x0 linker stubs
 *(.glue_7t)
 .glue_7t       0x08003f30        0x0 linker stubs
 *(.eh_frame)
 .eh_frame      0x08003f30        0x0 c:/ac6/systemworkbench/plugins/fr.ac6.mcu.externaltools.arm-none.win32_1.17.0.201812190825/tools/compiler/bin/../lib/gcc/arm-none-eabi/7.3.1/thumb/v6-m/crtbegin.o
 *(.init)
 .init          0x08003f30        0x4 c:/ac6/systemworkbench/plugins/fr.ac6.mcu.externaltools.arm-none.win32_1.17.0.201812190825/tools/compiler/bin/../lib/gcc/arm-none-eabi/7.3.1/thumb/v6-m/crti.o
                0x08003f30                _init
 .init          0x08003f34        0x8 c:/ac6/systemworkbench/plugins/fr.ac6.mcu.externaltools.arm-none.win32_1.17.0.201812190825/tools/compiler/bin/../lib/gcc/arm-none-eabi/7.3.1/thumb/v6-m/crtn.o
 *(.fini)
 .fini          0x08003f3c        0x4 c:/ac6/systemworkbench/plugins/fr.ac6.mcu.externaltools.arm-none.win32_1.17.0.201812190825/tools/compiler/bin/../lib/gcc/arm-none-eabi/7.3.1/thumb/v6-m/crti.o
                0x08003f3c                _fini
 .fini          0x08003f40        0x8 c:/ac6/systemworkbench/plugins/fr.ac6.mcu.externaltools.arm-none.win32_1.17.0.201812190825/tools/compiler/bin/../lib/gcc/arm-none-eabi/7.3.1/thumb/v6-m/crtn.o
                0x08003f48                . = ALIGN (0x4)
                0x08003f48                _etext = .

.vfp11_veneer   0x08003f48        0x0
 .vfp11_veneer  0x08003f48        0x0 linker stubs

.v4_bx          0x08003f48        0x0
 .v4_bx         0x08003f48        0x0 linker stubs

.iplt           0x08003f48        0x0
 .iplt          0x08003f48        0x0 c:/ac6/systemworkbench/plugins/fr.ac6.mcu.externaltools.arm-none.win32_1.17.0.201812190825/tools/compiler/bin/../lib/gcc/arm-none-eabi/7.3.1/thumb/v6-m/crtbegin.o

.rodata         0x08003f48      0x12c
                0x08003f48                . = ALIGN (0x4)
 *(.rodata)
 .rodata        0x08003f48       0x48 Drivers/STM32L0xx_HAL_Driver/Src/stm32l0xx_hal_uart.o
 .rodata        0x08003f90       0x24 Src/system_stm32l0xx.o
                0x08003f90                PLLMulTable
                0x08003f9c                AHBPrescTable
                0x08003fac                APBPrescTable
 .rodata        0x08003fb4       0x80 c:/ac6/systemworkbench/plugins/fr.ac6.mcu.externaltools.arm-none.win32_1.17.0.201812190825/tools/compiler/bin/../lib/gcc/arm-none-eabi/7.3.1/thumb/v6-m\libgcc.a(divsf3.o)
 .rodata        0x08004034       0x40 c:/ac6/systemworkbench/plugins/fr.ac6.mcu.externaltools.arm-none.win32_1.17.0.201812190825/tools/compiler/bin/../lib/gcc/arm-none-eabi/7.3.1/thumb/v6-m\libgcc.a(mulsf3.o)
 *(.rodata*)
                0x08004074                . = ALIGN (0x4)

.ARM.extab
 *(.ARM.extab* .gnu.linkonce.armextab.*)

.ARM            0x08004074        0x8
                0x08004074                __exidx_start = .
 *(.ARM.exidx*)
 .ARM.exidx     0x08004074        0x8 c:/ac6/systemworkbench/plugins/fr.ac6.mcu.externaltools.arm-none.win32_1.17.0.201812190825/tools/compiler/bin/../lib/gcc/arm-none-eabi/7.3.1/thumb/v6-m\libgcc.a(_udivmoddi4.o)
                0x0800407c                __exidx_end = .

.rel.dyn        0x0800407c        0x0
 .rel.iplt      0x0800407c        0x0 c:/ac6/systemworkbench/plugins/fr.ac6.mcu.externaltools.arm-none.win32_1.17.0.201812190825/tools/compiler/bin/../lib/gcc/arm-none-eabi/7.3.1/thumb/v6-m/crtbegin.o

.preinit_array  0x0800407c        0x0
                0x0800407c                PROVIDE (__preinit_array_start = .)
 *(.preinit_array*)
                0x0800407c                PROVIDE (__preinit_array_end = .)

.init_array     0x0800407c        0x4
                0x0800407c                PROVIDE (__init_array_start = .)
 *(SORT_BY_NAME(.init_array.*))
 *(.init_array*)
 .init_array    0x0800407c        0x4 c:/ac6/systemworkbench/plugins/fr.ac6.mcu.externaltools.arm-none.win32_1.17.0.201812190825/tools/compiler/bin/../lib/gcc/arm-none-eabi/7.3.1/thumb/v6-m/crtbegin.o
                0x08004080                PROVIDE (__init_array_end = .)

.fini_array     0x08004080        0x4
                [!provide]                PROVIDE (__fini_array_start = .)
 *(SORT_BY_NAME(.fini_array.*))
 *(.fini_array*)
 .fini_array    0x08004080        0x4 c:/ac6/systemworkbench/plugins/fr.ac6.mcu.externaltools.arm-none.win32_1.17.0.201812190825/tools/compiler/bin/../lib/gcc/arm-none-eabi/7.3.1/thumb/v6-m/crtbegin.o
                [!provide]                PROVIDE (__fini_array_end = .)
                0x08004084                _sidata = LOADADDR (.data)

.data           0x20000000        0x4 load address 0x08004084
                0x20000000                . = ALIGN (0x4)
                0x20000000                _sdata = .
 *(.data)
 .data          0x20000000        0x4 Src/system_stm32l0xx.o
                0x20000000                SystemCoreClock
 *(.data*)
                0x20000004                . = ALIGN (0x4)
                0x20000004                _edata = .

.igot.plt       0x20000004        0x0 load address 0x08004088
 .igot.plt      0x20000004        0x0 c:/ac6/systemworkbench/plugins/fr.ac6.mcu.externaltools.arm-none.win32_1.17.0.201812190825/tools/compiler/bin/../lib/gcc/arm-none-eabi/7.3.1/thumb/v6-m/crtbegin.o
                0x20000004                . = ALIGN (0x4)

.bss            0x20000004      0x2a4 load address 0x08004088
                0x20000004                _sbss = .
                0x20000004                __bss_start__ = _sbss
 *(.bss)
 .bss           0x20000004       0x1c c:/ac6/systemworkbench/plugins/fr.ac6.mcu.externaltools.arm-none.win32_1.17.0.201812190825/tools/compiler/bin/../lib/gcc/arm-none-eabi/7.3.1/thumb/v6-m/crtbegin.o
 *(.bss*)
 *(COMMON)
 COMMON         0x20000020        0x4 Drivers/STM32L0xx_HAL_Driver/Src/stm32l0xx_hal.o
                0x20000020                uwTick
 COMMON         0x20000024        0x1 Src/Bluetooth.o
                0x20000024                bluetooth_memory
 *fill*         0x20000025        0x3 
 COMMON         0x20000028       0x70 Src/External_interupt.o
                0x20000028                Derivate
                0x2000002c                speed4
                0x2000002e                logic1
                0x2000002f                b
                0x20000030                response
                0x20000034                speed2
                0x20000038                timer
                0x2000003c                TIM_ultrasound
                0x20000040                Ki
                0x20000044                otacky1
                0x20000048                LastError
                0x2000004c                pow1
                0x20000050                set_speed_rigth
                0x20000054                otacky2
                0x20000058                chan1
                0x2000005c                distance1
                0x20000060                speed3
                0x20000064                Turn
                0x20000068                set_speed_left
                0x2000006c                distance2
                0x20000070                dist2
                0x20000074                Kd
                0x20000078                dist1
                0x2000007c                logic2
                0x20000080                error
                0x20000084                Integral
                0x20000088                Kp
                0x2000008c                speed1
                0x2000008e                a
                0x20000090                chan2
                0x20000094                pow2
 COMMON         0x20000098       0x10 Src/Step_eng.o
                0x20000098                direction
                0x2000009c                Overall_poss
                0x200000a0                step_poss
                0x200000a4                timeout
 COMMON         0x200000a8      0x200 Src/main.o
                0x200000a8                htim3
                0x200000e4                hdma_usart1_tx
                0x2000012c                hdma_usart1_rx
                0x20000174                htim22
                0x200001b0                huart1
                0x20000230                htim6
                0x2000026c                htim2
                0x200002a8                . = ALIGN (0x4)
                0x200002a8                _ebss = .
                0x200002a8                __bss_end__ = _ebss

._user_heap_stack
                0x200002a8      0x600 load address 0x08004088
                0x200002a8                . = ALIGN (0x8)
                [!provide]                PROVIDE (end = .)
                [!provide]                PROVIDE (_end = .)
                0x200004a8                . = (. + _Min_Heap_Size)
 *fill*         0x200002a8      0x200 
                0x200008a8                . = (. + _Min_Stack_Size)
 *fill*         0x200004a8      0x400 
                0x200008a8                . = ALIGN (0x8)

/DISCARD/
 libc.a(*)
 libm.a(*)
 libgcc.a(*)

.ARM.attributes
                0x00000000       0x28
 *(.ARM.attributes)
 .ARM.attributes
                0x00000000       0x1e c:/ac6/systemworkbench/plugins/fr.ac6.mcu.externaltools.arm-none.win32_1.17.0.201812190825/tools/compiler/bin/../lib/gcc/arm-none-eabi/7.3.1/thumb/v6-m/crti.o
 .ARM.attributes
                0x0000001e       0x2c c:/ac6/systemworkbench/plugins/fr.ac6.mcu.externaltools.arm-none.win32_1.17.0.201812190825/tools/compiler/bin/../lib/gcc/arm-none-eabi/7.3.1/thumb/v6-m/crtbegin.o
 .ARM.attributes
                0x0000004a       0x32 Drivers/STM32L0xx_HAL_Driver/Src/stm32l0xx_hal.o
 .ARM.attributes
                0x0000007c       0x32 Drivers/STM32L0xx_HAL_Driver/Src/stm32l0xx_hal_cortex.o
 .ARM.attributes
                0x000000ae       0x32 Drivers/STM32L0xx_HAL_Driver/Src/stm32l0xx_hal_dma.o
 .ARM.attributes
                0x000000e0       0x32 Drivers/STM32L0xx_HAL_Driver/Src/stm32l0xx_hal_gpio.o
 .ARM.attributes
                0x00000112       0x32 Drivers/STM32L0xx_HAL_Driver/Src/stm32l0xx_hal_rcc.o
 .ARM.attributes
                0x00000144       0x32 Drivers/STM32L0xx_HAL_Driver/Src/stm32l0xx_hal_rcc_ex.o
 .ARM.attributes
                0x00000176       0x32 Drivers/STM32L0xx_HAL_Driver/Src/stm32l0xx_hal_tim.o
 .ARM.attributes
                0x000001a8       0x32 Drivers/STM32L0xx_HAL_Driver/Src/stm32l0xx_hal_tim_ex.o
 .ARM.attributes
                0x000001da       0x32 Drivers/STM32L0xx_HAL_Driver/Src/stm32l0xx_hal_uart.o
 .ARM.attributes
                0x0000020c       0x32 Drivers/STM32L0xx_HAL_Driver/Src/stm32l0xx_hal_uart_ex.o
 .ARM.attributes
                0x0000023e       0x32 Src/Bluetooth.o
 .ARM.attributes
                0x00000270       0x32 Src/External_interupt.o
 .ARM.attributes
                0x000002a2       0x32 Src/Step_eng.o
 .ARM.attributes
                0x000002d4       0x32 Src/Ultrasound.o
 .ARM.attributes
                0x00000306       0x32 Src/main.o
 .ARM.attributes
                0x00000338       0x32 Src/motorcontrol.o
 .ARM.attributes
                0x0000036a       0x32 Src/stm32l0xx_hal_msp.o
 .ARM.attributes
                0x0000039c       0x32 Src/stm32l0xx_it.o
 .ARM.attributes
                0x000003ce       0x32 Src/system_stm32l0xx.o
 .ARM.attributes
                0x00000400       0x22 startup/startup_stm32l073xx.o
 .ARM.attributes
                0x00000422       0x1e c:/ac6/systemworkbench/plugins/fr.ac6.mcu.externaltools.arm-none.win32_1.17.0.201812190825/tools/compiler/bin/../lib/gcc/arm-none-eabi/7.3.1/thumb/v6-m\libgcc.a(_udivsi3.o)
 .ARM.attributes
                0x00000440       0x1e c:/ac6/systemworkbench/plugins/fr.ac6.mcu.externaltools.arm-none.win32_1.17.0.201812190825/tools/compiler/bin/../lib/gcc/arm-none-eabi/7.3.1/thumb/v6-m\libgcc.a(_dvmd_tls.o)
 .ARM.attributes
                0x0000045e       0x1e c:/ac6/systemworkbench/plugins/fr.ac6.mcu.externaltools.arm-none.win32_1.17.0.201812190825/tools/compiler/bin/../lib/gcc/arm-none-eabi/7.3.1/thumb/v6-m\libgcc.a(_aeabi_uldivmod.o)
 .ARM.attributes
                0x0000047c       0x2c c:/ac6/systemworkbench/plugins/fr.ac6.mcu.externaltools.arm-none.win32_1.17.0.201812190825/tools/compiler/bin/../lib/gcc/arm-none-eabi/7.3.1/thumb/v6-m\libgcc.a(_udivmoddi4.o)
 .ARM.attributes
                0x000004a8       0x2c c:/ac6/systemworkbench/plugins/fr.ac6.mcu.externaltools.arm-none.win32_1.17.0.201812190825/tools/compiler/bin/../lib/gcc/arm-none-eabi/7.3.1/thumb/v6-m\libgcc.a(addsf3.o)
 .ARM.attributes
                0x000004d4       0x2c c:/ac6/systemworkbench/plugins/fr.ac6.mcu.externaltools.arm-none.win32_1.17.0.201812190825/tools/compiler/bin/../lib/gcc/arm-none-eabi/7.3.1/thumb/v6-m\libgcc.a(divsf3.o)
 .ARM.attributes
                0x00000500       0x2c c:/ac6/systemworkbench/plugins/fr.ac6.mcu.externaltools.arm-none.win32_1.17.0.201812190825/tools/compiler/bin/../lib/gcc/arm-none-eabi/7.3.1/thumb/v6-m\libgcc.a(mulsf3.o)
 .ARM.attributes
                0x0000052c       0x2c c:/ac6/systemworkbench/plugins/fr.ac6.mcu.externaltools.arm-none.win32_1.17.0.201812190825/tools/compiler/bin/../lib/gcc/arm-none-eabi/7.3.1/thumb/v6-m\libgcc.a(subsf3.o)
 .ARM.attributes
                0x00000558       0x2c c:/ac6/systemworkbench/plugins/fr.ac6.mcu.externaltools.arm-none.win32_1.17.0.201812190825/tools/compiler/bin/../lib/gcc/arm-none-eabi/7.3.1/thumb/v6-m\libgcc.a(fixsfsi.o)
 .ARM.attributes
                0x00000584       0x2c c:/ac6/systemworkbench/plugins/fr.ac6.mcu.externaltools.arm-none.win32_1.17.0.201812190825/tools/compiler/bin/../lib/gcc/arm-none-eabi/7.3.1/thumb/v6-m\libgcc.a(floatsisf.o)
 .ARM.attributes
                0x000005b0       0x1e c:/ac6/systemworkbench/plugins/fr.ac6.mcu.externaltools.arm-none.win32_1.17.0.201812190825/tools/compiler/bin/../lib/gcc/arm-none-eabi/7.3.1/thumb/v6-m\libgcc.a(_clzsi2.o)
 .ARM.attributes
                0x000005ce       0x1e c:/ac6/systemworkbench/plugins/fr.ac6.mcu.externaltools.arm-none.win32_1.17.0.201812190825/tools/compiler/bin/../lib/gcc/arm-none-eabi/7.3.1/thumb/v6-m\libgcc.a(_clzdi2.o)
 .ARM.attributes
                0x000005ec       0x2c c:/ac6/systemworkbench/plugins/fr.ac6.mcu.externaltools.arm-none.win32_1.17.0.201812190825/tools/compiler/bin/../lib/gcc/arm-none-eabi/7.3.1/../../../../arm-none-eabi/lib/thumb/v6-m\libc_nano.a(lib_a-init.o)
 .ARM.attributes
                0x00000618       0x2c c:/ac6/systemworkbench/plugins/fr.ac6.mcu.externaltools.arm-none.win32_1.17.0.201812190825/tools/compiler/bin/../lib/gcc/arm-none-eabi/7.3.1/../../../../arm-none-eabi/lib/thumb/v6-m\libc_nano.a(lib_a-memset.o)
 .ARM.attributes
                0x00000644       0x1e c:/ac6/systemworkbench/plugins/fr.ac6.mcu.externaltools.arm-none.win32_1.17.0.201812190825/tools/compiler/bin/../lib/gcc/arm-none-eabi/7.3.1/thumb/v6-m/crtn.o
OUTPUT(Pokus.elf elf32-littlearm)

.debug_info     0x00000000     0xf5a3
 .debug_info    0x00000000      0x86d Drivers/STM32L0xx_HAL_Driver/Src/stm32l0xx_hal.o
 .debug_info    0x0000086d      0x995 Drivers/STM32L0xx_HAL_Driver/Src/stm32l0xx_hal_cortex.o
 .debug_info    0x00001202      0x817 Drivers/STM32L0xx_HAL_Driver/Src/stm32l0xx_hal_dma.o
 .debug_info    0x00001a19      0x6d4 Drivers/STM32L0xx_HAL_Driver/Src/stm32l0xx_hal_gpio.o
 .debug_info    0x000020ed      0xc54 Drivers/STM32L0xx_HAL_Driver/Src/stm32l0xx_hal_rcc.o
 .debug_info    0x00002d41      0x92f Drivers/STM32L0xx_HAL_Driver/Src/stm32l0xx_hal_rcc_ex.o
 .debug_info    0x00003670     0x300b Drivers/STM32L0xx_HAL_Driver/Src/stm32l0xx_hal_tim.o
 .debug_info    0x0000667b      0x68b Drivers/STM32L0xx_HAL_Driver/Src/stm32l0xx_hal_tim_ex.o
 .debug_info    0x00006d06     0x1b21 Drivers/STM32L0xx_HAL_Driver/Src/stm32l0xx_hal_uart.o
 .debug_info    0x00008827      0x980 Drivers/STM32L0xx_HAL_Driver/Src/stm32l0xx_hal_uart_ex.o
 .debug_info    0x000091a7      0x712 Src/Bluetooth.o
 .debug_info    0x000098b9      0x95c Src/External_interupt.o
 .debug_info    0x0000a215      0x700 Src/Step_eng.o
 .debug_info    0x0000a915      0x6a3 Src/Ultrasound.o
 .debug_info    0x0000afb8     0x1d35 Src/main.o
 .debug_info    0x0000cced      0x9de Src/motorcontrol.o
 .debug_info    0x0000d6cb     0x1007 Src/stm32l0xx_hal_msp.o
 .debug_info    0x0000e6d2      0xb1a Src/stm32l0xx_it.o
 .debug_info    0x0000f1ec      0x395 Src/system_stm32l0xx.o
 .debug_info    0x0000f581       0x22 startup/startup_stm32l073xx.o

.debug_abbrev   0x00000000     0x256e
 .debug_abbrev  0x00000000      0x236 Drivers/STM32L0xx_HAL_Driver/Src/stm32l0xx_hal.o
 .debug_abbrev  0x00000236      0x24c Drivers/STM32L0xx_HAL_Driver/Src/stm32l0xx_hal_cortex.o
 .debug_abbrev  0x00000482      0x1fb Drivers/STM32L0xx_HAL_Driver/Src/stm32l0xx_hal_dma.o
 .debug_abbrev  0x0000067d      0x1cf Drivers/STM32L0xx_HAL_Driver/Src/stm32l0xx_hal_gpio.o
 .debug_abbrev  0x0000084c      0x27b Drivers/STM32L0xx_HAL_Driver/Src/stm32l0xx_hal_rcc.o
 .debug_abbrev  0x00000ac7      0x1ff Drivers/STM32L0xx_HAL_Driver/Src/stm32l0xx_hal_rcc_ex.o
 .debug_abbrev  0x00000cc6      0x224 Drivers/STM32L0xx_HAL_Driver/Src/stm32l0xx_hal_tim.o
 .debug_abbrev  0x00000eea      0x1ab Drivers/STM32L0xx_HAL_Driver/Src/stm32l0xx_hal_tim_ex.o
 .debug_abbrev  0x00001095      0x25c Drivers/STM32L0xx_HAL_Driver/Src/stm32l0xx_hal_uart.o
 .debug_abbrev  0x000012f1      0x235 Drivers/STM32L0xx_HAL_Driver/Src/stm32l0xx_hal_uart_ex.o
 .debug_abbrev  0x00001526      0x1b1 Src/Bluetooth.o
 .debug_abbrev  0x000016d7      0x1a8 Src/External_interupt.o
 .debug_abbrev  0x0000187f      0x151 Src/Step_eng.o
 .debug_abbrev  0x000019d0      0x1c0 Src/Ultrasound.o
 .debug_abbrev  0x00001b90      0x2b9 Src/main.o
 .debug_abbrev  0x00001e49      0x217 Src/motorcontrol.o
 .debug_abbrev  0x00002060      0x228 Src/stm32l0xx_hal_msp.o
 .debug_abbrev  0x00002288      0x1c3 Src/stm32l0xx_it.o
 .debug_abbrev  0x0000244b      0x111 Src/system_stm32l0xx.o
 .debug_abbrev  0x0000255c       0x12 startup/startup_stm32l073xx.o

.debug_loc      0x00000000     0x7de9
 .debug_loc     0x00000000      0x12c Drivers/STM32L0xx_HAL_Driver/Src/stm32l0xx_hal.o
 .debug_loc     0x0000012c      0x3b4 Drivers/STM32L0xx_HAL_Driver/Src/stm32l0xx_hal_cortex.o
 .debug_loc     0x000004e0      0x7a6 Drivers/STM32L0xx_HAL_Driver/Src/stm32l0xx_hal_dma.o
 .debug_loc     0x00000c86      0x2d1 Drivers/STM32L0xx_HAL_Driver/Src/stm32l0xx_hal_gpio.o
 .debug_loc     0x00000f57      0x58c Drivers/STM32L0xx_HAL_Driver/Src/stm32l0xx_hal_rcc.o
 .debug_loc     0x000014e3      0xad1 Drivers/STM32L0xx_HAL_Driver/Src/stm32l0xx_hal_rcc_ex.o
 .debug_loc     0x00001fb4     0x3954 Drivers/STM32L0xx_HAL_Driver/Src/stm32l0xx_hal_tim.o
 .debug_loc     0x00005908       0xc7 Drivers/STM32L0xx_HAL_Driver/Src/stm32l0xx_hal_tim_ex.o
 .debug_loc     0x000059cf     0x1b0f Drivers/STM32L0xx_HAL_Driver/Src/stm32l0xx_hal_uart.o
 .debug_loc     0x000074de      0x34c Drivers/STM32L0xx_HAL_Driver/Src/stm32l0xx_hal_uart_ex.o
 .debug_loc     0x0000782a       0x2c Src/Bluetooth.o
 .debug_loc     0x00007856       0x3a Src/External_interupt.o
 .debug_loc     0x00007890       0x2d Src/Ultrasound.o
 .debug_loc     0x000078bd       0x2a Src/main.o
 .debug_loc     0x000078e7      0x1db Src/motorcontrol.o
 .debug_loc     0x00007ac2      0x185 Src/stm32l0xx_hal_msp.o
 .debug_loc     0x00007c47      0x1a2 Src/system_stm32l0xx.o

.debug_aranges  0x00000000      0xc38
 .debug_aranges
                0x00000000       0xf8 Drivers/STM32L0xx_HAL_Driver/Src/stm32l0xx_hal.o
 .debug_aranges
                0x000000f8       0x90 Drivers/STM32L0xx_HAL_Driver/Src/stm32l0xx_hal_cortex.o
 .debug_aranges
                0x00000188       0x80 Drivers/STM32L0xx_HAL_Driver/Src/stm32l0xx_hal_dma.o
 .debug_aranges
                0x00000208       0x58 Drivers/STM32L0xx_HAL_Driver/Src/stm32l0xx_hal_gpio.o
 .debug_aranges
                0x00000260       0x80 Drivers/STM32L0xx_HAL_Driver/Src/stm32l0xx_hal_rcc.o
 .debug_aranges
                0x000002e0       0xb0 Drivers/STM32L0xx_HAL_Driver/Src/stm32l0xx_hal_rcc_ex.o
 .debug_aranges
                0x00000390      0x3a8 Drivers/STM32L0xx_HAL_Driver/Src/stm32l0xx_hal_tim.o
 .debug_aranges
                0x00000738       0x28 Drivers/STM32L0xx_HAL_Driver/Src/stm32l0xx_hal_tim_ex.o
 .debug_aranges
                0x00000760      0x1f8 Drivers/STM32L0xx_HAL_Driver/Src/stm32l0xx_hal_uart.o
 .debug_aranges
                0x00000958       0x60 Drivers/STM32L0xx_HAL_Driver/Src/stm32l0xx_hal_uart_ex.o
 .debug_aranges
                0x000009b8       0x30 Src/Bluetooth.o
 .debug_aranges
                0x000009e8       0x20 Src/External_interupt.o
 .debug_aranges
                0x00000a08       0x28 Src/Step_eng.o
 .debug_aranges
                0x00000a30       0x38 Src/Ultrasound.o
 .debug_aranges
                0x00000a68       0x68 Src/main.o
 .debug_aranges
                0x00000ad0       0x60 Src/motorcontrol.o
 .debug_aranges
                0x00000b30       0x48 Src/stm32l0xx_hal_msp.o
 .debug_aranges
                0x00000b78       0x70 Src/stm32l0xx_it.o
 .debug_aranges
                0x00000be8       0x28 Src/system_stm32l0xx.o
 .debug_aranges
                0x00000c10       0x28 startup/startup_stm32l073xx.o

.debug_ranges   0x00000000      0xba8
 .debug_ranges  0x00000000       0xe8 Drivers/STM32L0xx_HAL_Driver/Src/stm32l0xx_hal.o
 .debug_ranges  0x000000e8       0xc8 Drivers/STM32L0xx_HAL_Driver/Src/stm32l0xx_hal_cortex.o
 .debug_ranges  0x000001b0       0x70 Drivers/STM32L0xx_HAL_Driver/Src/stm32l0xx_hal_dma.o
 .debug_ranges  0x00000220       0x48 Drivers/STM32L0xx_HAL_Driver/Src/stm32l0xx_hal_gpio.o
 .debug_ranges  0x00000268       0xa0 Drivers/STM32L0xx_HAL_Driver/Src/stm32l0xx_hal_rcc.o
 .debug_ranges  0x00000308       0xb8 Drivers/STM32L0xx_HAL_Driver/Src/stm32l0xx_hal_rcc_ex.o
 .debug_ranges  0x000003c0      0x398 Drivers/STM32L0xx_HAL_Driver/Src/stm32l0xx_hal_tim.o
 .debug_ranges  0x00000758       0x18 Drivers/STM32L0xx_HAL_Driver/Src/stm32l0xx_hal_tim_ex.o
 .debug_ranges  0x00000770      0x1e8 Drivers/STM32L0xx_HAL_Driver/Src/stm32l0xx_hal_uart.o
 .debug_ranges  0x00000958       0x50 Drivers/STM32L0xx_HAL_Driver/Src/stm32l0xx_hal_uart_ex.o
 .debug_ranges  0x000009a8       0x20 Src/Bluetooth.o
 .debug_ranges  0x000009c8       0x10 Src/External_interupt.o
 .debug_ranges  0x000009d8       0x18 Src/Step_eng.o
 .debug_ranges  0x000009f0       0x28 Src/Ultrasound.o
 .debug_ranges  0x00000a18       0x70 Src/main.o
 .debug_ranges  0x00000a88       0x50 Src/motorcontrol.o
 .debug_ranges  0x00000ad8       0x38 Src/stm32l0xx_hal_msp.o
 .debug_ranges  0x00000b10       0x60 Src/stm32l0xx_it.o
 .debug_ranges  0x00000b70       0x18 Src/system_stm32l0xx.o
 .debug_ranges  0x00000b88       0x20 startup/startup_stm32l073xx.o

.debug_macro    0x00000000    0x148f7
 .debug_macro   0x00000000      0x1dc Drivers/STM32L0xx_HAL_Driver/Src/stm32l0xx_hal.o
 .debug_macro   0x000001dc      0xa4e Drivers/STM32L0xx_HAL_Driver/Src/stm32l0xx_hal.o
 .debug_macro   0x00000c2a       0xa3 Drivers/STM32L0xx_HAL_Driver/Src/stm32l0xx_hal.o
 .debug_macro   0x00000ccd       0x2e Drivers/STM32L0xx_HAL_Driver/Src/stm32l0xx_hal.o
 .debug_macro   0x00000cfb       0x28 Drivers/STM32L0xx_HAL_Driver/Src/stm32l0xx_hal.o
 .debug_macro   0x00000d23       0x22 Drivers/STM32L0xx_HAL_Driver/Src/stm32l0xx_hal.o
 .debug_macro   0x00000d45       0x8e Drivers/STM32L0xx_HAL_Driver/Src/stm32l0xx_hal.o
 .debug_macro   0x00000dd3       0x51 Drivers/STM32L0xx_HAL_Driver/Src/stm32l0xx_hal.o
 .debug_macro   0x00000e24       0xef Drivers/STM32L0xx_HAL_Driver/Src/stm32l0xx_hal.o
 .debug_macro   0x00000f13       0x6a Drivers/STM32L0xx_HAL_Driver/Src/stm32l0xx_hal.o
 .debug_macro   0x00000f7d      0x1df Drivers/STM32L0xx_HAL_Driver/Src/stm32l0xx_hal.o
 .debug_macro   0x0000115c       0x34 Drivers/STM32L0xx_HAL_Driver/Src/stm32l0xx_hal.o
 .debug_macro   0x00001190       0x26 Drivers/STM32L0xx_HAL_Driver/Src/stm32l0xx_hal.o
 .debug_macro   0x000011b6      0x44f Drivers/STM32L0xx_HAL_Driver/Src/stm32l0xx_hal.o
 .debug_macro   0x00001605     0xa43e Drivers/STM32L0xx_HAL_Driver/Src/stm32l0xx_hal.o
 .debug_macro   0x0000ba43       0x3c Drivers/STM32L0xx_HAL_Driver/Src/stm32l0xx_hal.o
 .debug_macro   0x0000ba7f     0x34ca Drivers/STM32L0xx_HAL_Driver/Src/stm32l0xx_hal.o
 .debug_macro   0x0000ef49      0x174 Drivers/STM32L0xx_HAL_Driver/Src/stm32l0xx_hal.o
 .debug_macro   0x0000f0bd       0x4f Drivers/STM32L0xx_HAL_Driver/Src/stm32l0xx_hal.o
 .debug_macro   0x0000f10c      0x8e4 Drivers/STM32L0xx_HAL_Driver/Src/stm32l0xx_hal.o
 .debug_macro   0x0000f9f0      0xbb4 Drivers/STM32L0xx_HAL_Driver/Src/stm32l0xx_hal.o
 .debug_macro   0x000105a4      0x13f Drivers/STM32L0xx_HAL_Driver/Src/stm32l0xx_hal.o
 .debug_macro   0x000106e3      0x1d1 Drivers/STM32L0xx_HAL_Driver/Src/stm32l0xx_hal.o
 .debug_macro   0x000108b4      0x28e Drivers/STM32L0xx_HAL_Driver/Src/stm32l0xx_hal.o
 .debug_macro   0x00010b42      0x1e9 Drivers/STM32L0xx_HAL_Driver/Src/stm32l0xx_hal.o
 .debug_macro   0x00010d2b      0x13e Drivers/STM32L0xx_HAL_Driver/Src/stm32l0xx_hal.o
 .debug_macro   0x00010e69      0x4b5 Drivers/STM32L0xx_HAL_Driver/Src/stm32l0xx_hal.o
 .debug_macro   0x0001131e      0x22c Drivers/STM32L0xx_HAL_Driver/Src/stm32l0xx_hal.o
 .debug_macro   0x0001154a       0x5b Drivers/STM32L0xx_HAL_Driver/Src/stm32l0xx_hal.o
 .debug_macro   0x000115a5       0xa5 Drivers/STM32L0xx_HAL_Driver/Src/stm32l0xx_hal.o
 .debug_macro   0x0001164a      0x18d Drivers/STM32L0xx_HAL_Driver/Src/stm32l0xx_hal.o
 .debug_macro   0x000117d7       0x16 Drivers/STM32L0xx_HAL_Driver/Src/stm32l0xx_hal.o
 .debug_macro   0x000117ed      0x734 Drivers/STM32L0xx_HAL_Driver/Src/stm32l0xx_hal.o
 .debug_macro   0x00011f21       0xfc Drivers/STM32L0xx_HAL_Driver/Src/stm32l0xx_hal.o
 .debug_macro   0x0001201d      0x57b Drivers/STM32L0xx_HAL_Driver/Src/stm32l0xx_hal.o
 .debug_macro   0x00012598       0x44 Drivers/STM32L0xx_HAL_Driver/Src/stm32l0xx_hal.o
 .debug_macro   0x000125dc      0x199 Drivers/STM32L0xx_HAL_Driver/Src/stm32l0xx_hal.o
 .debug_macro   0x00012775      0x1b8 Drivers/STM32L0xx_HAL_Driver/Src/stm32l0xx_hal_cortex.o
 .debug_macro   0x0001292d      0x1b8 Drivers/STM32L0xx_HAL_Driver/Src/stm32l0xx_hal_dma.o
 .debug_macro   0x00012ae5      0x1f0 Drivers/STM32L0xx_HAL_Driver/Src/stm32l0xx_hal_gpio.o
 .debug_macro   0x00012cd5      0x1ee Drivers/STM32L0xx_HAL_Driver/Src/stm32l0xx_hal_rcc.o
 .debug_macro   0x00012ec3      0x1b8 Drivers/STM32L0xx_HAL_Driver/Src/stm32l0xx_hal_rcc_ex.o
 .debug_macro   0x0001307b      0x1b9 Drivers/STM32L0xx_HAL_Driver/Src/stm32l0xx_hal_tim.o
 .debug_macro   0x00013234      0x1b8 Drivers/STM32L0xx_HAL_Driver/Src/stm32l0xx_hal_tim_ex.o
 .debug_macro   0x000133ec      0x1e3 Drivers/STM32L0xx_HAL_Driver/Src/stm32l0xx_hal_uart.o
 .debug_macro   0x000135cf      0x1b8 Drivers/STM32L0xx_HAL_Driver/Src/stm32l0xx_hal_uart_ex.o
 .debug_macro   0x00013787      0x1d1 Src/Bluetooth.o
 .debug_macro   0x00013958      0x100 Src/Bluetooth.o
 .debug_macro   0x00013a58      0x1df Src/External_interupt.o
 .debug_macro   0x00013c37      0x1d1 Src/Step_eng.o
 .debug_macro   0x00013e08      0x1d1 Src/Ultrasound.o
 .debug_macro   0x00013fd9      0x1f3 Src/main.o
 .debug_macro   0x000141cc      0x1d5 Src/motorcontrol.o
 .debug_macro   0x000143a1      0x1c7 Src/stm32l0xx_hal_msp.o
 .debug_macro   0x00014568      0x1d1 Src/stm32l0xx_it.o
 .debug_macro   0x00014739      0x1be Src/system_stm32l0xx.o

.debug_line     0x00000000     0xaf20
 .debug_line    0x00000000      0x8b6 Drivers/STM32L0xx_HAL_Driver/Src/stm32l0xx_hal.o
 .debug_line    0x000008b6      0x87a Drivers/STM32L0xx_HAL_Driver/Src/stm32l0xx_hal_cortex.o
 .debug_line    0x00001130      0x8e7 Drivers/STM32L0xx_HAL_Driver/Src/stm32l0xx_hal_dma.o
 .debug_line    0x00001a17      0x808 Drivers/STM32L0xx_HAL_Driver/Src/stm32l0xx_hal_gpio.o
 .debug_line    0x0000221f      0x9b4 Drivers/STM32L0xx_HAL_Driver/Src/stm32l0xx_hal_rcc.o
 .debug_line    0x00002bd3      0x9f6 Drivers/STM32L0xx_HAL_Driver/Src/stm32l0xx_hal_rcc_ex.o
 .debug_line    0x000035c9     0x1663 Drivers/STM32L0xx_HAL_Driver/Src/stm32l0xx_hal_tim.o
 .debug_line    0x00004c2c      0x727 Drivers/STM32L0xx_HAL_Driver/Src/stm32l0xx_hal_tim_ex.o
 .debug_line    0x00005353     0x1225 Drivers/STM32L0xx_HAL_Driver/Src/stm32l0xx_hal_uart.o
 .debug_line    0x00006578      0x801 Drivers/STM32L0xx_HAL_Driver/Src/stm32l0xx_hal_uart_ex.o
 .debug_line    0x00006d79      0x6cf Src/Bluetooth.o
 .debug_line    0x00007448      0x6d8 Src/External_interupt.o
 .debug_line    0x00007b20      0x6f1 Src/Step_eng.o
 .debug_line    0x00008211      0x6f1 Src/Ultrasound.o
 .debug_line    0x00008902      0x83c Src/main.o
 .debug_line    0x0000913e      0x785 Src/motorcontrol.o
 .debug_line    0x000098c3      0x79e Src/stm32l0xx_hal_msp.o
 .debug_line    0x0000a061      0x76b Src/stm32l0xx_it.o
 .debug_line    0x0000a7cc      0x6d1 Src/system_stm32l0xx.o
 .debug_line    0x0000ae9d       0x83 startup/startup_stm32l073xx.o

.debug_str      0x00000000    0x7e76d
 .debug_str     0x00000000    0x7afbd Drivers/STM32L0xx_HAL_Driver/Src/stm32l0xx_hal.o
                              0x7b3ed (size before relaxing)
 .debug_str     0x0007afbd      0x2c2 Drivers/STM32L0xx_HAL_Driver/Src/stm32l0xx_hal_cortex.o
                              0x7b1f8 (size before relaxing)
 .debug_str     0x0007b27f      0x411 Drivers/STM32L0xx_HAL_Driver/Src/stm32l0xx_hal_dma.o
                              0x7b103 (size before relaxing)
 .debug_str     0x0007b690      0x2c1 Drivers/STM32L0xx_HAL_Driver/Src/stm32l0xx_hal_gpio.o
                              0x7b03a (size before relaxing)
 .debug_str     0x0007b951      0x434 Drivers/STM32L0xx_HAL_Driver/Src/stm32l0xx_hal_rcc.o
                              0x7b29f (size before relaxing)
 .debug_str     0x0007bd85      0x452 Drivers/STM32L0xx_HAL_Driver/Src/stm32l0xx_hal_rcc_ex.o
                              0x7b274 (size before relaxing)
 .debug_str     0x0007c1d7      0xf2d Drivers/STM32L0xx_HAL_Driver/Src/stm32l0xx_hal_tim.o
                              0x7beaf (size before relaxing)
 .debug_str     0x0007d104       0xc7 Drivers/STM32L0xx_HAL_Driver/Src/stm32l0xx_hal_tim_ex.o
                              0x7b118 (size before relaxing)
 .debug_str     0x0007d1cb      0x9d0 Drivers/STM32L0xx_HAL_Driver/Src/stm32l0xx_hal_uart.o
                              0x7b9f8 (size before relaxing)
 .debug_str     0x0007db9b      0x185 Drivers/STM32L0xx_HAL_Driver/Src/stm32l0xx_hal_uart_ex.o
                              0x7b297 (size before relaxing)
 .debug_str     0x0007dd20      0x53a Src/Bluetooth.o
                              0x7b59c (size before relaxing)
 .debug_str     0x0007e25a      0x119 Src/External_interupt.o
                              0x7b68f (size before relaxing)
 .debug_str     0x0007e373       0x5c Src/Step_eng.o
                              0x7b1f8 (size before relaxing)
 .debug_str     0x0007e3cf       0x4e Src/Ultrasound.o
                              0x7b5a5 (size before relaxing)
 .debug_str     0x0007e41d      0x170 Src/main.o
                              0x7c1b1 (size before relaxing)
 .debug_str     0x0007e58d       0x55 Src/motorcontrol.o
                              0x7b6aa (size before relaxing)
 .debug_str     0x0007e5e2       0x25 Src/stm32l0xx_hal_msp.o
                              0x7bb0f (size before relaxing)
 .debug_str     0x0007e607       0xd3 Src/stm32l0xx_it.o
                              0x7b871 (size before relaxing)
 .debug_str     0x0007e6da       0x64 Src/system_stm32l0xx.o
                              0x7ad85 (size before relaxing)
 .debug_str     0x0007e73e       0x2f startup/startup_stm32l073xx.o
                                 0x58 (size before relaxing)

.comment        0x00000000       0x7f
 .comment       0x00000000       0x7f Drivers/STM32L0xx_HAL_Driver/Src/stm32l0xx_hal.o
                                 0x80 (size before relaxing)
 .comment       0x0000007f       0x80 Drivers/STM32L0xx_HAL_Driver/Src/stm32l0xx_hal_cortex.o
 .comment       0x0000007f       0x80 Drivers/STM32L0xx_HAL_Driver/Src/stm32l0xx_hal_dma.o
 .comment       0x0000007f       0x80 Drivers/STM32L0xx_HAL_Driver/Src/stm32l0xx_hal_gpio.o
 .comment       0x0000007f       0x80 Drivers/STM32L0xx_HAL_Driver/Src/stm32l0xx_hal_rcc.o
 .comment       0x0000007f       0x80 Drivers/STM32L0xx_HAL_Driver/Src/stm32l0xx_hal_rcc_ex.o
 .comment       0x0000007f       0x80 Drivers/STM32L0xx_HAL_Driver/Src/stm32l0xx_hal_tim.o
 .comment       0x0000007f       0x80 Drivers/STM32L0xx_HAL_Driver/Src/stm32l0xx_hal_tim_ex.o
 .comment       0x0000007f       0x80 Drivers/STM32L0xx_HAL_Driver/Src/stm32l0xx_hal_uart.o
 .comment       0x0000007f       0x80 Drivers/STM32L0xx_HAL_Driver/Src/stm32l0xx_hal_uart_ex.o
 .comment       0x0000007f       0x80 Src/Bluetooth.o
 .comment       0x0000007f       0x80 Src/External_interupt.o
 .comment       0x0000007f       0x80 Src/Step_eng.o
 .comment       0x0000007f       0x80 Src/Ultrasound.o
 .comment       0x0000007f       0x80 Src/main.o
 .comment       0x0000007f       0x80 Src/motorcontrol.o
 .comment       0x0000007f       0x80 Src/stm32l0xx_hal_msp.o
 .comment       0x0000007f       0x80 Src/stm32l0xx_it.o
 .comment       0x0000007f       0x80 Src/system_stm32l0xx.o

.debug_frame    0x00000000     0x1f3c
 .debug_frame   0x00000000      0x1f4 Drivers/STM32L0xx_HAL_Driver/Src/stm32l0xx_hal.o
 .debug_frame   0x000001f4      0x114 Drivers/STM32L0xx_HAL_Driver/Src/stm32l0xx_hal_cortex.o
 .debug_frame   0x00000308      0x150 Drivers/STM32L0xx_HAL_Driver/Src/stm32l0xx_hal_dma.o
 .debug_frame   0x00000458       0xc8 Drivers/STM32L0xx_HAL_Driver/Src/stm32l0xx_hal_gpio.o
 .debug_frame   0x00000520      0x144 Drivers/STM32L0xx_HAL_Driver/Src/stm32l0xx_hal_rcc.o
 .debug_frame   0x00000664      0x178 Drivers/STM32L0xx_HAL_Driver/Src/stm32l0xx_hal_rcc_ex.o
 .debug_frame   0x000007dc      0xa2c Drivers/STM32L0xx_HAL_Driver/Src/stm32l0xx_hal_tim.o
 .debug_frame   0x00001208       0x40 Drivers/STM32L0xx_HAL_Driver/Src/stm32l0xx_hal_tim_ex.o
 .debug_frame   0x00001248      0x564 Drivers/STM32L0xx_HAL_Driver/Src/stm32l0xx_hal_uart.o
 .debug_frame   0x000017ac       0xec Drivers/STM32L0xx_HAL_Driver/Src/stm32l0xx_hal_uart_ex.o
 .debug_frame   0x00001898       0x4c Src/Bluetooth.o
 .debug_frame   0x000018e4       0x28 Src/External_interupt.o
 .debug_frame   0x0000190c       0x38 Src/Step_eng.o
 .debug_frame   0x00001944       0x58 Src/Ultrasound.o
 .debug_frame   0x0000199c      0x120 Src/main.o
 .debug_frame   0x00001abc       0xd0 Src/motorcontrol.o
 .debug_frame   0x00001b8c       0xa4 Src/stm32l0xx_hal_msp.o
 .debug_frame   0x00001c30       0xf8 Src/stm32l0xx_it.o
 .debug_frame   0x00001d28       0x38 Src/system_stm32l0xx.o
 .debug_frame   0x00001d60       0x20 c:/ac6/systemworkbench/plugins/fr.ac6.mcu.externaltools.arm-none.win32_1.17.0.201812190825/tools/compiler/bin/../lib/gcc/arm-none-eabi/7.3.1/thumb/v6-m\libgcc.a(_udivsi3.o)
 .debug_frame   0x00001d80       0x3c c:/ac6/systemworkbench/plugins/fr.ac6.mcu.externaltools.arm-none.win32_1.17.0.201812190825/tools/compiler/bin/../lib/gcc/arm-none-eabi/7.3.1/thumb/v6-m\libgcc.a(_udivmoddi4.o)
 .debug_frame   0x00001dbc       0x38 c:/ac6/systemworkbench/plugins/fr.ac6.mcu.externaltools.arm-none.win32_1.17.0.201812190825/tools/compiler/bin/../lib/gcc/arm-none-eabi/7.3.1/thumb/v6-m\libgcc.a(addsf3.o)
 .debug_frame   0x00001df4       0x3c c:/ac6/systemworkbench/plugins/fr.ac6.mcu.externaltools.arm-none.win32_1.17.0.201812190825/tools/compiler/bin/../lib/gcc/arm-none-eabi/7.3.1/thumb/v6-m\libgcc.a(divsf3.o)
 .debug_frame   0x00001e30       0x3c c:/ac6/systemworkbench/plugins/fr.ac6.mcu.externaltools.arm-none.win32_1.17.0.201812190825/tools/compiler/bin/../lib/gcc/arm-none-eabi/7.3.1/thumb/v6-m\libgcc.a(mulsf3.o)
 .debug_frame   0x00001e6c       0x38 c:/ac6/systemworkbench/plugins/fr.ac6.mcu.externaltools.arm-none.win32_1.17.0.201812190825/tools/compiler/bin/../lib/gcc/arm-none-eabi/7.3.1/thumb/v6-m\libgcc.a(subsf3.o)
 .debug_frame   0x00001ea4       0x20 c:/ac6/systemworkbench/plugins/fr.ac6.mcu.externaltools.arm-none.win32_1.17.0.201812190825/tools/compiler/bin/../lib/gcc/arm-none-eabi/7.3.1/thumb/v6-m\libgcc.a(fixsfsi.o)
 .debug_frame   0x00001ec4       0x2c c:/ac6/systemworkbench/plugins/fr.ac6.mcu.externaltools.arm-none.win32_1.17.0.201812190825/tools/compiler/bin/../lib/gcc/arm-none-eabi/7.3.1/thumb/v6-m\libgcc.a(floatsisf.o)
 .debug_frame   0x00001ef0       0x2c c:/ac6/systemworkbench/plugins/fr.ac6.mcu.externaltools.arm-none.win32_1.17.0.201812190825/tools/compiler/bin/../lib/gcc/arm-none-eabi/7.3.1/../../../../arm-none-eabi/lib/thumb/v6-m\libc_nano.a(lib_a-init.o)
 .debug_frame   0x00001f1c       0x20 c:/ac6/systemworkbench/plugins/fr.ac6.mcu.externaltools.arm-none.win32_1.17.0.201812190825/tools/compiler/bin/../lib/gcc/arm-none-eabi/7.3.1/../../../../arm-none-eabi/lib/thumb/v6-m\libc_nano.a(lib_a-memset.o)
