Archive member included to satisfy reference by file (symbol)

c:/ac6/systemworkbench/plugins/fr.ac6.mcu.externaltools.arm-none.win32_1.17.0.201812190825/tools/compiler/bin/../lib/gcc/arm-none-eabi/7.3.1/thumb/v6-m\libgcc.a(_udivsi3.o)
                              Drivers/STM32L0xx_HAL_Driver/Src/stm32l0xx_hal.o (__aeabi_uidiv)
c:/ac6/systemworkbench/plugins/fr.ac6.mcu.externaltools.arm-none.win32_1.17.0.201812190825/tools/compiler/bin/../lib/gcc/arm-none-eabi/7.3.1/thumb/v6-m\libgcc.a(_divsi3.o)
                              Src/motorcontrol.o (__aeabi_idiv)
c:/ac6/systemworkbench/plugins/fr.ac6.mcu.externaltools.arm-none.win32_1.17.0.201812190825/tools/compiler/bin/../lib/gcc/arm-none-eabi/7.3.1/thumb/v6-m\libgcc.a(_dvmd_tls.o)
                              c:/ac6/systemworkbench/plugins/fr.ac6.mcu.externaltools.arm-none.win32_1.17.0.201812190825/tools/compiler/bin/../lib/gcc/arm-none-eabi/7.3.1/thumb/v6-m\libgcc.a(_udivsi3.o) (__aeabi_idiv0)
c:/ac6/systemworkbench/plugins/fr.ac6.mcu.externaltools.arm-none.win32_1.17.0.201812190825/tools/compiler/bin/../lib/gcc/arm-none-eabi/7.3.1/thumb/v6-m\libgcc.a(_arm_cmpsf2.o)
                              Src/motorcontrol.o (__aeabi_fcmpgt)
c:/ac6/systemworkbench/plugins/fr.ac6.mcu.externaltools.arm-none.win32_1.17.0.201812190825/tools/compiler/bin/../lib/gcc/arm-none-eabi/7.3.1/thumb/v6-m\libgcc.a(_aeabi_uldivmod.o)
                              Drivers/STM32L0xx_HAL_Driver/Src/stm32l0xx_hal_uart.o (__aeabi_uldivmod)
c:/ac6/systemworkbench/plugins/fr.ac6.mcu.externaltools.arm-none.win32_1.17.0.201812190825/tools/compiler/bin/../lib/gcc/arm-none-eabi/7.3.1/thumb/v6-m\libgcc.a(_udivmoddi4.o)
                              c:/ac6/systemworkbench/plugins/fr.ac6.mcu.externaltools.arm-none.win32_1.17.0.201812190825/tools/compiler/bin/../lib/gcc/arm-none-eabi/7.3.1/thumb/v6-m\libgcc.a(_aeabi_uldivmod.o) (__udivmoddi4)
c:/ac6/systemworkbench/plugins/fr.ac6.mcu.externaltools.arm-none.win32_1.17.0.201812190825/tools/compiler/bin/../lib/gcc/arm-none-eabi/7.3.1/thumb/v6-m\libgcc.a(addsf3.o)
                              Src/motorcontrol.o (__aeabi_fadd)
c:/ac6/systemworkbench/plugins/fr.ac6.mcu.externaltools.arm-none.win32_1.17.0.201812190825/tools/compiler/bin/../lib/gcc/arm-none-eabi/7.3.1/thumb/v6-m\libgcc.a(divsf3.o)
                              Src/motorcontrol.o (__aeabi_fdiv)
c:/ac6/systemworkbench/plugins/fr.ac6.mcu.externaltools.arm-none.win32_1.17.0.201812190825/tools/compiler/bin/../lib/gcc/arm-none-eabi/7.3.1/thumb/v6-m\libgcc.a(eqsf2.o)
                              c:/ac6/systemworkbench/plugins/fr.ac6.mcu.externaltools.arm-none.win32_1.17.0.201812190825/tools/compiler/bin/../lib/gcc/arm-none-eabi/7.3.1/thumb/v6-m\libgcc.a(_arm_cmpsf2.o) (__eqsf2)
c:/ac6/systemworkbench/plugins/fr.ac6.mcu.externaltools.arm-none.win32_1.17.0.201812190825/tools/compiler/bin/../lib/gcc/arm-none-eabi/7.3.1/thumb/v6-m\libgcc.a(gesf2.o)
                              c:/ac6/systemworkbench/plugins/fr.ac6.mcu.externaltools.arm-none.win32_1.17.0.201812190825/tools/compiler/bin/../lib/gcc/arm-none-eabi/7.3.1/thumb/v6-m\libgcc.a(_arm_cmpsf2.o) (__gesf2)
c:/ac6/systemworkbench/plugins/fr.ac6.mcu.externaltools.arm-none.win32_1.17.0.201812190825/tools/compiler/bin/../lib/gcc/arm-none-eabi/7.3.1/thumb/v6-m\libgcc.a(lesf2.o)
                              c:/ac6/systemworkbench/plugins/fr.ac6.mcu.externaltools.arm-none.win32_1.17.0.201812190825/tools/compiler/bin/../lib/gcc/arm-none-eabi/7.3.1/thumb/v6-m\libgcc.a(_arm_cmpsf2.o) (__lesf2)
c:/ac6/systemworkbench/plugins/fr.ac6.mcu.externaltools.arm-none.win32_1.17.0.201812190825/tools/compiler/bin/../lib/gcc/arm-none-eabi/7.3.1/thumb/v6-m\libgcc.a(mulsf3.o)
                              Src/motorcontrol.o (__aeabi_fmul)
c:/ac6/systemworkbench/plugins/fr.ac6.mcu.externaltools.arm-none.win32_1.17.0.201812190825/tools/compiler/bin/../lib/gcc/arm-none-eabi/7.3.1/thumb/v6-m\libgcc.a(subsf3.o)
                              Src/motorcontrol.o (__aeabi_fsub)
c:/ac6/systemworkbench/plugins/fr.ac6.mcu.externaltools.arm-none.win32_1.17.0.201812190825/tools/compiler/bin/../lib/gcc/arm-none-eabi/7.3.1/thumb/v6-m\libgcc.a(fixsfsi.o)
                              Src/motorcontrol.o (__aeabi_f2iz)
c:/ac6/systemworkbench/plugins/fr.ac6.mcu.externaltools.arm-none.win32_1.17.0.201812190825/tools/compiler/bin/../lib/gcc/arm-none-eabi/7.3.1/thumb/v6-m\libgcc.a(floatsisf.o)
                              Src/motorcontrol.o (__aeabi_i2f)
c:/ac6/systemworkbench/plugins/fr.ac6.mcu.externaltools.arm-none.win32_1.17.0.201812190825/tools/compiler/bin/../lib/gcc/arm-none-eabi/7.3.1/thumb/v6-m\libgcc.a(_clzsi2.o)
                              c:/ac6/systemworkbench/plugins/fr.ac6.mcu.externaltools.arm-none.win32_1.17.0.201812190825/tools/compiler/bin/../lib/gcc/arm-none-eabi/7.3.1/thumb/v6-m\libgcc.a(addsf3.o) (__clzsi2)
[...]
Memory Configuration

Name             Origin             Length             Attributes
RAM              0x20000000         0x00005000         xrw
FLASH            0x08000000         0x00030000         xr
*default*        0x00000000         0xffffffff

Linker script and memory map

LOAD c:/ac6/systemworkbench/plugins/fr.ac6.mcu.externaltools.arm-none.win32_1.17.0.201812190825/tools/compiler/bin/../lib/gcc/arm-none-eabi/7.3.1/thumb/v6-m/crti.o
LOAD c:/ac6/systemworkbench/plugins/fr.ac6.mcu.externaltools.arm-none.win32_1.17.0.201812190825/tools/compiler/bin/../lib/gcc/arm-none-eabi/7.3.1/thumb/v6-m/crtbegin.o
LOAD c:/ac6/systemworkbench/plugins/fr.ac6.mcu.externaltools.arm-none.win32_1.17.0.201812190825/tools/compiler/bin/../lib/gcc/arm-none-eabi/7.3.1/../../../../arm-none-eabi/lib/thumb/v6-m/crt0.o
LOAD Drivers/STM32L0xx_HAL_Driver/Src/stm32l0xx_hal.o
LOAD Drivers/STM32L0xx_HAL_Driver/Src/stm32l0xx_hal_cortex.o
LOAD Drivers/STM32L0xx_HAL_Driver/Src/stm32l0xx_hal_dma.o
LOAD Drivers/STM32L0xx_HAL_Driver/Src/stm32l0xx_hal_flash.o
LOAD Drivers/STM32L0xx_HAL_Driver/Src/stm32l0xx_hal_flash_ex.o
LOAD Drivers/STM32L0xx_HAL_Driver/Src/stm32l0xx_hal_flash_ramfunc.o
LOAD Drivers/STM32L0xx_HAL_Driver/Src/stm32l0xx_hal_gpio.o
LOAD Drivers/STM32L0xx_HAL_Driver/Src/stm32l0xx_hal_i2c.o
LOAD Drivers/STM32L0xx_HAL_Driver/Src/stm32l0xx_hal_i2c_ex.o
LOAD Drivers/STM32L0xx_HAL_Driver/Src/stm32l0xx_hal_pwr.o
LOAD Drivers/STM32L0xx_HAL_Driver/Src/stm32l0xx_hal_pwr_ex.o
LOAD Drivers/STM32L0xx_HAL_Driver/Src/stm32l0xx_hal_rcc.o
LOAD Drivers/STM32L0xx_HAL_Driver/Src/stm32l0xx_hal_rcc_ex.o
LOAD Drivers/STM32L0xx_HAL_Driver/Src/stm32l0xx_hal_tim.o
LOAD Drivers/STM32L0xx_HAL_Driver/Src/stm32l0xx_hal_tim_ex.o
LOAD Drivers/STM32L0xx_HAL_Driver/Src/stm32l0xx_hal_uart.o
LOAD Drivers/STM32L0xx_HAL_Driver/Src/stm32l0xx_hal_uart_ex.o
LOAD Src/Bluetooth.o
LOAD Src/Cerpadlo.o
LOAD Src/External_interupt.o
LOAD Src/Step_eng.o
LOAD Src/Ultrasound.o
LOAD Src/main.o
LOAD Src/motorcontrol.o
LOAD Src/stm32l0xx_hal_msp.o
LOAD Src/stm32l0xx_it.o
LOAD Src/system_stm32l0xx.o
LOAD startup/startup_stm32l073xx.o
LOAD c:/ac6/systemworkbench/plugins/fr.ac6.mcu.externaltools.arm-none.win32_1.17.0.201812190825/tools/compiler/bin/../lib/gcc/arm-none-eabi/7.3.1/../../../../arm-none-eabi/lib/thumb/v6-m\libm.a
START GROUP
LOAD c:/ac6/systemworkbench/plugins/fr.ac6.mcu.externaltools.arm-none.win32_1.17.0.201812190825/tools/compiler/bin/../lib/gcc/arm-none-eabi/7.3.1/thumb/v6-m\libgcc.a
LOAD c:/ac6/systemworkbench/plugins/fr.ac6.mcu.externaltools.arm-none.win32_1.17.0.201812190825/tools/compiler/bin/../lib/gcc/arm-none-eabi/7.3.1/../../../../arm-none-eabi/lib/thumb/v6-m\libc_nano.a
END GROUP
START GROUP
LOAD c:/ac6/systemworkbench/plugins/fr.ac6.mcu.externaltools.arm-none.win32_1.17.0.201812190825/tools/compiler/bin/../lib/gcc/arm-none-eabi/7.3.1/thumb/v6-m\libgcc.a
LOAD c:/ac6/systemworkbench/plugins/fr.ac6.mcu.externaltools.arm-none.win32_1.17.0.201812190825/tools/compiler/bin/../lib/gcc/arm-none-eabi/7.3.1/../../../../arm-none-eabi/lib/thumb/v6-m\libc_nano.a
LOAD c:/ac6/systemworkbench/plugins/fr.ac6.mcu.externaltools.arm-none.win32_1.17.0.201812190825/tools/compiler/bin/../lib/gcc/arm-none-eabi/7.3.1/../../../../arm-none-eabi/lib/thumb/v6-m\libnosys.a
END GROUP
START GROUP
LOAD c:/ac6/systemworkbench/plugins/fr.ac6.mcu.externaltools.arm-none.win32_1.17.0.201812190825/tools/compiler/bin/../lib/gcc/arm-none-eabi/7.3.1/thumb/v6-m\libgcc.a
LOAD c:/ac6/systemworkbench/plugins/fr.ac6.mcu.externaltools.arm-none.win32_1.17.0.201812190825/tools/compiler/bin/../lib/gcc/arm-none-eabi/7.3.1/../../../../arm-none-eabi/lib/thumb/v6-m\libc_nano.a
LOAD c:/ac6/systemworkbench/plugins/fr.ac6.mcu.externaltools.arm-none.win32_1.17.0.201812190825/tools/compiler/bin/../lib/gcc/arm-none-eabi/7.3.1/../../../../arm-none-eabi/lib/thumb/v6-m\libnosys.a
END GROUP
LOAD c:/ac6/systemworkbench/plugins/fr.ac6.mcu.externaltools.arm-none.win32_1.17.0.201812190825/tools/compiler/bin/../lib/gcc/arm-none-eabi/7.3.1/thumb/v6-m/crtend.o
LOAD c:/ac6/systemworkbench/plugins/fr.ac6.mcu.externaltools.arm-none.win32_1.17.0.201812190825/tools/compiler/bin/../lib/gcc/arm-none-eabi/7.3.1/thumb/v6-m/crtn.o
                0x20005000                _estack = 0x20005000
                0x00000200                _Min_Heap_Size = 0x200
                0x00000400                _Min_Stack_Size = 0x400

.isr_vector     0x08000000       0xc0
                0x08000000                . = ALIGN (0x4)
 *(.isr_vector)
 .isr_vector    0x08000000       0xc0 startup/startup_stm32l073xx.o
                0x08000000                g_pfnVectors
                0x080000c0                . = ALIGN (0x4)

.text           0x080000c0     0x43d0
                0x080000c0                . = ALIGN (0x4)
 *(.text)
 .text          0x080000c0       0x48 c:/ac6/systemworkbench/plugins/fr.ac6.mcu.externaltools.arm-none.win32_1.17.0.201812190825/tools/compiler/bin/../lib/gcc/arm-none-eabi/7.3.1/thumb/v6-m/crtbegin.o
 .text          0x08000108      0x114 c:/ac6/systemworkbench/plugins/fr.ac6.mcu.externaltools.arm-none.win32_1.17.0.201812190825/tools/compiler/bin/../lib/gcc/arm-none-eabi/7.3.1/thumb/v6-m\libgcc.a(_udivsi3.o)
                0x08000108                __aeabi_uidiv
                0x08000108                __udivsi3
                0x08000214                __aeabi_uidivmod
 .text          0x0800021c      0x1d4 c:/ac6/systemworkbench/plugins/fr.ac6.mcu.externaltools.arm-none.win32_1.17.0.201812190825/tools/compiler/bin/../lib/gcc/arm-none-eabi/7.3.1/thumb/v6-m\libgcc.a(_divsi3.o)
                0x0800021c                __divsi3
                0x0800021c                __aeabi_idiv
                0x080003e8                __aeabi_idivmod
 .text          0x080003f0        0x4 c:/ac6/systemworkbench/plugins/fr.ac6.mcu.externaltools.arm-none.win32_1.17.0.201812190825/tools/compiler/bin/../lib/gcc/arm-none-eabi/7.3.1/thumb/v6-m\libgcc.a(_dvmd_tls.o)
                0x080003f0                __aeabi_idiv0
                0x080003f0                __aeabi_ldiv0
 .text          0x080003f4       0x74 c:/ac6/systemworkbench/plugins/fr.ac6.mcu.externaltools.arm-none.win32_1.17.0.201812190825/tools/compiler/bin/../lib/gcc/arm-none-eabi/7.3.1/thumb/v6-m\libgcc.a(_arm_cmpsf2.o)
                0x080003f4                __aeabi_cfrcmple
                0x080003fc                __aeabi_cfcmpeq
                0x080003fc                __aeabi_cfcmple
                0x0800040c                __aeabi_fcmpeq
                0x08000418                __aeabi_fcmplt
                0x0800042c                __aeabi_fcmple
                0x08000440                __aeabi_fcmpgt
                0x08000454                __aeabi_fcmpge
 .text          0x08000468       0x40 c:/ac6/systemworkbench/plugins/fr.ac6.mcu.externaltools.arm-none.win32_1.17.0.201812190825/tools/compiler/bin/../lib/gcc/arm-none-eabi/7.3.1/thumb/v6-m\libgcc.a(_aeabi_uldivmod.o)
                0x08000468                __aeabi_uldivmod
 .text          0x080004a8      0x184 c:/ac6/systemworkbench/plugins/fr.ac6.mcu.externaltools.arm-none.win32_1.17.0.201812190825/tools/compiler/bin/../lib/gcc/arm-none-eabi/7.3.1/thumb/v6-m\libgcc.a(_udivmoddi4.o)
                0x080004a8                __udivmoddi4
 .text          0x0800062c      0x334 c:/ac6/systemworkbench/plugins/fr.ac6.mcu.externaltools.arm-none.win32_1.17.0.201812190825/tools/compiler/bin/../lib/gcc/arm-none-eabi/7.3.1/thumb/v6-m\libgcc.a(addsf3.o)
                0x0800062c                __aeabi_fadd
 .text          0x08000960      0x224 c:/ac6/systemworkbench/plugins/fr.ac6.mcu.externaltools.arm-none.win32_1.17.0.201812190825/tools/compiler/bin/../lib/gcc/arm-none-eabi/7.3.1/thumb/v6-m\libgcc.a(divsf3.o)
                0x08000960                __aeabi_fdiv
 .text          0x08000b84       0x50 c:/ac6/systemworkbench/plugins/fr.ac6.mcu.externaltools.arm-none.win32_1.17.0.201812190825/tools/compiler/bin/../lib/gcc/arm-none-eabi/7.3.1/thumb/v6-m\libgcc.a(eqsf2.o)
                0x08000b84                __eqsf2
                0x08000b84                __nesf2
 .text          0x08000bd4       0x9c c:/ac6/systemworkbench/plugins/fr.ac6.mcu.externaltools.arm-none.win32_1.17.0.201812190825/tools/compiler/bin/../lib/gcc/arm-none-eabi/7.3.1/thumb/v6-m\libgcc.a(gesf2.o)
                0x08000bd4                __gesf2
                0x08000bd4                __gtsf2
 .text          0x08000c70       0xa0 c:/ac6/systemworkbench/plugins/fr.ac6.mcu.externaltools.arm-none.win32_1.17.0.201812190825/tools/compiler/bin/../lib/gcc/arm-none-eabi/7.3.1/thumb/v6-m\libgcc.a(lesf2.o)
                0x08000c70                __ltsf2
                0x08000c70                __lesf2
 .text          0x08000d10      0x264 c:/ac6/systemworkbench/plugins/fr.ac6.mcu.externaltools.arm-none.win32_1.17.0.201812190825/tools/compiler/bin/../lib/gcc/arm-none-eabi/7.3.1/thumb/v6-m\libgcc.a(mulsf3.o)
                0x08000d10                __aeabi_fmul
 .text          0x08000f74      0x388 c:/ac6/systemworkbench/plugins/fr.ac6.mcu.externaltools.arm-none.win32_1.17.0.201812190825/tools/compiler/bin/../lib/gcc/arm-none-eabi/7.3.1/thumb/v6-m\libgcc.a(subsf3.o)
                0x08000f74                __aeabi_fsub
 .text          0x080012fc       0x40 c:/ac6/systemworkbench/plugins/fr.ac6.mcu.externaltools.arm-none.win32_1.17.0.201812190825/tools/compiler/bin/../lib/gcc/arm-none-eabi/7.3.1/thumb/v6-m\libgcc.a(fixsfsi.o)
                0x080012fc                __aeabi_f2iz
 .text          0x0800133c       0x94 c:/ac6/systemworkbench/plugins/fr.ac6.mcu.externaltools.arm-none.win32_1.17.0.201812190825/tools/compiler/bin/../lib/gcc/arm-none-eabi/7.3.1/thumb/v6-m\libgcc.a(floatsisf.o)
                0x0800133c                __aeabi_i2f
 .text          0x080013d0       0x3c c:/ac6/systemworkbench/plugins/fr.ac6.mcu.externaltools.arm-none.win32_1.17.0.201812190825/tools/compiler/bin/../lib/gcc/arm-none-eabi/7.3.1/thumb/v6-m\libgcc.a(_clzsi2.o)
                0x080013d0                __clzsi2
 .text          0x0800140c       0x18 c:/ac6/systemworkbench/plugins/fr.ac6.mcu.externaltools.arm-none.win32_1.17.0.201812190825/tools/compiler/bin/../lib/gcc/arm-none-eabi/7.3.1/thumb/v6-m\libgcc.a(_clzdi2.o)
                0x0800140c                __clzdi2
 *(.text*)
 .text.HAL_InitTick
                0x08001424       0x30 Drivers/STM32L0xx_HAL_Driver/Src/stm32l0xx_hal.o
                0x08001424                HAL_InitTick
 .text.HAL_Init
                0x08001454       0x28 Drivers/STM32L0xx_HAL_Driver/Src/stm32l0xx_hal.o
                0x08001454                HAL_Init
 .text.HAL_GetTick
                0x0800147c        0xc Drivers/STM32L0xx_HAL_Driver/Src/stm32l0xx_hal.o
                0x0800147c                HAL_GetTick
 .text.HAL_Delay
                0x08001488       0x1c Drivers/STM32L0xx_HAL_Driver/Src/stm32l0xx_hal.o
                0x08001488                HAL_Delay
 .text.HAL_NVIC_SetPriority
                0x080014a4       0x60 Drivers/STM32L0xx_HAL_Driver/Src/stm32l0xx_hal_cortex.o
                0x080014a4                HAL_NVIC_SetPriority
 .text.HAL_NVIC_EnableIRQ
                0x08001504       0x14 Drivers/STM32L0xx_HAL_Driver/Src/stm32l0xx_hal_cortex.o
                0x08001504                HAL_NVIC_EnableIRQ
 .text.HAL_SYSTICK_Config
                0x08001518       0x38 Drivers/STM32L0xx_HAL_Driver/Src/stm32l0xx_hal_cortex.o
                0x08001518                HAL_SYSTICK_Config
 .text.HAL_DMA_Init
                0x08001550       0x98 Drivers/STM32L0xx_HAL_Driver/Src/stm32l0xx_hal_dma.o
                0x08001550                HAL_DMA_Init
 .text.HAL_DMA_Abort_IT
                0x080015e8       0x4e Drivers/STM32L0xx_HAL_Driver/Src/stm32l0xx_hal_dma.o
                0x080015e8                HAL_DMA_Abort_IT
 .text.HAL_DMA_IRQHandler
                0x08001636       0xba Drivers/STM32L0xx_HAL_Driver/Src/stm32l0xx_hal_dma.o
                0x08001636                HAL_DMA_IRQHandler
 .text.HAL_GPIO_Init
                0x080016f0      0x19c Drivers/STM32L0xx_HAL_Driver/Src/stm32l0xx_hal_gpio.o
                0x080016f0                HAL_GPIO_Init
 .text.HAL_GPIO_ReadPin
                0x0800188c        0xe Drivers/STM32L0xx_HAL_Driver/Src/stm32l0xx_hal_gpio.o
                0x0800188c                HAL_GPIO_ReadPin
 .text.HAL_GPIO_WritePin
                0x0800189a        0xc Drivers/STM32L0xx_HAL_Driver/Src/stm32l0xx_hal_gpio.o
                0x0800189a                HAL_GPIO_WritePin
 *fill*         0x080018a6        0x2 
 .text.HAL_GPIO_EXTI_IRQHandler
                0x080018a8       0x1c Drivers/STM32L0xx_HAL_Driver/Src/stm32l0xx_hal_gpio.o
                0x080018a8                HAL_GPIO_EXTI_IRQHandler
 .text.HAL_RCC_GetSysClockFreq
                0x080018c4       0xb0 Drivers/STM32L0xx_HAL_Driver/Src/stm32l0xx_hal_rcc.o
                0x080018c4                HAL_RCC_GetSysClockFreq
 .text.HAL_RCC_OscConfig
                0x08001974      0x588 Drivers/STM32L0xx_HAL_Driver/Src/stm32l0xx_hal_rcc.o
                0x08001974                HAL_RCC_OscConfig
 .text.HAL_RCC_ClockConfig
                0x08001efc      0x1a8 Drivers/STM32L0xx_HAL_Driver/Src/stm32l0xx_hal_rcc.o
                0x08001efc                HAL_RCC_ClockConfig
 .text.HAL_RCC_GetHCLKFreq
                0x080020a4        0xc Drivers/STM32L0xx_HAL_Driver/Src/stm32l0xx_hal_rcc.o
                0x080020a4                HAL_RCC_GetHCLKFreq
 .text.HAL_RCC_GetPCLK1Freq
                0x080020b0       0x20 Drivers/STM32L0xx_HAL_Driver/Src/stm32l0xx_hal_rcc.o
                0x080020b0                HAL_RCC_GetPCLK1Freq
 .text.HAL_RCC_GetPCLK2Freq
                0x080020d0       0x20 Drivers/STM32L0xx_HAL_Driver/Src/stm32l0xx_hal_rcc.o
                0x080020d0                HAL_RCC_GetPCLK2Freq
 .text.HAL_RCCEx_PeriphCLKConfig
                0x080020f0      0x210 Drivers/STM32L0xx_HAL_Driver/Src/stm32l0xx_hal_rcc_ex.o
                0x080020f0                HAL_RCCEx_PeriphCLKConfig
 .text.TIM_Base_SetConfig
                0x08002300       0x70 Drivers/STM32L0xx_HAL_Driver/Src/stm32l0xx_hal_tim.o
 .text.TIM_OC1_SetConfig
                0x08002370       0x2c Drivers/STM32L0xx_HAL_Driver/Src/stm32l0xx_hal_tim.o
 .text.TIM_OC2_SetConfig
                0x0800239c       0x38 Drivers/STM32L0xx_HAL_Driver/Src/stm32l0xx_hal_tim.o
 .text.TIM_OC3_SetConfig
                0x080023d4       0x38 Drivers/STM32L0xx_HAL_Driver/Src/stm32l0xx_hal_tim.o
 .text.TIM_OC4_SetConfig
                0x0800240c       0x3c Drivers/STM32L0xx_HAL_Driver/Src/stm32l0xx_hal_tim.o
 .text.TIM_TI1_ConfigInputStage
                0x08002448       0x22 Drivers/STM32L0xx_HAL_Driver/Src/stm32l0xx_hal_tim.o
 *fill*         0x0800246a        0x2 
 .text.TIM_TI2_ConfigInputStage
                0x0800246c       0x28 Drivers/STM32L0xx_HAL_Driver/Src/stm32l0xx_hal_tim.o
 .text.TIM_ITRx_SetConfig
                0x08002494       0x12 Drivers/STM32L0xx_HAL_Driver/Src/stm32l0xx_hal_tim.o
 *fill*         0x080024a6        0x2 
 .text.TIM_ETR_SetConfig
                0x080024a8       0x18 Drivers/STM32L0xx_HAL_Driver/Src/stm32l0xx_hal_tim.o
 .text.TIM_CCxChannelCmd
                0x080024c0       0x1a Drivers/STM32L0xx_HAL_Driver/Src/stm32l0xx_hal_tim.o
 .text.HAL_TIM_Base_Init
                0x080024da       0x34 Drivers/STM32L0xx_HAL_Driver/Src/stm32l0xx_hal_tim.o
                0x080024da                HAL_TIM_Base_Init
 .text.HAL_TIM_PWM_MspInit
                0x0800250e        0x2 Drivers/STM32L0xx_HAL_Driver/Src/stm32l0xx_hal_tim.o
                0x0800250e                HAL_TIM_PWM_MspInit
 .text.HAL_TIM_PWM_Init
                0x08002510       0x34 Drivers/STM32L0xx_HAL_Driver/Src/stm32l0xx_hal_tim.o
                0x08002510                HAL_TIM_PWM_Init
 .text.HAL_TIM_PWM_Start
                0x08002544       0x24 Drivers/STM32L0xx_HAL_Driver/Src/stm32l0xx_hal_tim.o
                0x08002544                HAL_TIM_PWM_Start
 .text.HAL_TIM_PWM_ConfigChannel
                0x08002568       0xec Drivers/STM32L0xx_HAL_Driver/Src/stm32l0xx_hal_tim.o
                0x08002568                HAL_TIM_PWM_ConfigChannel
 .text.HAL_TIM_ConfigClockSource
                0x08002654       0xe4 Drivers/STM32L0xx_HAL_Driver/Src/stm32l0xx_hal_tim.o
                0x08002654                HAL_TIM_ConfigClockSource
 .text.HAL_TIM_PeriodElapsedCallback
                0x08002738        0x2 Drivers/STM32L0xx_HAL_Driver/Src/stm32l0xx_hal_tim.o
                0x08002738                HAL_TIM_PeriodElapsedCallback
 .text.HAL_TIM_OC_DelayElapsedCallback
                0x0800273a        0x2 Drivers/STM32L0xx_HAL_Driver/Src/stm32l0xx_hal_tim.o
                0x0800273a                HAL_TIM_OC_DelayElapsedCallback
 .text.HAL_TIM_IC_CaptureCallback
                0x0800273c        0x2 Drivers/STM32L0xx_HAL_Driver/Src/stm32l0xx_hal_tim.o
                0x0800273c                HAL_TIM_IC_CaptureCallback
 .text.HAL_TIM_TriggerCallback
                0x0800273e        0x2 Drivers/STM32L0xx_HAL_Driver/Src/stm32l0xx_hal_tim.o
                0x0800273e                HAL_TIM_TriggerCallback
 .text.HAL_TIM_IRQHandler
                0x08002740      0x122 Drivers/STM32L0xx_HAL_Driver/Src/stm32l0xx_hal_tim.o
                0x08002740                HAL_TIM_IRQHandler
 .text.HAL_TIMEx_MasterConfigSynchronization
                0x08002862       0x46 Drivers/STM32L0xx_HAL_Driver/Src/stm32l0xx_hal_tim_ex.o
                0x08002862                HAL_TIMEx_MasterConfigSynchronization
 .text.HAL_TIMEx_RemapConfig
                0x080028a8       0x1a Drivers/STM32L0xx_HAL_Driver/Src/stm32l0xx_hal_tim_ex.o
                0x080028a8                HAL_TIMEx_RemapConfig
 *fill*         0x080028c2        0x2 
 .text.UART_EndRxTransfer
                0x080028c4       0x24 Drivers/STM32L0xx_HAL_Driver/Src/stm32l0xx_hal_uart.o
 .text.HAL_UART_Receive_IT
                0x080028e8      0x100 Drivers/STM32L0xx_HAL_Driver/Src/stm32l0xx_hal_uart.o
                0x080028e8                HAL_UART_Receive_IT
 .text.HAL_UART_TxCpltCallback
                0x080029e8        0x2 Drivers/STM32L0xx_HAL_Driver/Src/stm32l0xx_hal_uart.o
                0x080029e8                HAL_UART_TxCpltCallback
 .text.UART_EndTransmit_IT
                0x080029ea       0x1a Drivers/STM32L0xx_HAL_Driver/Src/stm32l0xx_hal_uart.o
 .text.HAL_UART_RxCpltCallback
                0x08002a04        0x2 Drivers/STM32L0xx_HAL_Driver/Src/stm32l0xx_hal_uart.o
                0x08002a04                HAL_UART_RxCpltCallback
 *fill*         0x08002a06        0x2 
 .text.UART_RxISR_8BIT
                0x08002a08       0x64 Drivers/STM32L0xx_HAL_Driver/Src/stm32l0xx_hal_uart.o
 .text.UART_RxISR_16BIT
                0x08002a6c       0x64 Drivers/STM32L0xx_HAL_Driver/Src/stm32l0xx_hal_uart.o
 .text.HAL_UART_ErrorCallback
                0x08002ad0        0x2 Drivers/STM32L0xx_HAL_Driver/Src/stm32l0xx_hal_uart.o
                0x08002ad0                HAL_UART_ErrorCallback
 *fill*         0x08002ad2        0x2 
 .text.HAL_UART_IRQHandler
                0x08002ad4      0x144 Drivers/STM32L0xx_HAL_Driver/Src/stm32l0xx_hal_uart.o
                0x08002ad4                HAL_UART_IRQHandler
 .text.UART_DMAAbortOnError
                0x08002c18       0x14 Drivers/STM32L0xx_HAL_Driver/Src/stm32l0xx_hal_uart.o
 .text.UART_SetConfig
                0x08002c2c      0x384 Drivers/STM32L0xx_HAL_Driver/Src/stm32l0xx_hal_uart.o
                0x08002c2c                UART_SetConfig
 .text.UART_AdvFeatureConfig
                0x08002fb0       0xe0 Drivers/STM32L0xx_HAL_Driver/Src/stm32l0xx_hal_uart.o
                0x08002fb0                UART_AdvFeatureConfig
 .text.UART_WaitOnFlagUntilTimeout
                0x08003090       0x68 Drivers/STM32L0xx_HAL_Driver/Src/stm32l0xx_hal_uart.o
                0x08003090                UART_WaitOnFlagUntilTimeout
 .text.UART_CheckIdleState
                0x080030f8       0x6c Drivers/STM32L0xx_HAL_Driver/Src/stm32l0xx_hal_uart.o
                0x080030f8                UART_CheckIdleState
 .text.HAL_UART_Init
                0x08003164       0x6c Drivers/STM32L0xx_HAL_Driver/Src/stm32l0xx_hal_uart.o
                0x08003164                HAL_UART_Init
 .text.HAL_UARTEx_WakeupCallback
                0x080031d0        0x2 Drivers/STM32L0xx_HAL_Driver/Src/stm32l0xx_hal_uart_ex.o
                0x080031d0                HAL_UARTEx_WakeupCallback
 *fill*         0x080031d2        0x2 
 .text.interupt_bluetooth_return
                0x080031d4        0x8 Src/Bluetooth.o
                0x080031d4                interupt_bluetooth_return
 .text.HAL_IncTick
                0x080031dc       0x7c Src/Cerpadlo.o
                0x080031dc                HAL_IncTick
 .text.start_cerpani_v_nadrzi
                0x08003258       0x40 Src/Cerpadlo.o
                0x08003258                start_cerpani_v_nadrzi
 .text.start_cerpani_v_rameni
                0x08003298       0x3c Src/Cerpadlo.o
                0x08003298                start_cerpani_v_rameni
 .text.set_speed_cerpadla
                0x080032d4       0x3c Src/Cerpadlo.o
                0x080032d4                set_speed_cerpadla
 .text.posun_cerpadla
                0x08003310       0xe8 Src/Cerpadlo.o
                0x08003310                posun_cerpadla
 .text.start_cerpadlo_control
                0x080033f8       0x1c Src/Cerpadlo.o
                0x080033f8                start_cerpadlo_control
 .text.HAL_GPIO_EXTI_Callback
                0x08003414      0x120 Src/External_interupt.o
                0x08003414                HAL_GPIO_EXTI_Callback
 .text.HAL_TIM_PWM_PulseFinishedCallback
                0x08003534       0x64 Src/Ultrasound.o
                0x08003534                HAL_TIM_PWM_PulseFinishedCallback
 .text.init_ultrasound
                0x08003598       0x40 Src/Ultrasound.o
                0x08003598                init_ultrasound
 .text.MX_GPIO_Init
                0x080035d8      0x158 Src/main.o
 .text.MX_DMA_Init
                0x08003730       0x30 Src/main.o
 .text.MX_TIM6_Init
                0x08003760       0x48 Src/main.o
 .text.MX_TIM3_Init
                0x080037a8       0xb0 Src/main.o
 .text.MX_TIM22_Init
                0x08003858       0x94 Src/main.o
 .text.MX_USART1_UART_Init
                0x080038ec       0x30 Src/main.o
 .text.SystemClock_Config
                0x0800391c       0x84 Src/main.o
                0x0800391c                SystemClock_Config
 .text.main     0x080039a0       0xe0 Src/main.o
                0x080039a0                main
 .text.Error_Handler
                0x08003a80        0x2 Src/main.o
                0x08003a80                Error_Handler
 *fill*         0x08003a82        0x2 
 .text.set_stop
                0x08003a84       0x14 Src/motorcontrol.o
                0x08003a84                set_stop
 .text.start_motor_control
                0x08003a98       0x88 Src/motorcontrol.o
                0x08003a98                start_motor_control
 .text.set_motor_speed
                0x08003b20       0xa8 Src/motorcontrol.o
                0x08003b20                set_motor_speed
 .text.set_speed
                0x08003bc8       0x18 Src/motorcontrol.o
                0x08003bc8                set_speed
 .text.saturation
                0x08003be0       0x18 Src/motorcontrol.o
                0x08003be0                saturation
 .text.PID_regularor
                0x08003bf8      0x10c Src/motorcontrol.o
                0x08003bf8                PID_regularor
 .text.init_PID
                0x08003d04       0x5c Src/motorcontrol.o
                0x08003d04                init_PID
 .text.init_PID_ultrazvuk
                0x08003d60       0x6c Src/motorcontrol.o
                0x08003d60                init_PID_ultrazvuk
 .text.start_encoder
                0x08003dcc       0x14 Src/motorcontrol.o
                0x08003dcc                start_encoder
 .text.reset_distance
                0x08003de0       0x14 Src/motorcontrol.o
                0x08003de0                reset_distance
 .text.distance_traveled
                0x08003df4       0x24 Src/motorcontrol.o
                0x08003df4                distance_traveled
 .text.Travel_rovne
                0x08003e18      0x108 Src/motorcontrol.o
                0x08003e18                Travel_rovne
 .text.Travel_turn
                0x08003f20      0x168 Src/motorcontrol.o
                0x08003f20                Travel_turn
 .text.HAL_MspInit
                0x08004088       0x1c Src/stm32l0xx_hal_msp.o
                0x08004088                HAL_MspInit
 .text.HAL_TIM_Base_MspInit
                0x080040a4       0x7c Src/stm32l0xx_hal_msp.o
                0x080040a4                HAL_TIM_Base_MspInit
 .text.HAL_TIM_MspPostInit
                0x08004120       0xa8 Src/stm32l0xx_hal_msp.o
                0x08004120                HAL_TIM_MspPostInit
 .text.HAL_UART_MspInit
                0x080041c8       0xe0 Src/stm32l0xx_hal_msp.o
                0x080041c8                HAL_UART_MspInit
 .text.NMI_Handler
                0x080042a8        0x2 Src/stm32l0xx_it.o
                0x080042a8                NMI_Handler
 .text.HardFault_Handler
                0x080042aa        0x2 Src/stm32l0xx_it.o
                0x080042aa                HardFault_Handler
 .text.SVC_Handler
                0x080042ac        0x2 Src/stm32l0xx_it.o
                0x080042ac                SVC_Handler
 .text.PendSV_Handler
                0x080042ae        0x2 Src/stm32l0xx_it.o
                0x080042ae                PendSV_Handler
 .text.SysTick_Handler
                0x080042b0        0x8 Src/stm32l0xx_it.o
                0x080042b0                SysTick_Handler
 .text.EXTI4_15_IRQHandler
                0x080042b8       0x50 Src/stm32l0xx_it.o
                0x080042b8                EXTI4_15_IRQHandler
 .text.DMA1_Channel2_3_IRQHandler
                0x08004308       0x18 Src/stm32l0xx_it.o
                0x08004308                DMA1_Channel2_3_IRQHandler
 .text.TIM3_IRQHandler
                0x08004320       0x10 Src/stm32l0xx_it.o
                0x08004320                TIM3_IRQHandler
 .text.TIM6_DAC_IRQHandler
                0x08004330       0x10 Src/stm32l0xx_it.o
                0x08004330                TIM6_DAC_IRQHandler
 .text.TIM22_IRQHandler
                0x08004340       0x10 Src/stm32l0xx_it.o
                0x08004340                TIM22_IRQHandler
 .text.USART1_IRQHandler
                0x08004350       0x20 Src/stm32l0xx_it.o
                0x08004350                USART1_IRQHandler
 .text.SystemInit
                0x08004370       0x5c Src/system_stm32l0xx.o
                0x08004370                SystemInit
 .text.Reset_Handler
                0x080043cc       0x50 startup/startup_stm32l073xx.o
                0x080043cc                Reset_Handler
 .text.Default_Handler
                0x0800441c        0x2 startup/startup_stm32l073xx.o
                0x0800441c                TSC_IRQHandler
                0x0800441c                ADC1_COMP_IRQHandler
                0x0800441c                PVD_IRQHandler
                0x0800441c                I2C1_IRQHandler
                0x0800441c                RCC_CRS_IRQHandler
                0x0800441c                SPI1_IRQHandler
                0x0800441c                EXTI2_3_IRQHandler
                0x0800441c                I2C2_IRQHandler
                0x0800441c                RTC_IRQHandler
                0x0800441c                LCD_IRQHandler
                0x0800441c                DMA1_Channel4_5_6_7_IRQHandler
                0x0800441c                DMA1_Channel1_IRQHandler
                0x0800441c                USART4_5_IRQHandler
                0x0800441c                Default_Handler
                0x0800441c                TIM7_IRQHandler
                0x0800441c                EXTI0_1_IRQHandler
                0x0800441c                USB_IRQHandler
                0x0800441c                I2C3_IRQHandler
                0x0800441c                SPI2_IRQHandler
                0x0800441c                TIM21_IRQHandler
                0x0800441c                WWDG_IRQHandler
                0x0800441c                TIM2_IRQHandler
                0x0800441c                USART2_IRQHandler
                0x0800441c                FLASH_IRQHandler
                0x0800441c                RNG_LPUART1_IRQHandler
                0x0800441c                LPTIM1_IRQHandler
 *fill*         0x0800441e        0x2 
 .text.__libc_init_array
                0x08004420       0x48 c:/ac6/systemworkbench/plugins/fr.ac6.mcu.externaltools.arm-none.win32_1.17.0.201812190825/tools/compiler/bin/../lib/gcc/arm-none-eabi/7.3.1/../../../../arm-none-eabi/lib/thumb/v6-m\libc_nano.a(lib_a-init.o)
                0x08004420                __libc_init_array
 .text.memset   0x08004468       0x10 c:/ac6/systemworkbench/plugins/fr.ac6.mcu.externaltools.arm-none.win32_1.17.0.201812190825/tools/compiler/bin/../lib/gcc/arm-none-eabi/7.3.1/../../../../arm-none-eabi/lib/thumb/v6-m\libc_nano.a(lib_a-memset.o)
                0x08004468                memset
 *(.glue_7)
 .glue_7        0x08004478        0x0 linker stubs
 *(.glue_7t)
 .glue_7t       0x08004478        0x0 linker stubs
 *(.eh_frame)
 .eh_frame      0x08004478        0x0 c:/ac6/systemworkbench/plugins/fr.ac6.mcu.externaltools.arm-none.win32_1.17.0.201812190825/tools/compiler/bin/../lib/gcc/arm-none-eabi/7.3.1/thumb/v6-m/crtbegin.o
 *(.init)
 .init          0x08004478        0x4 c:/ac6/systemworkbench/plugins/fr.ac6.mcu.externaltools.arm-none.win32_1.17.0.201812190825/tools/compiler/bin/../lib/gcc/arm-none-eabi/7.3.1/thumb/v6-m/crti.o
                0x08004478                _init
 .init          0x0800447c        0x8 c:/ac6/systemworkbench/plugins/fr.ac6.mcu.externaltools.arm-none.win32_1.17.0.201812190825/tools/compiler/bin/../lib/gcc/arm-none-eabi/7.3.1/thumb/v6-m/crtn.o
 *(.fini)
 .fini          0x08004484        0x4 c:/ac6/systemworkbench/plugins/fr.ac6.mcu.externaltools.arm-none.win32_1.17.0.201812190825/tools/compiler/bin/../lib/gcc/arm-none-eabi/7.3.1/thumb/v6-m/crti.o
                0x08004484                _fini
 .fini          0x08004488        0x8 c:/ac6/systemworkbench/plugins/fr.ac6.mcu.externaltools.arm-none.win32_1.17.0.201812190825/tools/compiler/bin/../lib/gcc/arm-none-eabi/7.3.1/thumb/v6-m/crtn.o
                0x08004490                . = ALIGN (0x4)
                0x08004490                _etext = .

.vfp11_veneer   0x08004490        0x0
 .vfp11_veneer  0x08004490        0x0 linker stubs

.v4_bx          0x08004490        0x0
 .v4_bx         0x08004490        0x0 linker stubs

.iplt           0x08004490        0x0
 .iplt          0x08004490        0x0 c:/ac6/systemworkbench/plugins/fr.ac6.mcu.externaltools.arm-none.win32_1.17.0.201812190825/tools/compiler/bin/../lib/gcc/arm-none-eabi/7.3.1/thumb/v6-m/crtbegin.o

.rodata         0x08004490      0x12c
                0x08004490                . = ALIGN (0x4)
 *(.rodata)
 .rodata        0x08004490       0x48 Drivers/STM32L0xx_HAL_Driver/Src/stm32l0xx_hal_uart.o
 .rodata        0x080044d8       0x24 Src/system_stm32l0xx.o
                0x080044d8                PLLMulTable
                0x080044e4                AHBPrescTable
                0x080044f4                APBPrescTable
 .rodata        0x080044fc       0x80 c:/ac6/systemworkbench/plugins/fr.ac6.mcu.externaltools.arm-none.win32_1.17.0.201812190825/tools/compiler/bin/../lib/gcc/arm-none-eabi/7.3.1/thumb/v6-m\libgcc.a(divsf3.o)
 .rodata        0x0800457c       0x40 c:/ac6/systemworkbench/plugins/fr.ac6.mcu.externaltools.arm-none.win32_1.17.0.201812190825/tools/compiler/bin/../lib/gcc/arm-none-eabi/7.3.1/thumb/v6-m\libgcc.a(mulsf3.o)
 *(.rodata*)
                0x080045bc                . = ALIGN (0x4)

.ARM.extab
 *(.ARM.extab* .gnu.linkonce.armextab.*)

.ARM            0x080045bc        0x8
                0x080045bc                __exidx_start = .
 *(.ARM.exidx*)
 .ARM.exidx     0x080045bc        0x8 c:/ac6/systemworkbench/plugins/fr.ac6.mcu.externaltools.arm-none.win32_1.17.0.201812190825/tools/compiler/bin/../lib/gcc/arm-none-eabi/7.3.1/thumb/v6-m\libgcc.a(_udivmoddi4.o)
                0x080045c4                __exidx_end = .

.rel.dyn        0x080045c4        0x0
 .rel.iplt      0x080045c4        0x0 c:/ac6/systemworkbench/plugins/fr.ac6.mcu.externaltools.arm-none.win32_1.17.0.201812190825/tools/compiler/bin/../lib/gcc/arm-none-eabi/7.3.1/thumb/v6-m/crtbegin.o

.preinit_array  0x080045c4        0x0
                0x080045c4                PROVIDE (__preinit_array_start = .)
 *(.preinit_array*)
                0x080045c4                PROVIDE (__preinit_array_end = .)

.init_array     0x080045c4        0x4
                0x080045c4                PROVIDE (__init_array_start = .)
 *(SORT_BY_NAME(.init_array.*))
 *(.init_array*)
 .init_array    0x080045c4        0x4 c:/ac6/systemworkbench/plugins/fr.ac6.mcu.externaltools.arm-none.win32_1.17.0.201812190825/tools/compiler/bin/../lib/gcc/arm-none-eabi/7.3.1/thumb/v6-m/crtbegin.o
                0x080045c8                PROVIDE (__init_array_end = .)

.fini_array     0x080045c8        0x4
                [!provide]                PROVIDE (__fini_array_start = .)
 *(SORT_BY_NAME(.fini_array.*))
 *(.fini_array*)
 .fini_array    0x080045c8        0x4 c:/ac6/systemworkbench/plugins/fr.ac6.mcu.externaltools.arm-none.win32_1.17.0.201812190825/tools/compiler/bin/../lib/gcc/arm-none-eabi/7.3.1/thumb/v6-m/crtbegin.o
                [!provide]                PROVIDE (__fini_array_end = .)
                0x080045cc                _sidata = LOADADDR (.data)

.data           0x20000000        0x4 load address 0x080045cc
                0x20000000                . = ALIGN (0x4)
                0x20000000                _sdata = .
 *(.data)
 .data          0x20000000        0x4 Src/system_stm32l0xx.o
                0x20000000                SystemCoreClock
 *(.data*)
                0x20000004                . = ALIGN (0x4)
                0x20000004                _edata = .

.igot.plt       0x20000004        0x0 load address 0x080045d0
 .igot.plt      0x20000004        0x0 c:/ac6/systemworkbench/plugins/fr.ac6.mcu.externaltools.arm-none.win32_1.17.0.201812190825/tools/compiler/bin/../lib/gcc/arm-none-eabi/7.3.1/thumb/v6-m/crtbegin.o
                0x20000004                . = ALIGN (0x4)

.bss            0x20000004      0x2c4 load address 0x080045d0
                0x20000004                _sbss = .
                0x20000004                __bss_start__ = _sbss
 *(.bss)
 .bss           0x20000004       0x1c c:/ac6/systemworkbench/plugins/fr.ac6.mcu.externaltools.arm-none.win32_1.17.0.201812190825/tools/compiler/bin/../lib/gcc/arm-none-eabi/7.3.1/thumb/v6-m/crtbegin.o
 *(.bss*)
 *(COMMON)
 COMMON         0x20000020        0x4 Drivers/STM32L0xx_HAL_Driver/Src/stm32l0xx_hal.o
                0x20000020                uwTick
 COMMON         0x20000024        0x1 Src/Bluetooth.o
                0x20000024                bluetooth_memory
 *fill*         0x20000025        0x3 
 COMMON         0x20000028       0x24 Src/Cerpadlo.o
                0x20000028                tempdistance
                0x2000002c                cerpadlo1
                0x20000030                distance_cerpadlo
                0x20000034                counter_cerpadlo
                0x20000038                distance1
                0x2000003c                distance2
                0x20000040                timeout
                0x20000044                cerpadlo2
                0x20000048                speed_cerpadla
 COMMON         0x2000004c       0x11 Src/External_interupt.o
                0x2000004c                logic1
                0x20000050                TIM_ultrasound
                0x20000054                dist2
                0x20000058                dist1
                0x2000005c                logic2
 *fill*         0x2000005d        0x3 
 COMMON         0x20000060      0x1c4 Src/main.o
                0x20000060                htim3
                0x2000009c                hdma_usart1_tx
                0x200000e4                hdma_usart1_rx
                0x2000012c                htim22
                0x20000168                huart1
                0x200001e8                htim6
 COMMON         0x20000224       0xa4 Src/motorcontrol.o
                0x20000224                maxdistance
                0x20000228                Derivate
                0x2000022c                Derivate2
                0x20000230                speed4
                0x20000234                LastError2
                0x20000238                b
                0x2000023c                response
                0x20000240                Kd2
                0x20000244                speed2
                0x20000248                timer
                0x2000024c                Ki
                0x20000250                timer2
                0x20000254                Integral2
                0x20000258                otacky1
                0x2000025c                LastError
                0x20000260                pow1
                0x20000264                distance
                0x20000268                set_speed_rigth
                0x2000026c                left
                0x20000270                speed_cerpadlo_nahoru
                0x20000274                otacky2
                0x20000278                chan1
                0x2000027a                speed3
                0x2000027c                etalon
                0x20000280                Turn
                0x20000284                rigth
                0x20000288                set_speed_left
                0x2000028c                currentdistance1
                0x20000290                Kd
                0x20000294                speed_cerpadlo_dolu
                0x20000298                error
                0x2000029c                Ki2
                0x200002a0                Integral
                0x200002a4                Kp
                0x200002a8                Kp2
                0x200002ac                speed1
                0x200002ae                a
                0x200002af                total_stop
                0x200002b0                logic
                0x200002b4                chan2
                0x200002b8                currentdistance
                0x200002bc                stop
                0x200002c0                pow2
                0x200002c4                currentdistance2
                0x200002c8                . = ALIGN (0x4)
                0x200002c8                _ebss = .
                0x200002c8                __bss_end__ = _ebss

._user_heap_stack
                0x200002c8      0x600 load address 0x080045d0
                0x200002c8                . = ALIGN (0x8)
                [!provide]                PROVIDE (end = .)
                [!provide]                PROVIDE (_end = .)
                0x200004c8                . = (. + _Min_Heap_Size)
 *fill*         0x200002c8      0x200 
                0x200008c8                . = (. + _Min_Stack_Size)
 *fill*         0x200004c8      0x400 
                0x200008c8                . = ALIGN (0x8)

/DISCARD/
 libc.a(*)
 libm.a(*)
 libgcc.a(*)

.ARM.attributes
                0x00000000       0x28
 *(.ARM.attributes)
 .ARM.attributes
                0x00000000       0x1e c:/ac6/systemworkbench/plugins/fr.ac6.mcu.externaltools.arm-none.win32_1.17.0.201812190825/tools/compiler/bin/../lib/gcc/arm-none-eabi/7.3.1/thumb/v6-m/crti.o
 .ARM.attributes
                0x0000001e       0x2c c:/ac6/systemworkbench/plugins/fr.ac6.mcu.externaltools.arm-none.win32_1.17.0.201812190825/tools/compiler/bin/../lib/gcc/arm-none-eabi/7.3.1/thumb/v6-m/crtbegin.o
 .ARM.attributes
                0x0000004a       0x32 Drivers/STM32L0xx_HAL_Driver/Src/stm32l0xx_hal.o
 .ARM.attributes
                0x0000007c       0x32 Drivers/STM32L0xx_HAL_Driver/Src/stm32l0xx_hal_cortex.o
 .ARM.attributes
                0x000000ae       0x32 Drivers/STM32L0xx_HAL_Driver/Src/stm32l0xx_hal_dma.o
 .ARM.attributes
                0x000000e0       0x32 Drivers/STM32L0xx_HAL_Driver/Src/stm32l0xx_hal_gpio.o
 .ARM.attributes
                0x00000112       0x32 Drivers/STM32L0xx_HAL_Driver/Src/stm32l0xx_hal_rcc.o
 .ARM.attributes
                0x00000144       0x32 Drivers/STM32L0xx_HAL_Driver/Src/stm32l0xx_hal_rcc_ex.o
 .ARM.attributes
                0x00000176       0x32 Drivers/STM32L0xx_HAL_Driver/Src/stm32l0xx_hal_tim.o
 .ARM.attributes
                0x000001a8       0x32 Drivers/STM32L0xx_HAL_Driver/Src/stm32l0xx_hal_tim_ex.o
 .ARM.attributes
                0x000001da       0x32 Drivers/STM32L0xx_HAL_Driver/Src/stm32l0xx_hal_uart.o
 .ARM.attributes
                0x0000020c       0x32 Drivers/STM32L0xx_HAL_Driver/Src/stm32l0xx_hal_uart_ex.o
 .ARM.attributes
                0x0000023e       0x32 Src/Bluetooth.o
 .ARM.attributes
                0x00000270       0x32 Src/Cerpadlo.o
 .ARM.attributes
                0x000002a2       0x32 Src/External_interupt.o
 .ARM.attributes
                0x000002d4       0x32 Src/Ultrasound.o
 .ARM.attributes
                0x00000306       0x32 Src/main.o
 .ARM.attributes
                0x00000338       0x32 Src/motorcontrol.o
 .ARM.attributes
                0x0000036a       0x32 Src/stm32l0xx_hal_msp.o
 .ARM.attributes
                0x0000039c       0x32 Src/stm32l0xx_it.o
 .ARM.attributes
                0x000003ce       0x32 Src/system_stm32l0xx.o
 .ARM.attributes
                0x00000400       0x22 startup/startup_stm32l073xx.o
 .ARM.attributes
                0x00000422       0x1e c:/ac6/systemworkbench/plugins/fr.ac6.mcu.externaltools.arm-none.win32_1.17.0.201812190825/tools/compiler/bin/../lib/gcc/arm-none-eabi/7.3.1/thumb/v6-m\libgcc.a(_udivsi3.o)
 .ARM.attributes
                0x00000440       0x1e c:/ac6/systemworkbench/plugins/fr.ac6.mcu.externaltools.arm-none.win32_1.17.0.201812190825/tools/compiler/bin/../lib/gcc/arm-none-eabi/7.3.1/thumb/v6-m\libgcc.a(_divsi3.o)
 .ARM.attributes
                0x0000045e       0x1e c:/ac6/systemworkbench/plugins/fr.ac6.mcu.externaltools.arm-none.win32_1.17.0.201812190825/tools/compiler/bin/../lib/gcc/arm-none-eabi/7.3.1/thumb/v6-m\libgcc.a(_dvmd_tls.o)
 .ARM.attributes
                0x0000047c       0x1e c:/ac6/systemworkbench/plugins/fr.ac6.mcu.externaltools.arm-none.win32_1.17.0.201812190825/tools/compiler/bin/../lib/gcc/arm-none-eabi/7.3.1/thumb/v6-m\libgcc.a(_arm_cmpsf2.o)
 .ARM.attributes
                0x0000049a       0x1e c:/ac6/systemworkbench/plugins/fr.ac6.mcu.externaltools.arm-none.win32_1.17.0.201812190825/tools/compiler/bin/../lib/gcc/arm-none-eabi/7.3.1/thumb/v6-m\libgcc.a(_aeabi_uldivmod.o)
 .ARM.attributes
                0x000004b8       0x2c c:/ac6/systemworkbench/plugins/fr.ac6.mcu.externaltools.arm-none.win32_1.17.0.201812190825/tools/compiler/bin/../lib/gcc/arm-none-eabi/7.3.1/thumb/v6-m\libgcc.a(_udivmoddi4.o)
 .ARM.attributes
                0x000004e4       0x2c c:/ac6/systemworkbench/plugins/fr.ac6.mcu.externaltools.arm-none.win32_1.17.0.201812190825/tools/compiler/bin/../lib/gcc/arm-none-eabi/7.3.1/thumb/v6-m\libgcc.a(addsf3.o)
 .ARM.attributes
                0x00000510       0x2c c:/ac6/systemworkbench/plugins/fr.ac6.mcu.externaltools.arm-none.win32_1.17.0.201812190825/tools/compiler/bin/../lib/gcc/arm-none-eabi/7.3.1/thumb/v6-m\libgcc.a(divsf3.o)
 .ARM.attributes
                0x0000053c       0x2c c:/ac6/systemworkbench/plugins/fr.ac6.mcu.externaltools.arm-none.win32_1.17.0.201812190825/tools/compiler/bin/../lib/gcc/arm-none-eabi/7.3.1/thumb/v6-m\libgcc.a(eqsf2.o)
 .ARM.attributes
                0x00000568       0x2c c:/ac6/systemworkbench/plugins/fr.ac6.mcu.externaltools.arm-none.win32_1.17.0.201812190825/tools/compiler/bin/../lib/gcc/arm-none-eabi/7.3.1/thumb/v6-m\libgcc.a(gesf2.o)
 .ARM.attributes
                0x00000594       0x2c c:/ac6/systemworkbench/plugins/fr.ac6.mcu.externaltools.arm-none.win32_1.17.0.201812190825/tools/compiler/bin/../lib/gcc/arm-none-eabi/7.3.1/thumb/v6-m\libgcc.a(lesf2.o)
 .ARM.attributes
                0x000005c0       0x2c c:/ac6/systemworkbench/plugins/fr.ac6.mcu.externaltools.arm-none.win32_1.17.0.201812190825/tools/compiler/bin/../lib/gcc/arm-none-eabi/7.3.1/thumb/v6-m\libgcc.a(mulsf3.o)
 .ARM.attributes
                0x000005ec       0x2c c:/ac6/systemworkbench/plugins/fr.ac6.mcu.externaltools.arm-none.win32_1.17.0.201812190825/tools/compiler/bin/../lib/gcc/arm-none-eabi/7.3.1/thumb/v6-m\libgcc.a(subsf3.o)
 .ARM.attributes
                0x00000618       0x2c c:/ac6/systemworkbench/plugins/fr.ac6.mcu.externaltools.arm-none.win32_1.17.0.201812190825/tools/compiler/bin/../lib/gcc/arm-none-eabi/7.3.1/thumb/v6-m\libgcc.a(fixsfsi.o)
 .ARM.attributes
                0x00000644       0x2c c:/ac6/systemworkbench/plugins/fr.ac6.mcu.externaltools.arm-none.win32_1.17.0.201812190825/tools/compiler/bin/../lib/gcc/arm-none-eabi/7.3.1/thumb/v6-m\libgcc.a(floatsisf.o)
 .ARM.attributes
                0x00000670       0x1e c:/ac6/systemworkbench/plugins/fr.ac6.mcu.externaltools.arm-none.win32_1.17.0.201812190825/tools/compiler/bin/../lib/gcc/arm-none-eabi/7.3.1/thumb/v6-m\libgcc.a(_clzsi2.o)
 .ARM.attributes
                0x0000068e       0x1e c:/ac6/systemworkbench/plugins/fr.ac6.mcu.externaltools.arm-none.win32_1.17.0.201812190825/tools/compiler/bin/../lib/gcc/arm-none-eabi/7.3.1/thumb/v6-m\libgcc.a(_clzdi2.o)
 .ARM.attributes
                0x000006ac       0x2c c:/ac6/systemworkbench/plugins/fr.ac6.mcu.externaltools.arm-none.win32_1.17.0.201812190825/tools/compiler/bin/../lib/gcc/arm-none-eabi/7.3.1/../../../../arm-none-eabi/lib/thumb/v6-m\libc_nano.a(lib_a-init.o)
 .ARM.attributes
                0x000006d8       0x2c c:/ac6/systemworkbench/plugins/fr.ac6.mcu.externaltools.arm-none.win32_1.17.0.201812190825/tools/compiler/bin/../lib/gcc/arm-none-eabi/7.3.1/../../../../arm-none-eabi/lib/thumb/v6-m\libc_nano.a(lib_a-memset.o)
 .ARM.attributes
                0x00000704       0x1e c:/ac6/systemworkbench/plugins/fr.ac6.mcu.externaltools.arm-none.win32_1.17.0.201812190825/tools/compiler/bin/../lib/gcc/arm-none-eabi/7.3.1/thumb/v6-m/crtn.o
OUTPUT(Pokus.elf elf32-littlearm)

.debug_info     0x00000000     0xf40e
 .debug_info    0x00000000      0x86d Drivers/STM32L0xx_HAL_Driver/Src/stm32l0xx_hal.o
 .debug_info    0x0000086d      0x995 Drivers/STM32L0xx_HAL_Driver/Src/stm32l0xx_hal_cortex.o
 .debug_info    0x00001202      0x817 Drivers/STM32L0xx_HAL_Driver/Src/stm32l0xx_hal_dma.o
 .debug_info    0x00001a19      0x6d4 Drivers/STM32L0xx_HAL_Driver/Src/stm32l0xx_hal_gpio.o
 .debug_info    0x000020ed      0xc54 Drivers/STM32L0xx_HAL_Driver/Src/stm32l0xx_hal_rcc.o
 .debug_info    0x00002d41      0x92f Drivers/STM32L0xx_HAL_Driver/Src/stm32l0xx_hal_rcc_ex.o
 .debug_info    0x00003670     0x300b Drivers/STM32L0xx_HAL_Driver/Src/stm32l0xx_hal_tim.o
 .debug_info    0x0000667b      0x68b Drivers/STM32L0xx_HAL_Driver/Src/stm32l0xx_hal_tim_ex.o
 .debug_info    0x00006d06     0x1b21 Drivers/STM32L0xx_HAL_Driver/Src/stm32l0xx_hal_uart.o
 .debug_info    0x00008827      0x980 Drivers/STM32L0xx_HAL_Driver/Src/stm32l0xx_hal_uart_ex.o
 .debug_info    0x000091a7      0x712 Src/Bluetooth.o
 .debug_info    0x000098b9      0x507 Src/Cerpadlo.o
 .debug_info    0x00009dc0      0x81e Src/External_interupt.o
 .debug_info    0x0000a5de      0x6c5 Src/Ultrasound.o
 .debug_info    0x0000aca3     0x1a38 Src/main.o
 .debug_info    0x0000c6db      0xed4 Src/motorcontrol.o
 .debug_info    0x0000d5af      0xf8a Src/stm32l0xx_hal_msp.o
 .debug_info    0x0000e539      0xb1e Src/stm32l0xx_it.o
 .debug_info    0x0000f057      0x395 Src/system_stm32l0xx.o
 .debug_info    0x0000f3ec       0x22 startup/startup_stm32l073xx.o

.debug_abbrev   0x00000000     0x2559
 .debug_abbrev  0x00000000      0x236 Drivers/STM32L0xx_HAL_Driver/Src/stm32l0xx_hal.o
 .debug_abbrev  0x00000236      0x24c Drivers/STM32L0xx_HAL_Driver/Src/stm32l0xx_hal_cortex.o
 .debug_abbrev  0x00000482      0x1fb Drivers/STM32L0xx_HAL_Driver/Src/stm32l0xx_hal_dma.o
 .debug_abbrev  0x0000067d      0x1cf Drivers/STM32L0xx_HAL_Driver/Src/stm32l0xx_hal_gpio.o
 .debug_abbrev  0x0000084c      0x27b Drivers/STM32L0xx_HAL_Driver/Src/stm32l0xx_hal_rcc.o
 .debug_abbrev  0x00000ac7      0x1ff Drivers/STM32L0xx_HAL_Driver/Src/stm32l0xx_hal_rcc_ex.o
 .debug_abbrev  0x00000cc6      0x224 Drivers/STM32L0xx_HAL_Driver/Src/stm32l0xx_hal_tim.o
 .debug_abbrev  0x00000eea      0x1ab Drivers/STM32L0xx_HAL_Driver/Src/stm32l0xx_hal_tim_ex.o
 .debug_abbrev  0x00001095      0x25c Drivers/STM32L0xx_HAL_Driver/Src/stm32l0xx_hal_uart.o
 .debug_abbrev  0x000012f1      0x235 Drivers/STM32L0xx_HAL_Driver/Src/stm32l0xx_hal_uart_ex.o
 .debug_abbrev  0x00001526      0x1b1 Src/Bluetooth.o
 .debug_abbrev  0x000016d7      0x16f Src/Cerpadlo.o
 .debug_abbrev  0x00001846      0x1a8 Src/External_interupt.o
 .debug_abbrev  0x000019ee      0x1c0 Src/Ultrasound.o
 .debug_abbrev  0x00001bae      0x24d Src/main.o
 .debug_abbrev  0x00001dfb      0x268 Src/motorcontrol.o
 .debug_abbrev  0x00002063      0x228 Src/stm32l0xx_hal_msp.o
 .debug_abbrev  0x0000228b      0x1ab Src/stm32l0xx_it.o
 .debug_abbrev  0x00002436      0x111 Src/system_stm32l0xx.o
 .debug_abbrev  0x00002547       0x12 startup/startup_stm32l073xx.o

.debug_loc      0x00000000     0x802d
 .debug_loc     0x00000000      0x12c Drivers/STM32L0xx_HAL_Driver/Src/stm32l0xx_hal.o
 .debug_loc     0x0000012c      0x3b4 Drivers/STM32L0xx_HAL_Driver/Src/stm32l0xx_hal_cortex.o
 .debug_loc     0x000004e0      0x7a6 Drivers/STM32L0xx_HAL_Driver/Src/stm32l0xx_hal_dma.o
 .debug_loc     0x00000c86      0x2d1 Drivers/STM32L0xx_HAL_Driver/Src/stm32l0xx_hal_gpio.o
 .debug_loc     0x00000f57      0x58c Drivers/STM32L0xx_HAL_Driver/Src/stm32l0xx_hal_rcc.o
 .debug_loc     0x000014e3      0xad1 Drivers/STM32L0xx_HAL_Driver/Src/stm32l0xx_hal_rcc_ex.o
 .debug_loc     0x00001fb4     0x3954 Drivers/STM32L0xx_HAL_Driver/Src/stm32l0xx_hal_tim.o
 .debug_loc     0x00005908       0xc7 Drivers/STM32L0xx_HAL_Driver/Src/stm32l0xx_hal_tim_ex.o
 .debug_loc     0x000059cf     0x1b0f Drivers/STM32L0xx_HAL_Driver/Src/stm32l0xx_hal_uart.o
 .debug_loc     0x000074de      0x34c Drivers/STM32L0xx_HAL_Driver/Src/stm32l0xx_hal_uart_ex.o
 .debug_loc     0x0000782a       0x2c Src/Bluetooth.o
 .debug_loc     0x00007856       0x92 Src/Cerpadlo.o
 .debug_loc     0x000078e8       0x3a Src/External_interupt.o
 .debug_loc     0x00007922       0x2d Src/Ultrasound.o
 .debug_loc     0x0000794f      0x39b Src/motorcontrol.o
 .debug_loc     0x00007cea      0x1a1 Src/stm32l0xx_hal_msp.o
 .debug_loc     0x00007e8b      0x1a2 Src/system_stm32l0xx.o

.debug_aranges  0x00000000      0xc80
 .debug_aranges
                0x00000000       0xf8 Drivers/STM32L0xx_HAL_Driver/Src/stm32l0xx_hal.o
 .debug_aranges
                0x000000f8       0x90 Drivers/STM32L0xx_HAL_Driver/Src/stm32l0xx_hal_cortex.o
 .debug_aranges
                0x00000188       0x80 Drivers/STM32L0xx_HAL_Driver/Src/stm32l0xx_hal_dma.o
 .debug_aranges
                0x00000208       0x58 Drivers/STM32L0xx_HAL_Driver/Src/stm32l0xx_hal_gpio.o
 .debug_aranges
                0x00000260       0x80 Drivers/STM32L0xx_HAL_Driver/Src/stm32l0xx_hal_rcc.o
 .debug_aranges
                0x000002e0       0xb0 Drivers/STM32L0xx_HAL_Driver/Src/stm32l0xx_hal_rcc_ex.o
 .debug_aranges
                0x00000390      0x3a8 Drivers/STM32L0xx_HAL_Driver/Src/stm32l0xx_hal_tim.o
 .debug_aranges
                0x00000738       0x28 Drivers/STM32L0xx_HAL_Driver/Src/stm32l0xx_hal_tim_ex.o
 .debug_aranges
                0x00000760      0x1f8 Drivers/STM32L0xx_HAL_Driver/Src/stm32l0xx_hal_uart.o
 .debug_aranges
                0x00000958       0x60 Drivers/STM32L0xx_HAL_Driver/Src/stm32l0xx_hal_uart_ex.o
 .debug_aranges
                0x000009b8       0x30 Src/Bluetooth.o
 .debug_aranges
                0x000009e8       0x50 Src/Cerpadlo.o
 .debug_aranges
                0x00000a38       0x20 Src/External_interupt.o
 .debug_aranges
                0x00000a58       0x38 Src/Ultrasound.o
 .debug_aranges
                0x00000a90       0x60 Src/main.o
 .debug_aranges
                0x00000af0       0x88 Src/motorcontrol.o
 .debug_aranges
                0x00000b78       0x48 Src/stm32l0xx_hal_msp.o
 .debug_aranges
                0x00000bc0       0x70 Src/stm32l0xx_it.o
 .debug_aranges
                0x00000c30       0x28 Src/system_stm32l0xx.o
 .debug_aranges
                0x00000c58       0x28 startup/startup_stm32l073xx.o

.debug_ranges   0x00000000      0xbd8
 .debug_ranges  0x00000000       0xe8 Drivers/STM32L0xx_HAL_Driver/Src/stm32l0xx_hal.o
 .debug_ranges  0x000000e8       0xc8 Drivers/STM32L0xx_HAL_Driver/Src/stm32l0xx_hal_cortex.o
 .debug_ranges  0x000001b0       0x70 Drivers/STM32L0xx_HAL_Driver/Src/stm32l0xx_hal_dma.o
 .debug_ranges  0x00000220       0x48 Drivers/STM32L0xx_HAL_Driver/Src/stm32l0xx_hal_gpio.o
 .debug_ranges  0x00000268       0xa0 Drivers/STM32L0xx_HAL_Driver/Src/stm32l0xx_hal_rcc.o
 .debug_ranges  0x00000308       0xb8 Drivers/STM32L0xx_HAL_Driver/Src/stm32l0xx_hal_rcc_ex.o
 .debug_ranges  0x000003c0      0x398 Drivers/STM32L0xx_HAL_Driver/Src/stm32l0xx_hal_tim.o
 .debug_ranges  0x00000758       0x18 Drivers/STM32L0xx_HAL_Driver/Src/stm32l0xx_hal_tim_ex.o
 .debug_ranges  0x00000770      0x1e8 Drivers/STM32L0xx_HAL_Driver/Src/stm32l0xx_hal_uart.o
 .debug_ranges  0x00000958       0x50 Drivers/STM32L0xx_HAL_Driver/Src/stm32l0xx_hal_uart_ex.o
 .debug_ranges  0x000009a8       0x20 Src/Bluetooth.o
 .debug_ranges  0x000009c8       0x40 Src/Cerpadlo.o
 .debug_ranges  0x00000a08       0x10 Src/External_interupt.o
 .debug_ranges  0x00000a18       0x28 Src/Ultrasound.o
 .debug_ranges  0x00000a40       0x50 Src/main.o
 .debug_ranges  0x00000a90       0x78 Src/motorcontrol.o
 .debug_ranges  0x00000b08       0x38 Src/stm32l0xx_hal_msp.o
 .debug_ranges  0x00000b40       0x60 Src/stm32l0xx_it.o
 .debug_ranges  0x00000ba0       0x18 Src/system_stm32l0xx.o
 .debug_ranges  0x00000bb8       0x20 startup/startup_stm32l073xx.o

.debug_macro    0x00000000    0x149e1
 .debug_macro   0x00000000      0x1dc Drivers/STM32L0xx_HAL_Driver/Src/stm32l0xx_hal.o
 .debug_macro   0x000001dc      0xa4e Drivers/STM32L0xx_HAL_Driver/Src/stm32l0xx_hal.o
 .debug_macro   0x00000c2a       0xa3 Drivers/STM32L0xx_HAL_Driver/Src/stm32l0xx_hal.o
 .debug_macro   0x00000ccd       0x2e Drivers/STM32L0xx_HAL_Driver/Src/stm32l0xx_hal.o
 .debug_macro   0x00000cfb       0x28 Drivers/STM32L0xx_HAL_Driver/Src/stm32l0xx_hal.o
 .debug_macro   0x00000d23       0x22 Drivers/STM32L0xx_HAL_Driver/Src/stm32l0xx_hal.o
 .debug_macro   0x00000d45       0x8e Drivers/STM32L0xx_HAL_Driver/Src/stm32l0xx_hal.o
 .debug_macro   0x00000dd3       0x51 Drivers/STM32L0xx_HAL_Driver/Src/stm32l0xx_hal.o
 .debug_macro   0x00000e24       0xef Drivers/STM32L0xx_HAL_Driver/Src/stm32l0xx_hal.o
 .debug_macro   0x00000f13       0x6a Drivers/STM32L0xx_HAL_Driver/Src/stm32l0xx_hal.o
 .debug_macro   0x00000f7d      0x1df Drivers/STM32L0xx_HAL_Driver/Src/stm32l0xx_hal.o
 .debug_macro   0x0000115c       0x34 Drivers/STM32L0xx_HAL_Driver/Src/stm32l0xx_hal.o
 .debug_macro   0x00001190       0x26 Drivers/STM32L0xx_HAL_Driver/Src/stm32l0xx_hal.o
 .debug_macro   0x000011b6      0x44f Drivers/STM32L0xx_HAL_Driver/Src/stm32l0xx_hal.o
 .debug_macro   0x00001605     0xa43e Drivers/STM32L0xx_HAL_Driver/Src/stm32l0xx_hal.o
 .debug_macro   0x0000ba43       0x3c Drivers/STM32L0xx_HAL_Driver/Src/stm32l0xx_hal.o
 .debug_macro   0x0000ba7f     0x34ca Drivers/STM32L0xx_HAL_Driver/Src/stm32l0xx_hal.o
 .debug_macro   0x0000ef49      0x174 Drivers/STM32L0xx_HAL_Driver/Src/stm32l0xx_hal.o
 .debug_macro   0x0000f0bd       0x4f Drivers/STM32L0xx_HAL_Driver/Src/stm32l0xx_hal.o
 .debug_macro   0x0000f10c      0x8e4 Drivers/STM32L0xx_HAL_Driver/Src/stm32l0xx_hal.o
 .debug_macro   0x0000f9f0      0xbb4 Drivers/STM32L0xx_HAL_Driver/Src/stm32l0xx_hal.o
 .debug_macro   0x000105a4      0x13f Drivers/STM32L0xx_HAL_Driver/Src/stm32l0xx_hal.o
 .debug_macro   0x000106e3      0x1d1 Drivers/STM32L0xx_HAL_Driver/Src/stm32l0xx_hal.o
 .debug_macro   0x000108b4      0x28e Drivers/STM32L0xx_HAL_Driver/Src/stm32l0xx_hal.o
 .debug_macro   0x00010b42      0x1e9 Drivers/STM32L0xx_HAL_Driver/Src/stm32l0xx_hal.o
 .debug_macro   0x00010d2b      0x13e Drivers/STM32L0xx_HAL_Driver/Src/stm32l0xx_hal.o
 .debug_macro   0x00010e69      0x4b5 Drivers/STM32L0xx_HAL_Driver/Src/stm32l0xx_hal.o
 .debug_macro   0x0001131e      0x22c Drivers/STM32L0xx_HAL_Driver/Src/stm32l0xx_hal.o
 .debug_macro   0x0001154a       0x5b Drivers/STM32L0xx_HAL_Driver/Src/stm32l0xx_hal.o
 .debug_macro   0x000115a5       0xa5 Drivers/STM32L0xx_HAL_Driver/Src/stm32l0xx_hal.o
 .debug_macro   0x0001164a      0x18d Drivers/STM32L0xx_HAL_Driver/Src/stm32l0xx_hal.o
 .debug_macro   0x000117d7       0x16 Drivers/STM32L0xx_HAL_Driver/Src/stm32l0xx_hal.o
 .debug_macro   0x000117ed      0x734 Drivers/STM32L0xx_HAL_Driver/Src/stm32l0xx_hal.o
 .debug_macro   0x00011f21       0xfc Drivers/STM32L0xx_HAL_Driver/Src/stm32l0xx_hal.o
 .debug_macro   0x0001201d      0x57b Drivers/STM32L0xx_HAL_Driver/Src/stm32l0xx_hal.o
 .debug_macro   0x00012598       0x44 Drivers/STM32L0xx_HAL_Driver/Src/stm32l0xx_hal.o
 .debug_macro   0x000125dc      0x199 Drivers/STM32L0xx_HAL_Driver/Src/stm32l0xx_hal.o
 .debug_macro   0x00012775      0x1b8 Drivers/STM32L0xx_HAL_Driver/Src/stm32l0xx_hal_cortex.o
 .debug_macro   0x0001292d      0x1b8 Drivers/STM32L0xx_HAL_Driver/Src/stm32l0xx_hal_dma.o
 .debug_macro   0x00012ae5      0x1f0 Drivers/STM32L0xx_HAL_Driver/Src/stm32l0xx_hal_gpio.o
 .debug_macro   0x00012cd5      0x1ee Drivers/STM32L0xx_HAL_Driver/Src/stm32l0xx_hal_rcc.o
 .debug_macro   0x00012ec3      0x1b8 Drivers/STM32L0xx_HAL_Driver/Src/stm32l0xx_hal_rcc_ex.o
 .debug_macro   0x0001307b      0x1b9 Drivers/STM32L0xx_HAL_Driver/Src/stm32l0xx_hal_tim.o
 .debug_macro   0x00013234      0x1b8 Drivers/STM32L0xx_HAL_Driver/Src/stm32l0xx_hal_tim_ex.o
 .debug_macro   0x000133ec      0x1e3 Drivers/STM32L0xx_HAL_Driver/Src/stm32l0xx_hal_uart.o
 .debug_macro   0x000135cf      0x1b8 Drivers/STM32L0xx_HAL_Driver/Src/stm32l0xx_hal_uart_ex.o
 .debug_macro   0x00013787      0x1d1 Src/Bluetooth.o
 .debug_macro   0x00013958      0x15f Src/Bluetooth.o
 .debug_macro   0x00013ab7      0x1ea Src/Cerpadlo.o
 .debug_macro   0x00013ca1       0x1c Src/Cerpadlo.o
 .debug_macro   0x00013cbd      0x1e8 Src/External_interupt.o
 .debug_macro   0x00013ea5       0x22 Src/External_interupt.o
 .debug_macro   0x00013ec7      0x1db Src/Ultrasound.o
 .debug_macro   0x000140a2      0x1fc Src/main.o
 .debug_macro   0x0001429e      0x1df Src/motorcontrol.o
 .debug_macro   0x0001447d      0x1c7 Src/stm32l0xx_hal_msp.o
 .debug_macro   0x00014644      0x1df Src/stm32l0xx_it.o
 .debug_macro   0x00014823      0x1be Src/system_stm32l0xx.o

.debug_line     0x00000000     0xbcbd
 .debug_line    0x00000000      0x95b Drivers/STM32L0xx_HAL_Driver/Src/stm32l0xx_hal.o
 .debug_line    0x0000095b      0x91f Drivers/STM32L0xx_HAL_Driver/Src/stm32l0xx_hal_cortex.o
 .debug_line    0x0000127a      0x98c Drivers/STM32L0xx_HAL_Driver/Src/stm32l0xx_hal_dma.o
 .debug_line    0x00001c06      0x8ad Drivers/STM32L0xx_HAL_Driver/Src/stm32l0xx_hal_gpio.o
 .debug_line    0x000024b3      0xa59 Drivers/STM32L0xx_HAL_Driver/Src/stm32l0xx_hal_rcc.o
 .debug_line    0x00002f0c      0xa9b Drivers/STM32L0xx_HAL_Driver/Src/stm32l0xx_hal_rcc_ex.o
 .debug_line    0x000039a7     0x1708 Drivers/STM32L0xx_HAL_Driver/Src/stm32l0xx_hal_tim.o
 .debug_line    0x000050af      0x7cc Drivers/STM32L0xx_HAL_Driver/Src/stm32l0xx_hal_tim_ex.o
 .debug_line    0x0000587b     0x12ca Drivers/STM32L0xx_HAL_Driver/Src/stm32l0xx_hal_uart.o
 .debug_line    0x00006b45      0x8a6 Drivers/STM32L0xx_HAL_Driver/Src/stm32l0xx_hal_uart_ex.o
 .debug_line    0x000073eb      0x774 Src/Bluetooth.o
 .debug_line    0x00007b5f      0x80d Src/Cerpadlo.o
 .debug_line    0x0000836c      0x791 Src/External_interupt.o
 .debug_line    0x00008afd      0x7a8 Src/Ultrasound.o
 .debug_line    0x000092a5      0x8cd Src/main.o
 .debug_line    0x00009b72      0x902 Src/motorcontrol.o
 .debug_line    0x0000a474      0x830 Src/stm32l0xx_hal_msp.o
 .debug_line    0x0000aca4      0x820 Src/stm32l0xx_it.o
 .debug_line    0x0000b4c4      0x776 Src/system_stm32l0xx.o
 .debug_line    0x0000bc3a       0x83 startup/startup_stm32l073xx.o

.debug_str      0x00000000    0x7eb5c
 .debug_str     0x00000000    0x7afde Drivers/STM32L0xx_HAL_Driver/Src/stm32l0xx_hal.o
                              0x7b40e (size before relaxing)
 .debug_str     0x0007afde      0x2c2 Drivers/STM32L0xx_HAL_Driver/Src/stm32l0xx_hal_cortex.o
                              0x7b219 (size before relaxing)
 .debug_str     0x0007b2a0      0x411 Drivers/STM32L0xx_HAL_Driver/Src/stm32l0xx_hal_dma.o
                              0x7b124 (size before relaxing)
 .debug_str     0x0007b6b1      0x2c1 Drivers/STM32L0xx_HAL_Driver/Src/stm32l0xx_hal_gpio.o
                              0x7b05b (size before relaxing)
 .debug_str     0x0007b972      0x434 Drivers/STM32L0xx_HAL_Driver/Src/stm32l0xx_hal_rcc.o
                              0x7b2c0 (size before relaxing)
 .debug_str     0x0007bda6      0x452 Drivers/STM32L0xx_HAL_Driver/Src/stm32l0xx_hal_rcc_ex.o
                              0x7b295 (size before relaxing)
 .debug_str     0x0007c1f8      0xf2d Drivers/STM32L0xx_HAL_Driver/Src/stm32l0xx_hal_tim.o
                              0x7bed0 (size before relaxing)
 .debug_str     0x0007d125       0xc7 Drivers/STM32L0xx_HAL_Driver/Src/stm32l0xx_hal_tim_ex.o
                              0x7b139 (size before relaxing)
 .debug_str     0x0007d1ec      0x9d0 Drivers/STM32L0xx_HAL_Driver/Src/stm32l0xx_hal_uart.o
                              0x7ba19 (size before relaxing)
 .debug_str     0x0007dbbc      0x185 Drivers/STM32L0xx_HAL_Driver/Src/stm32l0xx_hal_uart_ex.o
                              0x7b2b8 (size before relaxing)
 .debug_str     0x0007dd41      0x712 Src/Bluetooth.o
                              0x7b795 (size before relaxing)
 .debug_str     0x0007e453      0x14b Src/Cerpadlo.o
                              0x7b50f (size before relaxing)
 .debug_str     0x0007e59e       0x5c Src/External_interupt.o
                              0x7b83e (size before relaxing)
 .debug_str     0x0007e5fa       0x4e Src/Ultrasound.o
                              0x7b7c3 (size before relaxing)
 .debug_str     0x0007e648      0x17a Src/main.o
                              0x7c2d9 (size before relaxing)
 .debug_str     0x0007e7c2      0x20f Src/motorcontrol.o
                              0x7ba2f (size before relaxing)
 .debug_str     0x0007e9d1       0x25 Src/stm32l0xx_hal_msp.o
                              0x7bd08 (size before relaxing)
 .debug_str     0x0007e9f6       0xd3 Src/stm32l0xx_it.o
                              0x7ba78 (size before relaxing)
 .debug_str     0x0007eac9       0x64 Src/system_stm32l0xx.o
                              0x7ada6 (size before relaxing)
 .debug_str     0x0007eb2d       0x2f startup/startup_stm32l073xx.o
                                 0x79 (size before relaxing)

.comment        0x00000000       0x7f
 .comment       0x00000000       0x7f Drivers/STM32L0xx_HAL_Driver/Src/stm32l0xx_hal.o
                                 0x80 (size before relaxing)
 .comment       0x0000007f       0x80 Drivers/STM32L0xx_HAL_Driver/Src/stm32l0xx_hal_cortex.o
 .comment       0x0000007f       0x80 Drivers/STM32L0xx_HAL_Driver/Src/stm32l0xx_hal_dma.o
 .comment       0x0000007f       0x80 Drivers/STM32L0xx_HAL_Driver/Src/stm32l0xx_hal_gpio.o
 .comment       0x0000007f       0x80 Drivers/STM32L0xx_HAL_Driver/Src/stm32l0xx_hal_rcc.o
 .comment       0x0000007f       0x80 Drivers/STM32L0xx_HAL_Driver/Src/stm32l0xx_hal_rcc_ex.o
 .comment       0x0000007f       0x80 Drivers/STM32L0xx_HAL_Driver/Src/stm32l0xx_hal_tim.o
 .comment       0x0000007f       0x80 Drivers/STM32L0xx_HAL_Driver/Src/stm32l0xx_hal_tim_ex.o
 .comment       0x0000007f       0x80 Drivers/STM32L0xx_HAL_Driver/Src/stm32l0xx_hal_uart.o
 .comment       0x0000007f       0x80 Drivers/STM32L0xx_HAL_Driver/Src/stm32l0xx_hal_uart_ex.o
 .comment       0x0000007f       0x80 Src/Bluetooth.o
 .comment       0x0000007f       0x80 Src/Cerpadlo.o
 .comment       0x0000007f       0x80 Src/External_interupt.o
 .comment       0x0000007f       0x80 Src/Ultrasound.o
 .comment       0x0000007f       0x80 Src/main.o
 .comment       0x0000007f       0x80 Src/motorcontrol.o
 .comment       0x0000007f       0x80 Src/stm32l0xx_hal_msp.o
 .comment       0x0000007f       0x80 Src/stm32l0xx_it.o
 .comment       0x0000007f       0x80 Src/system_stm32l0xx.o

.debug_frame    0x00000000     0x20b0
 .debug_frame   0x00000000      0x1f4 Drivers/STM32L0xx_HAL_Driver/Src/stm32l0xx_hal.o
 .debug_frame   0x000001f4      0x114 Drivers/STM32L0xx_HAL_Driver/Src/stm32l0xx_hal_cortex.o
 .debug_frame   0x00000308      0x150 Drivers/STM32L0xx_HAL_Driver/Src/stm32l0xx_hal_dma.o
 .debug_frame   0x00000458       0xc8 Drivers/STM32L0xx_HAL_Driver/Src/stm32l0xx_hal_gpio.o
 .debug_frame   0x00000520      0x144 Drivers/STM32L0xx_HAL_Driver/Src/stm32l0xx_hal_rcc.o
 .debug_frame   0x00000664      0x178 Drivers/STM32L0xx_HAL_Driver/Src/stm32l0xx_hal_rcc_ex.o
 .debug_frame   0x000007dc      0xa2c Drivers/STM32L0xx_HAL_Driver/Src/stm32l0xx_hal_tim.o
 .debug_frame   0x00001208       0x40 Drivers/STM32L0xx_HAL_Driver/Src/stm32l0xx_hal_tim_ex.o
 .debug_frame   0x00001248      0x564 Drivers/STM32L0xx_HAL_Driver/Src/stm32l0xx_hal_uart.o
 .debug_frame   0x000017ac       0xec Drivers/STM32L0xx_HAL_Driver/Src/stm32l0xx_hal_uart_ex.o
 .debug_frame   0x00001898       0x4c Src/Bluetooth.o
 .debug_frame   0x000018e4       0xa4 Src/Cerpadlo.o
 .debug_frame   0x00001988       0x28 Src/External_interupt.o
 .debug_frame   0x000019b0       0x58 Src/Ultrasound.o
 .debug_frame   0x00001a08      0x110 Src/main.o
 .debug_frame   0x00001b18      0x148 Src/motorcontrol.o
 .debug_frame   0x00001c60       0xa0 Src/stm32l0xx_hal_msp.o
 .debug_frame   0x00001d00       0xf8 Src/stm32l0xx_it.o
 .debug_frame   0x00001df8       0x38 Src/system_stm32l0xx.o
 .debug_frame   0x00001e30       0x20 c:/ac6/systemworkbench/plugins/fr.ac6.mcu.externaltools.arm-none.win32_1.17.0.201812190825/tools/compiler/bin/../lib/gcc/arm-none-eabi/7.3.1/thumb/v6-m\libgcc.a(_udivsi3.o)
 .debug_frame   0x00001e50       0x20 c:/ac6/systemworkbench/plugins/fr.ac6.mcu.externaltools.arm-none.win32_1.17.0.201812190825/tools/compiler/bin/../lib/gcc/arm-none-eabi/7.3.1/thumb/v6-m\libgcc.a(_divsi3.o)
 .debug_frame   0x00001e70       0x3c c:/ac6/systemworkbench/plugins/fr.ac6.mcu.externaltools.arm-none.win32_1.17.0.201812190825/tools/compiler/bin/../lib/gcc/arm-none-eabi/7.3.1/thumb/v6-m\libgcc.a(_udivmoddi4.o)
 .debug_frame   0x00001eac       0x38 c:/ac6/systemworkbench/plugins/fr.ac6.mcu.externaltools.arm-none.win32_1.17.0.201812190825/tools/compiler/bin/../lib/gcc/arm-none-eabi/7.3.1/thumb/v6-m\libgcc.a(addsf3.o)
 .debug_frame   0x00001ee4       0x3c c:/ac6/systemworkbench/plugins/fr.ac6.mcu.externaltools.arm-none.win32_1.17.0.201812190825/tools/compiler/bin/../lib/gcc/arm-none-eabi/7.3.1/thumb/v6-m\libgcc.a(divsf3.o)
 .debug_frame   0x00001f20       0x2c c:/ac6/systemworkbench/plugins/fr.ac6.mcu.externaltools.arm-none.win32_1.17.0.201812190825/tools/compiler/bin/../lib/gcc/arm-none-eabi/7.3.1/thumb/v6-m\libgcc.a(eqsf2.o)
 .debug_frame   0x00001f4c       0x2c c:/ac6/systemworkbench/plugins/fr.ac6.mcu.externaltools.arm-none.win32_1.17.0.201812190825/tools/compiler/bin/../lib/gcc/arm-none-eabi/7.3.1/thumb/v6-m\libgcc.a(gesf2.o)
 .debug_frame   0x00001f78       0x2c c:/ac6/systemworkbench/plugins/fr.ac6.mcu.externaltools.arm-none.win32_1.17.0.201812190825/tools/compiler/bin/../lib/gcc/arm-none-eabi/7.3.1/thumb/v6-m\libgcc.a(lesf2.o)
 .debug_frame   0x00001fa4       0x3c c:/ac6/systemworkbench/plugins/fr.ac6.mcu.externaltools.arm-none.win32_1.17.0.201812190825/tools/compiler/bin/../lib/gcc/arm-none-eabi/7.3.1/thumb/v6-m\libgcc.a(mulsf3.o)
 .debug_frame   0x00001fe0       0x38 c:/ac6/systemworkbench/plugins/fr.ac6.mcu.externaltools.arm-none.win32_1.17.0.201812190825/tools/compiler/bin/../lib/gcc/arm-none-eabi/7.3.1/thumb/v6-m\libgcc.a(subsf3.o)
 .debug_frame   0x00002018       0x20 c:/ac6/systemworkbench/plugins/fr.ac6.mcu.externaltools.arm-none.win32_1.17.0.201812190825/tools/compiler/bin/../lib/gcc/arm-none-eabi/7.3.1/thumb/v6-m\libgcc.a(fixsfsi.o)
 .debug_frame   0x00002038       0x2c c:/ac6/systemworkbench/plugins/fr.ac6.mcu.externaltools.arm-none.win32_1.17.0.201812190825/tools/compiler/bin/../lib/gcc/arm-none-eabi/7.3.1/thumb/v6-m\libgcc.a(floatsisf.o)
 .debug_frame   0x00002064       0x2c c:/ac6/systemworkbench/plugins/fr.ac6.mcu.externaltools.arm-none.win32_1.17.0.201812190825/tools/compiler/bin/../lib/gcc/arm-none-eabi/7.3.1/../../../../arm-none-eabi/lib/thumb/v6-m\libc_nano.a(lib_a-init.o)
 .debug_frame   0x00002090       0x20 c:/ac6/systemworkbench/plugins/fr.ac6.mcu.externaltools.arm-none.win32_1.17.0.201812190825/tools/compiler/bin/../lib/gcc/arm-none-eabi/7.3.1/../../../../arm-none-eabi/lib/thumb/v6-m\libc_nano.a(lib_a-memset.o)
