Archive member included to satisfy reference by file (symbol)

c:/program files (x86)/atollic/truestudio for stm32 9.0.1/armtools/bin/../lib/gcc/arm-atollic-eabi/6.3.1/../../../../arm-atollic-eabi/lib/armv6-m\libc_nano.a(lib_a-init.o)
                              startup\startup_stm32l073xx.o (__libc_init_array)
c:/program files (x86)/atollic/truestudio for stm32 9.0.1/armtools/bin/../lib/gcc/arm-atollic-eabi/6.3.1/../../../../arm-atollic-eabi/lib/armv6-m\libc_nano.a(lib_a-memset.o)
                              Drivers\STM32L0xx_HAL_Driver\Src\stm32l0xx_hal_rcc.o (memset)
c:/program files (x86)/atollic/truestudio for stm32 9.0.1/armtools/bin/../lib/gcc/arm-atollic-eabi/6.3.1/armv6-m\libgcc.a(_udivsi3.o)
                              Drivers\STM32L0xx_HAL_Driver\Src\stm32l0xx_hal.o (__aeabi_uidiv)
c:/program files (x86)/atollic/truestudio for stm32 9.0.1/armtools/bin/../lib/gcc/arm-atollic-eabi/6.3.1/armv6-m\libgcc.a(_divsi3.o)
                              Src\motorcontrol.o (__aeabi_idiv)
c:/program files (x86)/atollic/truestudio for stm32 9.0.1/armtools/bin/../lib/gcc/arm-atollic-eabi/6.3.1/armv6-m\libgcc.a(_dvmd_tls.o)
                              c:/program files (x86)/atollic/truestudio for stm32 9.0.1/armtools/bin/../lib/gcc/arm-atollic-eabi/6.3.1/armv6-m\libgcc.a(_udivsi3.o) (__aeabi_idiv0)
c:/program files (x86)/atollic/truestudio for stm32 9.0.1/armtools/bin/../lib/gcc/arm-atollic-eabi/6.3.1/armv6-m\libgcc.a(_arm_cmpsf2.o)
                              Src\motorcontrol.o (__aeabi_fcmpgt)
c:/program files (x86)/atollic/truestudio for stm32 9.0.1/armtools/bin/../lib/gcc/arm-atollic-eabi/6.3.1/armv6-m\libgcc.a(_aeabi_uldivmod.o)
                              Drivers\STM32L0xx_HAL_Driver\Src\stm32l0xx_hal_uart.o (__aeabi_uldivmod)
c:/program files (x86)/atollic/truestudio for stm32 9.0.1/armtools/bin/../lib/gcc/arm-atollic-eabi/6.3.1/armv6-m\libgcc.a(_udivmoddi4.o)
                              c:/program files (x86)/atollic/truestudio for stm32 9.0.1/armtools/bin/../lib/gcc/arm-atollic-eabi/6.3.1/armv6-m\libgcc.a(_aeabi_uldivmod.o) (__udivmoddi4)
c:/program files (x86)/atollic/truestudio for stm32 9.0.1/armtools/bin/../lib/gcc/arm-atollic-eabi/6.3.1/armv6-m\libgcc.a(addsf3.o)
                              Src\motorcontrol.o (__aeabi_fadd)
c:/program files (x86)/atollic/truestudio for stm32 9.0.1/armtools/bin/../lib/gcc/arm-atollic-eabi/6.3.1/armv6-m\libgcc.a(divsf3.o)
                              Src\motorcontrol.o (__aeabi_fdiv)
c:/program files (x86)/atollic/truestudio for stm32 9.0.1/armtools/bin/../lib/gcc/arm-atollic-eabi/6.3.1/armv6-m\libgcc.a(eqsf2.o)
                              c:/program files (x86)/atollic/truestudio for stm32 9.0.1/armtools/bin/../lib/gcc/arm-atollic-eabi/6.3.1/armv6-m\libgcc.a(_arm_cmpsf2.o) (__eqsf2)
c:/program files (x86)/atollic/truestudio for stm32 9.0.1/armtools/bin/../lib/gcc/arm-atollic-eabi/6.3.1/armv6-m\libgcc.a(gesf2.o)
                              c:/program files (x86)/atollic/truestudio for stm32 9.0.1/armtools/bin/../lib/gcc/arm-atollic-eabi/6.3.1/armv6-m\libgcc.a(_arm_cmpsf2.o) (__gesf2)
c:/program files (x86)/atollic/truestudio for stm32 9.0.1/armtools/bin/../lib/gcc/arm-atollic-eabi/6.3.1/armv6-m\libgcc.a(lesf2.o)
                              c:/program files (x86)/atollic/truestudio for stm32 9.0.1/armtools/bin/../lib/gcc/arm-atollic-eabi/6.3.1/armv6-m\libgcc.a(_arm_cmpsf2.o) (__lesf2)
c:/program files (x86)/atollic/truestudio for stm32 9.0.1/armtools/bin/../lib/gcc/arm-atollic-eabi/6.3.1/armv6-m\libgcc.a(mulsf3.o)
                              Src\motorcontrol.o (__aeabi_fmul)
c:/program files (x86)/atollic/truestudio for stm32 9.0.1/armtools/bin/../lib/gcc/arm-atollic-eabi/6.3.1/armv6-m\libgcc.a(subsf3.o)
                              Src\motorcontrol.o (__aeabi_fsub)
c:/program files (x86)/atollic/truestudio for stm32 9.0.1/armtools/bin/../lib/gcc/arm-atollic-eabi/6.3.1/armv6-m\libgcc.a(fixsfsi.o)
                              Src\motorcontrol.o (__aeabi_f2iz)
c:/program files (x86)/atollic/truestudio for stm32 9.0.1/armtools/bin/../lib/gcc/arm-atollic-eabi/6.3.1/armv6-m\libgcc.a(floatsisf.o)
                              Src\motorcontrol.o (__aeabi_i2f)
c:/program files (x86)/atollic/truestudio for stm32 9.0.1/armtools/bin/../lib/gcc/arm-atollic-eabi/6.3.1/armv6-m\libgcc.a(_clzsi2.o)
                              c:/program files (x86)/atollic/truestudio for stm32 9.0.1/armtools/bin/../lib/gcc/arm-atollic-eabi/6.3.1/armv6-m\libgcc.a(addsf3.o) (__clzsi2)
c:/program files (x86)/atollic/truestudio for stm32 9.0.1/armtools/bin/../lib/gcc/arm-atollic-eabi/6.3.1/armv6-m\libgcc.a(_clzdi2.o)
                              c:/program files (x86)/atollic/truestudio for stm32 9.0.1/armtools/bin/../lib/gcc/arm-atollic-eabi/6.3.1/armv6-m\libgcc.a(_udivmoddi4.o) (__clzdi2)

Allocating common symbols
Common symbol       size              file

maxdistance         0x4               Src\motorcontrol.o
Derivate            0x4               Src\motorcontrol.o
[...]
Memory Configuration

Name             Origin             Length             Attributes
RAM              0x20000000         0x00005000         xrw
FLASH            0x08000000         0x00030000         xr
*default*        0x00000000         0xffffffff

Linker script and memory map

LOAD c:/program files (x86)/atollic/truestudio for stm32 9.0.1/armtools/bin/../lib/gcc/arm-atollic-eabi/6.3.1/armv6-m/crti.o
LOAD c:/program files (x86)/atollic/truestudio for stm32 9.0.1/armtools/bin/../lib/gcc/arm-atollic-eabi/6.3.1/armv6-m/crtbegin.o
LOAD Drivers\STM32L0xx_HAL_Driver\Src\stm32l0xx_hal.o
LOAD Drivers\STM32L0xx_HAL_Driver\Src\stm32l0xx_hal_cortex.o
LOAD Drivers\STM32L0xx_HAL_Driver\Src\stm32l0xx_hal_dma.o
LOAD Drivers\STM32L0xx_HAL_Driver\Src\stm32l0xx_hal_flash.o
LOAD Drivers\STM32L0xx_HAL_Driver\Src\stm32l0xx_hal_flash_ex.o
LOAD Drivers\STM32L0xx_HAL_Driver\Src\stm32l0xx_hal_flash_ramfunc.o
LOAD Drivers\STM32L0xx_HAL_Driver\Src\stm32l0xx_hal_gpio.o
LOAD Drivers\STM32L0xx_HAL_Driver\Src\stm32l0xx_hal_i2c.o
LOAD Drivers\STM32L0xx_HAL_Driver\Src\stm32l0xx_hal_i2c_ex.o
LOAD Drivers\STM32L0xx_HAL_Driver\Src\stm32l0xx_hal_pwr.o
LOAD Drivers\STM32L0xx_HAL_Driver\Src\stm32l0xx_hal_pwr_ex.o
LOAD Drivers\STM32L0xx_HAL_Driver\Src\stm32l0xx_hal_rcc.o
LOAD Drivers\STM32L0xx_HAL_Driver\Src\stm32l0xx_hal_rcc_ex.o
LOAD Drivers\STM32L0xx_HAL_Driver\Src\stm32l0xx_hal_tim.o
LOAD Drivers\STM32L0xx_HAL_Driver\Src\stm32l0xx_hal_tim_ex.o
LOAD Drivers\STM32L0xx_HAL_Driver\Src\stm32l0xx_hal_uart.o
LOAD Drivers\STM32L0xx_HAL_Driver\Src\stm32l0xx_hal_uart_ex.o
LOAD Src\Bluetooth.o
LOAD Src\Cerpadlo.o
LOAD Src\External_interupt.o
LOAD Src\Step_eng.o
LOAD Src\Ultrasound.o
LOAD Src\main.o
LOAD Src\motorcontrol.o
LOAD Src\stm32l0xx_hal_msp.o
LOAD Src\stm32l0xx_it.o
LOAD Src\system_stm32l0xx.o
LOAD startup\startup_stm32l073xx.o
                0x00000080                malloc_getpagesize_P = 0x80
START GROUP
LOAD c:/program files (x86)/atollic/truestudio for stm32 9.0.1/armtools/bin/../lib/gcc/arm-atollic-eabi/6.3.1/../../../../arm-atollic-eabi/lib/armv6-m\libc_nano.a
LOAD c:/program files (x86)/atollic/truestudio for stm32 9.0.1/armtools/bin/../lib/gcc/arm-atollic-eabi/6.3.1/../../../../arm-atollic-eabi/lib/armv6-m\libm.a
END GROUP
START GROUP
LOAD c:/program files (x86)/atollic/truestudio for stm32 9.0.1/armtools/bin/../lib/gcc/arm-atollic-eabi/6.3.1/armv6-m\libgcc.a
LOAD c:/program files (x86)/atollic/truestudio for stm32 9.0.1/armtools/bin/../lib/gcc/arm-atollic-eabi/6.3.1/../../../../arm-atollic-eabi/lib/armv6-m\libc_nano.a
END GROUP
START GROUP
LOAD c:/program files (x86)/atollic/truestudio for stm32 9.0.1/armtools/bin/../lib/gcc/arm-atollic-eabi/6.3.1/armv6-m\libgcc.a
LOAD c:/program files (x86)/atollic/truestudio for stm32 9.0.1/armtools/bin/../lib/gcc/arm-atollic-eabi/6.3.1/../../../../arm-atollic-eabi/lib/armv6-m\libc_nano.a
LOAD c:/program files (x86)/atollic/truestudio for stm32 9.0.1/armtools/bin/../lib/gcc/arm-atollic-eabi/6.3.1/../../../../arm-atollic-eabi/lib/armv6-m\libnosys.a
END GROUP
START GROUP
LOAD c:/program files (x86)/atollic/truestudio for stm32 9.0.1/armtools/bin/../lib/gcc/arm-atollic-eabi/6.3.1/armv6-m\libgcc.a
LOAD c:/program files (x86)/atollic/truestudio for stm32 9.0.1/armtools/bin/../lib/gcc/arm-atollic-eabi/6.3.1/../../../../arm-atollic-eabi/lib/armv6-m\libc_nano.a
LOAD c:/program files (x86)/atollic/truestudio for stm32 9.0.1/armtools/bin/../lib/gcc/arm-atollic-eabi/6.3.1/../../../../arm-atollic-eabi/lib/armv6-m\libnosys.a
END GROUP
LOAD c:/program files (x86)/atollic/truestudio for stm32 9.0.1/armtools/bin/../lib/gcc/arm-atollic-eabi/6.3.1/armv6-m/crtend.o
LOAD c:/program files (x86)/atollic/truestudio for stm32 9.0.1/armtools/bin/../lib/gcc/arm-atollic-eabi/6.3.1/armv6-m/crtn.o
                0x20005000                _estack = 0x20005000
                0x00000200                _Min_Heap_Size = 0x200
                0x00000400                _Min_Stack_Size = 0x400

.isr_vector     0x08000000       0xc0
                0x08000000                . = ALIGN (0x4)
 *(.isr_vector)
 .isr_vector    0x08000000       0xc0 startup\startup_stm32l073xx.o
                0x08000000                g_pfnVectors
                0x080000c0                . = ALIGN (0x4)

.text           0x080000c0     0x436c
                0x080000c0                . = ALIGN (0x4)
 *(.text)
 .text          0x080000c0       0x48 c:/program files (x86)/atollic/truestudio for stm32 9.0.1/armtools/bin/../lib/gcc/arm-atollic-eabi/6.3.1/armv6-m/crtbegin.o
 .text          0x08000108      0x114 c:/program files (x86)/atollic/truestudio for stm32 9.0.1/armtools/bin/../lib/gcc/arm-atollic-eabi/6.3.1/armv6-m\libgcc.a(_udivsi3.o)
                0x08000108                __aeabi_uidiv
                0x08000108                __udivsi3
                0x08000214                __aeabi_uidivmod
 .text          0x0800021c      0x1d4 c:/program files (x86)/atollic/truestudio for stm32 9.0.1/armtools/bin/../lib/gcc/arm-atollic-eabi/6.3.1/armv6-m\libgcc.a(_divsi3.o)
                0x0800021c                __divsi3
                0x0800021c                __aeabi_idiv
                0x080003e8                __aeabi_idivmod
 .text          0x080003f0        0x4 c:/program files (x86)/atollic/truestudio for stm32 9.0.1/armtools/bin/../lib/gcc/arm-atollic-eabi/6.3.1/armv6-m\libgcc.a(_dvmd_tls.o)
                0x080003f0                __aeabi_idiv0
                0x080003f0                __aeabi_ldiv0
 .text          0x080003f4       0x74 c:/program files (x86)/atollic/truestudio for stm32 9.0.1/armtools/bin/../lib/gcc/arm-atollic-eabi/6.3.1/armv6-m\libgcc.a(_arm_cmpsf2.o)
                0x080003f4                __aeabi_cfrcmple
                0x080003fc                __aeabi_cfcmpeq
                0x080003fc                __aeabi_cfcmple
                0x0800040c                __aeabi_fcmpeq
                0x08000418                __aeabi_fcmplt
                0x0800042c                __aeabi_fcmple
                0x08000440                __aeabi_fcmpgt
                0x08000454                __aeabi_fcmpge
 .text          0x08000468       0x40 c:/program files (x86)/atollic/truestudio for stm32 9.0.1/armtools/bin/../lib/gcc/arm-atollic-eabi/6.3.1/armv6-m\libgcc.a(_aeabi_uldivmod.o)
                0x08000468                __aeabi_uldivmod
 .text          0x080004a8      0x180 c:/program files (x86)/atollic/truestudio for stm32 9.0.1/armtools/bin/../lib/gcc/arm-atollic-eabi/6.3.1/armv6-m\libgcc.a(_udivmoddi4.o)
                0x080004a8                __udivmoddi4
 .text          0x08000628      0x324 c:/program files (x86)/atollic/truestudio for stm32 9.0.1/armtools/bin/../lib/gcc/arm-atollic-eabi/6.3.1/armv6-m\libgcc.a(addsf3.o)
                0x08000628                __aeabi_fadd
 .text          0x0800094c      0x290 c:/program files (x86)/atollic/truestudio for stm32 9.0.1/armtools/bin/../lib/gcc/arm-atollic-eabi/6.3.1/armv6-m\libgcc.a(divsf3.o)
                0x0800094c                __aeabi_fdiv
 .text          0x08000bdc       0x4c c:/program files (x86)/atollic/truestudio for stm32 9.0.1/armtools/bin/../lib/gcc/arm-atollic-eabi/6.3.1/armv6-m\libgcc.a(eqsf2.o)
                0x08000bdc                __eqsf2
                0x08000bdc                __nesf2
 .text          0x08000c28       0x80 c:/program files (x86)/atollic/truestudio for stm32 9.0.1/armtools/bin/../lib/gcc/arm-atollic-eabi/6.3.1/armv6-m\libgcc.a(gesf2.o)
                0x08000c28                __gesf2
                0x08000c28                __gtsf2
 .text          0x08000ca8       0x84 c:/program files (x86)/atollic/truestudio for stm32 9.0.1/armtools/bin/../lib/gcc/arm-atollic-eabi/6.3.1/armv6-m\libgcc.a(lesf2.o)
                0x08000ca8                __ltsf2
                0x08000ca8                __lesf2
 .text          0x08000d2c      0x240 c:/program files (x86)/atollic/truestudio for stm32 9.0.1/armtools/bin/../lib/gcc/arm-atollic-eabi/6.3.1/armv6-m\libgcc.a(mulsf3.o)
                0x08000d2c                __aeabi_fmul
 .text          0x08000f6c      0x338 c:/program files (x86)/atollic/truestudio for stm32 9.0.1/armtools/bin/../lib/gcc/arm-atollic-eabi/6.3.1/armv6-m\libgcc.a(subsf3.o)
                0x08000f6c                __aeabi_fsub
 .text          0x080012a4       0x40 c:/program files (x86)/atollic/truestudio for stm32 9.0.1/armtools/bin/../lib/gcc/arm-atollic-eabi/6.3.1/armv6-m\libgcc.a(fixsfsi.o)
                0x080012a4                __aeabi_f2iz
 .text          0x080012e4       0xa0 c:/program files (x86)/atollic/truestudio for stm32 9.0.1/armtools/bin/../lib/gcc/arm-atollic-eabi/6.3.1/armv6-m\libgcc.a(floatsisf.o)
                0x080012e4                __aeabi_i2f
 .text          0x08001384       0x3c c:/program files (x86)/atollic/truestudio for stm32 9.0.1/armtools/bin/../lib/gcc/arm-atollic-eabi/6.3.1/armv6-m\libgcc.a(_clzsi2.o)
                0x08001384                __clzsi2
 .text          0x080013c0       0x18 c:/program files (x86)/atollic/truestudio for stm32 9.0.1/armtools/bin/../lib/gcc/arm-atollic-eabi/6.3.1/armv6-m\libgcc.a(_clzdi2.o)
                0x080013c0                __clzdi2
 *(.text*)
 .text.HAL_InitTick
                0x080013d8       0x30 Drivers\STM32L0xx_HAL_Driver\Src\stm32l0xx_hal.o
                0x080013d8                HAL_InitTick
 .text.HAL_Init
                0x08001408       0x28 Drivers\STM32L0xx_HAL_Driver\Src\stm32l0xx_hal.o
                0x08001408                HAL_Init
 .text.HAL_GetTick
                0x08001430        0xc Drivers\STM32L0xx_HAL_Driver\Src\stm32l0xx_hal.o
                0x08001430                HAL_GetTick
 .text.HAL_Delay
                0x0800143c       0x1c Drivers\STM32L0xx_HAL_Driver\Src\stm32l0xx_hal.o
                0x0800143c                HAL_Delay
 .text.HAL_NVIC_SetPriority
                0x08001458       0x64 Drivers\STM32L0xx_HAL_Driver\Src\stm32l0xx_hal_cortex.o
                0x08001458                HAL_NVIC_SetPriority
 .text.HAL_NVIC_EnableIRQ
                0x080014bc       0x14 Drivers\STM32L0xx_HAL_Driver\Src\stm32l0xx_hal_cortex.o
                0x080014bc                HAL_NVIC_EnableIRQ
 .text.HAL_SYSTICK_Config
                0x080014d0       0x38 Drivers\STM32L0xx_HAL_Driver\Src\stm32l0xx_hal_cortex.o
                0x080014d0                HAL_SYSTICK_Config
 .text.HAL_DMA_Init
                0x08001508       0x98 Drivers\STM32L0xx_HAL_Driver\Src\stm32l0xx_hal_dma.o
                0x08001508                HAL_DMA_Init
 .text.HAL_DMA_Abort_IT
                0x080015a0       0x4e Drivers\STM32L0xx_HAL_Driver\Src\stm32l0xx_hal_dma.o
                0x080015a0                HAL_DMA_Abort_IT
 .text.HAL_DMA_IRQHandler
                0x080015ee       0xba Drivers\STM32L0xx_HAL_Driver\Src\stm32l0xx_hal_dma.o
                0x080015ee                HAL_DMA_IRQHandler
 .text.HAL_GPIO_Init
                0x080016a8      0x1a4 Drivers\STM32L0xx_HAL_Driver\Src\stm32l0xx_hal_gpio.o
                0x080016a8                HAL_GPIO_Init
 .text.HAL_GPIO_ReadPin
                0x0800184c        0xe Drivers\STM32L0xx_HAL_Driver\Src\stm32l0xx_hal_gpio.o
                0x0800184c                HAL_GPIO_ReadPin
 .text.HAL_GPIO_WritePin
                0x0800185a        0xc Drivers\STM32L0xx_HAL_Driver\Src\stm32l0xx_hal_gpio.o
                0x0800185a                HAL_GPIO_WritePin
 *fill*         0x08001866        0x2 
 .text.HAL_GPIO_EXTI_IRQHandler
                0x08001868       0x1c Drivers\STM32L0xx_HAL_Driver\Src\stm32l0xx_hal_gpio.o
                0x08001868                HAL_GPIO_EXTI_IRQHandler
 .text.HAL_RCC_GetSysClockFreq
                0x08001884       0x94 Drivers\STM32L0xx_HAL_Driver\Src\stm32l0xx_hal_rcc.o
                0x08001884                HAL_RCC_GetSysClockFreq
 .text.HAL_RCC_OscConfig
                0x08001918      0x584 Drivers\STM32L0xx_HAL_Driver\Src\stm32l0xx_hal_rcc.o
                0x08001918                HAL_RCC_OscConfig
 .text.HAL_RCC_ClockConfig
                0x08001e9c      0x1a8 Drivers\STM32L0xx_HAL_Driver\Src\stm32l0xx_hal_rcc.o
                0x08001e9c                HAL_RCC_ClockConfig
 .text.HAL_RCC_GetHCLKFreq
                0x08002044        0xc Drivers\STM32L0xx_HAL_Driver\Src\stm32l0xx_hal_rcc.o
                0x08002044                HAL_RCC_GetHCLKFreq
 .text.HAL_RCC_GetPCLK1Freq
                0x08002050       0x20 Drivers\STM32L0xx_HAL_Driver\Src\stm32l0xx_hal_rcc.o
                0x08002050                HAL_RCC_GetPCLK1Freq
 .text.HAL_RCC_GetPCLK2Freq
                0x08002070       0x20 Drivers\STM32L0xx_HAL_Driver\Src\stm32l0xx_hal_rcc.o
                0x08002070                HAL_RCC_GetPCLK2Freq
 .text.HAL_RCCEx_PeriphCLKConfig
                0x08002090      0x210 Drivers\STM32L0xx_HAL_Driver\Src\stm32l0xx_hal_rcc_ex.o
                0x08002090                HAL_RCCEx_PeriphCLKConfig
 .text.TIM_Base_SetConfig
                0x080022a0       0x70 Drivers\STM32L0xx_HAL_Driver\Src\stm32l0xx_hal_tim.o
 .text.TIM_OC1_SetConfig
                0x08002310       0x2c Drivers\STM32L0xx_HAL_Driver\Src\stm32l0xx_hal_tim.o
 .text.TIM_OC2_SetConfig
                0x0800233c       0x34 Drivers\STM32L0xx_HAL_Driver\Src\stm32l0xx_hal_tim.o
 .text.TIM_OC3_SetConfig
                0x08002370       0x38 Drivers\STM32L0xx_HAL_Driver\Src\stm32l0xx_hal_tim.o
 .text.TIM_OC4_SetConfig
                0x080023a8       0x3c Drivers\STM32L0xx_HAL_Driver\Src\stm32l0xx_hal_tim.o
 .text.TIM_TI1_ConfigInputStage
                0x080023e4       0x22 Drivers\STM32L0xx_HAL_Driver\Src\stm32l0xx_hal_tim.o
 *fill*         0x08002406        0x2 
 .text.TIM_TI2_ConfigInputStage
                0x08002408       0x28 Drivers\STM32L0xx_HAL_Driver\Src\stm32l0xx_hal_tim.o
 .text.TIM_ITRx_SetConfig
                0x08002430       0x12 Drivers\STM32L0xx_HAL_Driver\Src\stm32l0xx_hal_tim.o
 *fill*         0x08002442        0x2 
 .text.TIM_ETR_SetConfig
                0x08002444       0x18 Drivers\STM32L0xx_HAL_Driver\Src\stm32l0xx_hal_tim.o
 .text.TIM_CCxChannelCmd
                0x0800245c       0x1a Drivers\STM32L0xx_HAL_Driver\Src\stm32l0xx_hal_tim.o
 .text.HAL_TIM_Base_Init
                0x08002476       0x34 Drivers\STM32L0xx_HAL_Driver\Src\stm32l0xx_hal_tim.o
                0x08002476                HAL_TIM_Base_Init
 .text.HAL_TIM_PWM_MspInit
                0x080024aa        0x2 Drivers\STM32L0xx_HAL_Driver\Src\stm32l0xx_hal_tim.o
                0x080024aa                HAL_TIM_PWM_MspInit
 .text.HAL_TIM_PWM_Init
                0x080024ac       0x34 Drivers\STM32L0xx_HAL_Driver\Src\stm32l0xx_hal_tim.o
                0x080024ac                HAL_TIM_PWM_Init
 .text.HAL_TIM_PWM_Start
                0x080024e0       0x24 Drivers\STM32L0xx_HAL_Driver\Src\stm32l0xx_hal_tim.o
                0x080024e0                HAL_TIM_PWM_Start
 .text.HAL_TIM_PWM_ConfigChannel
                0x08002504       0xec Drivers\STM32L0xx_HAL_Driver\Src\stm32l0xx_hal_tim.o
                0x08002504                HAL_TIM_PWM_ConfigChannel
 .text.HAL_TIM_ConfigClockSource
                0x080025f0       0xe4 Drivers\STM32L0xx_HAL_Driver\Src\stm32l0xx_hal_tim.o
                0x080025f0                HAL_TIM_ConfigClockSource
 .text.HAL_TIM_PeriodElapsedCallback
                0x080026d4        0x2 Drivers\STM32L0xx_HAL_Driver\Src\stm32l0xx_hal_tim.o
                0x080026d4                HAL_TIM_PeriodElapsedCallback
 .text.HAL_TIM_OC_DelayElapsedCallback
                0x080026d6        0x2 Drivers\STM32L0xx_HAL_Driver\Src\stm32l0xx_hal_tim.o
                0x080026d6                HAL_TIM_OC_DelayElapsedCallback
 .text.HAL_TIM_IC_CaptureCallback
                0x080026d8        0x2 Drivers\STM32L0xx_HAL_Driver\Src\stm32l0xx_hal_tim.o
                0x080026d8                HAL_TIM_IC_CaptureCallback
 .text.HAL_TIM_TriggerCallback
                0x080026da        0x2 Drivers\STM32L0xx_HAL_Driver\Src\stm32l0xx_hal_tim.o
                0x080026da                HAL_TIM_TriggerCallback
 .text.HAL_TIM_IRQHandler
                0x080026dc      0x122 Drivers\STM32L0xx_HAL_Driver\Src\stm32l0xx_hal_tim.o
                0x080026dc                HAL_TIM_IRQHandler
 .text.HAL_TIMEx_MasterConfigSynchronization
                0x080027fe       0x56 Drivers\STM32L0xx_HAL_Driver\Src\stm32l0xx_hal_tim_ex.o
                0x080027fe                HAL_TIMEx_MasterConfigSynchronization
 .text.HAL_TIMEx_RemapConfig
                0x08002854       0x1a Drivers\STM32L0xx_HAL_Driver\Src\stm32l0xx_hal_tim_ex.o
                0x08002854                HAL_TIMEx_RemapConfig
 *fill*         0x0800286e        0x2 
 .text.UART_EndRxTransfer
                0x08002870       0x24 Drivers\STM32L0xx_HAL_Driver\Src\stm32l0xx_hal_uart.o
 .text.HAL_UART_Receive_IT
                0x08002894       0xfc Drivers\STM32L0xx_HAL_Driver\Src\stm32l0xx_hal_uart.o
                0x08002894                HAL_UART_Receive_IT
 .text.HAL_UART_TxCpltCallback
                0x08002990        0x2 Drivers\STM32L0xx_HAL_Driver\Src\stm32l0xx_hal_uart.o
                0x08002990                HAL_UART_TxCpltCallback
 .text.UART_EndTransmit_IT
                0x08002992       0x1a Drivers\STM32L0xx_HAL_Driver\Src\stm32l0xx_hal_uart.o
 .text.HAL_UART_RxCpltCallback
                0x080029ac        0x2 Drivers\STM32L0xx_HAL_Driver\Src\stm32l0xx_hal_uart.o
                0x080029ac                HAL_UART_RxCpltCallback
 *fill*         0x080029ae        0x2 
 .text.UART_RxISR_8BIT
                0x080029b0       0x64 Drivers\STM32L0xx_HAL_Driver\Src\stm32l0xx_hal_uart.o
 .text.UART_RxISR_16BIT
                0x08002a14       0x64 Drivers\STM32L0xx_HAL_Driver\Src\stm32l0xx_hal_uart.o
 .text.HAL_UART_ErrorCallback
                0x08002a78        0x2 Drivers\STM32L0xx_HAL_Driver\Src\stm32l0xx_hal_uart.o
                0x08002a78                HAL_UART_ErrorCallback
 *fill*         0x08002a7a        0x2 
 .text.HAL_UART_IRQHandler
                0x08002a7c      0x144 Drivers\STM32L0xx_HAL_Driver\Src\stm32l0xx_hal_uart.o
                0x08002a7c                HAL_UART_IRQHandler
 .text.UART_DMAAbortOnError
                0x08002bc0       0x14 Drivers\STM32L0xx_HAL_Driver\Src\stm32l0xx_hal_uart.o
 .text.UART_SetConfig
                0x08002bd4      0x38c Drivers\STM32L0xx_HAL_Driver\Src\stm32l0xx_hal_uart.o
                0x08002bd4                UART_SetConfig
 .text.UART_AdvFeatureConfig
                0x08002f60       0xe0 Drivers\STM32L0xx_HAL_Driver\Src\stm32l0xx_hal_uart.o
                0x08002f60                UART_AdvFeatureConfig
 .text.UART_WaitOnFlagUntilTimeout
                0x08003040       0x68 Drivers\STM32L0xx_HAL_Driver\Src\stm32l0xx_hal_uart.o
                0x08003040                UART_WaitOnFlagUntilTimeout
 .text.UART_CheckIdleState
                0x080030a8       0x6c Drivers\STM32L0xx_HAL_Driver\Src\stm32l0xx_hal_uart.o
                0x080030a8                UART_CheckIdleState
 .text.HAL_UART_Init
                0x08003114       0x6c Drivers\STM32L0xx_HAL_Driver\Src\stm32l0xx_hal_uart.o
                0x08003114                HAL_UART_Init
 .text.HAL_UARTEx_WakeupCallback
                0x08003180        0x2 Drivers\STM32L0xx_HAL_Driver\Src\stm32l0xx_hal_uart_ex.o
                0x08003180                HAL_UARTEx_WakeupCallback
 *fill*         0x08003182        0x2 
 .text.interupt_bluetooth_return
                0x08003184        0x8 Src\Bluetooth.o
                0x08003184                interupt_bluetooth_return
 .text.HAL_IncTick
                0x0800318c       0x7c Src\Cerpadlo.o
                0x0800318c                HAL_IncTick
 .text.start_cerpani_v_nadrzi
                0x08003208       0x40 Src\Cerpadlo.o
                0x08003208                start_cerpani_v_nadrzi
 .text.start_cerpani_v_rameni
                0x08003248       0x3c Src\Cerpadlo.o
                0x08003248                start_cerpani_v_rameni
 .text.set_speed_cerpadla
                0x08003284       0x3c Src\Cerpadlo.o
                0x08003284                set_speed_cerpadla
 .text.posun_cerpadla
                0x080032c0       0xe8 Src\Cerpadlo.o
                0x080032c0                posun_cerpadla
 .text.start_cerpadlo_control
                0x080033a8       0x1c Src\Cerpadlo.o
                0x080033a8                start_cerpadlo_control
 .text.HAL_GPIO_EXTI_Callback
                0x080033c4      0x114 Src\External_interupt.o
                0x080033c4                HAL_GPIO_EXTI_Callback
 .text.HAL_TIM_PWM_PulseFinishedCallback
                0x080034d8       0x64 Src\Ultrasound.o
                0x080034d8                HAL_TIM_PWM_PulseFinishedCallback
 .text.init_ultrasound
                0x0800353c       0x40 Src\Ultrasound.o
                0x0800353c                init_ultrasound
 .text.MX_GPIO_Init
                0x0800357c      0x158 Src\main.o
 .text.MX_DMA_Init
                0x080036d4       0x30 Src\main.o
 .text.MX_TIM6_Init
                0x08003704       0x48 Src\main.o
 .text.MX_TIM3_Init
                0x0800374c       0xb0 Src\main.o
 .text.MX_TIM22_Init
                0x080037fc       0x94 Src\main.o
 .text.MX_USART1_UART_Init
                0x08003890       0x30 Src\main.o
 .text.SystemClock_Config
                0x080038c0       0x84 Src\main.o
                0x080038c0                SystemClock_Config
 .text.main     0x08003944       0xe0 Src\main.o
                0x08003944                main
 .text.Error_Handler
                0x08003a24        0x2 Src\main.o
                0x08003a24                Error_Handler
 *fill*         0x08003a26        0x2 
 .text.set_stop
                0x08003a28       0x14 Src\motorcontrol.o
                0x08003a28                set_stop
 .text.start_motor_control
                0x08003a3c       0x88 Src\motorcontrol.o
                0x08003a3c                start_motor_control
 .text.set_motor_speed
                0x08003ac4       0xa8 Src\motorcontrol.o
                0x08003ac4                set_motor_speed
 .text.set_speed
                0x08003b6c       0x18 Src\motorcontrol.o
                0x08003b6c                set_speed
 .text.saturation
                0x08003b84       0x18 Src\motorcontrol.o
                0x08003b84                saturation
 .text.PID_regularor
                0x08003b9c      0x10c Src\motorcontrol.o
                0x08003b9c                PID_regularor
 .text.init_PID
                0x08003ca8       0x5c Src\motorcontrol.o
                0x08003ca8                init_PID
 .text.init_PID_ultrazvuk
                0x08003d04       0x6c Src\motorcontrol.o
                0x08003d04                init_PID_ultrazvuk
 .text.start_encoder
                0x08003d70       0x14 Src\motorcontrol.o
                0x08003d70                start_encoder
 .text.reset_distance
                0x08003d84       0x14 Src\motorcontrol.o
                0x08003d84                reset_distance
 .text.distance_traveled
                0x08003d98       0x24 Src\motorcontrol.o
                0x08003d98                distance_traveled
 .text.Travel_rovne
                0x08003dbc      0x108 Src\motorcontrol.o
                0x08003dbc                Travel_rovne
 .text.Travel_turn
                0x08003ec4      0x160 Src\motorcontrol.o
                0x08003ec4                Travel_turn
 .text.HAL_MspInit
                0x08004024       0x1c Src\stm32l0xx_hal_msp.o
                0x08004024                HAL_MspInit
 .text.HAL_TIM_Base_MspInit
                0x08004040       0x7c Src\stm32l0xx_hal_msp.o
                0x08004040                HAL_TIM_Base_MspInit
 .text.HAL_TIM_MspPostInit
                0x080040bc       0xa8 Src\stm32l0xx_hal_msp.o
                0x080040bc                HAL_TIM_MspPostInit
 .text.HAL_UART_MspInit
                0x08004164       0xe0 Src\stm32l0xx_hal_msp.o
                0x08004164                HAL_UART_MspInit
 .text.NMI_Handler
                0x08004244        0x2 Src\stm32l0xx_it.o
                0x08004244                NMI_Handler
 .text.HardFault_Handler
                0x08004246        0x2 Src\stm32l0xx_it.o
                0x08004246                HardFault_Handler
 .text.SVC_Handler
                0x08004248        0x2 Src\stm32l0xx_it.o
                0x08004248                SVC_Handler
 .text.PendSV_Handler
                0x0800424a        0x2 Src\stm32l0xx_it.o
                0x0800424a                PendSV_Handler
 .text.SysTick_Handler
                0x0800424c        0x8 Src\stm32l0xx_it.o
                0x0800424c                SysTick_Handler
 .text.EXTI4_15_IRQHandler
                0x08004254       0x50 Src\stm32l0xx_it.o
                0x08004254                EXTI4_15_IRQHandler
 .text.DMA1_Channel2_3_IRQHandler
                0x080042a4       0x18 Src\stm32l0xx_it.o
                0x080042a4                DMA1_Channel2_3_IRQHandler
 .text.TIM3_IRQHandler
                0x080042bc       0x10 Src\stm32l0xx_it.o
                0x080042bc                TIM3_IRQHandler
 .text.TIM6_DAC_IRQHandler
                0x080042cc       0x10 Src\stm32l0xx_it.o
                0x080042cc                TIM6_DAC_IRQHandler
 .text.TIM22_IRQHandler
                0x080042dc       0x10 Src\stm32l0xx_it.o
                0x080042dc                TIM22_IRQHandler
 .text.USART1_IRQHandler
                0x080042ec       0x20 Src\stm32l0xx_it.o
                0x080042ec                USART1_IRQHandler
 .text.SystemInit
                0x0800430c       0x5c Src\system_stm32l0xx.o
                0x0800430c                SystemInit
 .text.Reset_Handler
                0x08004368       0x50 startup\startup_stm32l073xx.o
                0x08004368                Reset_Handler
 .text.Default_Handler
                0x080043b8        0x2 startup\startup_stm32l073xx.o
                0x080043b8                TSC_IRQHandler
                0x080043b8                ADC1_COMP_IRQHandler
                0x080043b8                PVD_IRQHandler
                0x080043b8                I2C1_IRQHandler
                0x080043b8                RCC_CRS_IRQHandler
                0x080043b8                SPI1_IRQHandler
                0x080043b8                EXTI2_3_IRQHandler
                0x080043b8                I2C2_IRQHandler
                0x080043b8                RTC_IRQHandler
                0x080043b8                LCD_IRQHandler
                0x080043b8                DMA1_Channel4_5_6_7_IRQHandler
                0x080043b8                DMA1_Channel1_IRQHandler
                0x080043b8                USART4_5_IRQHandler
                0x080043b8                Default_Handler
                0x080043b8                TIM7_IRQHandler
                0x080043b8                EXTI0_1_IRQHandler
                0x080043b8                USB_IRQHandler
                0x080043b8                I2C3_IRQHandler
                0x080043b8                SPI2_IRQHandler
                0x080043b8                TIM21_IRQHandler
                0x080043b8                WWDG_IRQHandler
                0x080043b8                TIM2_IRQHandler
                0x080043b8                USART2_IRQHandler
                0x080043b8                FLASH_IRQHandler
                0x080043b8                RNG_LPUART1_IRQHandler
                0x080043b8                LPTIM1_IRQHandler
 *fill*         0x080043ba        0x2 
 .text.__libc_init_array
                0x080043bc       0x48 c:/program files (x86)/atollic/truestudio for stm32 9.0.1/armtools/bin/../lib/gcc/arm-atollic-eabi/6.3.1/../../../../arm-atollic-eabi/lib/armv6-m\libc_nano.a(lib_a-init.o)
                0x080043bc                __libc_init_array
 .text.memset   0x08004404       0x10 c:/program files (x86)/atollic/truestudio for stm32 9.0.1/armtools/bin/../lib/gcc/arm-atollic-eabi/6.3.1/../../../../arm-atollic-eabi/lib/armv6-m\libc_nano.a(lib_a-memset.o)
                0x08004404                memset
 *(.glue_7)
 .glue_7        0x08004414        0x0 linker stubs
 *(.glue_7t)
 .glue_7t       0x08004414        0x0 linker stubs
 *(.eh_frame)
 .eh_frame      0x08004414        0x0 c:/program files (x86)/atollic/truestudio for stm32 9.0.1/armtools/bin/../lib/gcc/arm-atollic-eabi/6.3.1/armv6-m/crtbegin.o
 *(.init)
 .init          0x08004414        0x4 c:/program files (x86)/atollic/truestudio for stm32 9.0.1/armtools/bin/../lib/gcc/arm-atollic-eabi/6.3.1/armv6-m/crti.o
                0x08004414                _init
 .init          0x08004418        0x8 c:/program files (x86)/atollic/truestudio for stm32 9.0.1/armtools/bin/../lib/gcc/arm-atollic-eabi/6.3.1/armv6-m/crtn.o
 *(.fini)
 .fini          0x08004420        0x4 c:/program files (x86)/atollic/truestudio for stm32 9.0.1/armtools/bin/../lib/gcc/arm-atollic-eabi/6.3.1/armv6-m/crti.o
                0x08004420                _fini
 .fini          0x08004424        0x8 c:/program files (x86)/atollic/truestudio for stm32 9.0.1/armtools/bin/../lib/gcc/arm-atollic-eabi/6.3.1/armv6-m/crtn.o
                0x0800442c                . = ALIGN (0x4)
                0x0800442c                _etext = .

.vfp11_veneer   0x0800442c        0x0
 .vfp11_veneer  0x0800442c        0x0 linker stubs

.v4_bx          0x0800442c        0x0
 .v4_bx         0x0800442c        0x0 linker stubs

.iplt           0x0800442c        0x0
 .iplt          0x0800442c        0x0 c:/program files (x86)/atollic/truestudio for stm32 9.0.1/armtools/bin/../lib/gcc/arm-atollic-eabi/6.3.1/armv6-m/crtbegin.o

.rodata         0x0800442c      0x12c
                0x0800442c                . = ALIGN (0x4)
 *(.rodata)
 .rodata        0x0800442c       0x48 Drivers\STM32L0xx_HAL_Driver\Src\stm32l0xx_hal_uart.o
 .rodata        0x08004474       0x24 Src\system_stm32l0xx.o
                0x08004474                PLLMulTable
                0x08004480                AHBPrescTable
                0x08004490                APBPrescTable
 .rodata        0x08004498       0x80 c:/program files (x86)/atollic/truestudio for stm32 9.0.1/armtools/bin/../lib/gcc/arm-atollic-eabi/6.3.1/armv6-m\libgcc.a(divsf3.o)
 .rodata        0x08004518       0x40 c:/program files (x86)/atollic/truestudio for stm32 9.0.1/armtools/bin/../lib/gcc/arm-atollic-eabi/6.3.1/armv6-m\libgcc.a(mulsf3.o)
 *(.rodata*)
                0x08004558                . = ALIGN (0x4)

.ARM.extab
 *(.ARM.extab* .gnu.linkonce.armextab.*)

.ARM            0x08004558        0x8
                0x08004558                __exidx_start = .
 *(.ARM.exidx*)
 .ARM.exidx     0x08004558        0x8 c:/program files (x86)/atollic/truestudio for stm32 9.0.1/armtools/bin/../lib/gcc/arm-atollic-eabi/6.3.1/armv6-m\libgcc.a(_udivmoddi4.o)
                0x08004560                __exidx_end = .

.rel.dyn        0x08004560        0x0
 .rel.iplt      0x08004560        0x0 c:/program files (x86)/atollic/truestudio for stm32 9.0.1/armtools/bin/../lib/gcc/arm-atollic-eabi/6.3.1/armv6-m/crtbegin.o

.preinit_array  0x08004560        0x0
                0x08004560                PROVIDE (__preinit_array_start, .)
 *(.preinit_array*)
                0x08004560                PROVIDE (__preinit_array_end, .)

.init_array     0x08004560        0x4
                0x08004560                PROVIDE (__init_array_start, .)
 *(SORT(.init_array.*))
 *(.init_array*)
 .init_array    0x08004560        0x4 c:/program files (x86)/atollic/truestudio for stm32 9.0.1/armtools/bin/../lib/gcc/arm-atollic-eabi/6.3.1/armv6-m/crtbegin.o
                0x08004564                PROVIDE (__init_array_end, .)

.fini_array     0x08004564        0x4
                [!provide]                PROVIDE (__fini_array_start, .)
 *(SORT(.fini_array.*))
 *(.fini_array*)
 .fini_array    0x08004564        0x4 c:/program files (x86)/atollic/truestudio for stm32 9.0.1/armtools/bin/../lib/gcc/arm-atollic-eabi/6.3.1/armv6-m/crtbegin.o
                [!provide]                PROVIDE (__fini_array_end, .)
                0x08004568                _sidata = LOADADDR (.data)

.data           0x20000000        0x4 load address 0x08004568
                0x20000000                . = ALIGN (0x4)
                0x20000000                _sdata = .
 *(.data)
 .data          0x20000000        0x4 Src\system_stm32l0xx.o
                0x20000000                SystemCoreClock
 *(.data*)
                0x20000004                . = ALIGN (0x4)
                0x20000004                _edata = .

.igot.plt       0x20000004        0x0 load address 0x0800456c
 .igot.plt      0x20000004        0x0 c:/program files (x86)/atollic/truestudio for stm32 9.0.1/armtools/bin/../lib/gcc/arm-atollic-eabi/6.3.1/armv6-m/crtbegin.o
                0x20000004                . = ALIGN (0x4)

.bss            0x20000004      0x2c4 load address 0x0800456c
                0x20000004                _sbss = .
                0x20000004                __bss_start__ = _sbss
 *(.bss)
 .bss           0x20000004       0x1c c:/program files (x86)/atollic/truestudio for stm32 9.0.1/armtools/bin/../lib/gcc/arm-atollic-eabi/6.3.1/armv6-m/crtbegin.o
 *(.bss*)
 *(COMMON)
 COMMON         0x20000020        0x4 Drivers\STM32L0xx_HAL_Driver\Src\stm32l0xx_hal.o
                0x20000020                uwTick
 COMMON         0x20000024        0x1 Src\Bluetooth.o
                0x20000024                bluetooth_memory
 *fill*         0x20000025        0x3 
 COMMON         0x20000028       0x24 Src\Cerpadlo.o
                0x20000028                tempdistance
                0x2000002c                cerpadlo1
                0x20000030                distance_cerpadlo
                0x20000034                counter_cerpadlo
                0x20000038                distance1
                0x2000003c                distance2
                0x20000040                timeout
                0x20000044                cerpadlo2
                0x20000048                speed_cerpadla
 COMMON         0x2000004c       0x11 Src\External_interupt.o
                0x2000004c                logic1
                0x20000050                TIM_ultrasound
                0x20000054                dist2
                0x20000058                dist1
                0x2000005c                logic2
 *fill*         0x2000005d        0x3 
 COMMON         0x20000060      0x1c4 Src\main.o
                0x20000060                htim3
                0x2000009c                hdma_usart1_tx
                0x200000e4                hdma_usart1_rx
                0x2000012c                htim22
                0x20000168                huart1
                0x200001e8                htim6
 COMMON         0x20000224       0xa4 Src\motorcontrol.o
                0x20000224                maxdistance
                0x20000228                Derivate
                0x2000022c                Derivate2
                0x20000230                speed4
                0x20000234                LastError2
                0x20000238                b
                0x2000023c                response
                0x20000240                Kd2
                0x20000244                speed2
                0x20000248                timer
                0x2000024c                Ki
                0x20000250                timer2
                0x20000254                Integral2
                0x20000258                otacky1
                0x2000025c                LastError
                0x20000260                pow1
                0x20000264                distance
                0x20000268                set_speed_rigth
                0x2000026c                left
                0x20000270                speed_cerpadlo_nahoru
                0x20000274                otacky2
                0x20000278                chan1
                0x2000027a                speed3
                0x2000027c                etalon
                0x20000280                Turn
                0x20000284                rigth
                0x20000288                set_speed_left
                0x2000028c                currentdistance1
                0x20000290                Kd
                0x20000294                speed_cerpadlo_dolu
                0x20000298                error
                0x2000029c                Ki2
                0x200002a0                Integral
                0x200002a4                Kp
                0x200002a8                Kp2
                0x200002ac                speed1
                0x200002ae                a
                0x200002af                total_stop
                0x200002b0                logic
                0x200002b4                chan2
                0x200002b8                currentdistance
                0x200002bc                stop
                0x200002c0                pow2
                0x200002c4                currentdistance2
                0x200002c8                . = ALIGN (0x4)
                0x200002c8                _ebss = .
                0x200002c8                __bss_end__ = _ebss

._user_heap_stack
                0x200002c8      0x600 load address 0x0800456c
                0x200002c8                . = ALIGN (0x8)
                [!provide]                PROVIDE (end, .)
                [!provide]                PROVIDE (_end, .)
                0x200004c8                . = (. + _Min_Heap_Size)
 *fill*         0x200002c8      0x200 
                0x200008c8                . = (. + _Min_Stack_Size)
 *fill*         0x200004c8      0x400 
                0x200008c8                . = ALIGN (0x8)

/DISCARD/
 libc.a(*)
 libm.a(*)
 libgcc.a(*)

.ARM.attributes
                0x00000000       0x28
 *(.ARM.attributes)
 .ARM.attributes
                0x00000000       0x1e c:/program files (x86)/atollic/truestudio for stm32 9.0.1/armtools/bin/../lib/gcc/arm-atollic-eabi/6.3.1/armv6-m/crti.o
 .ARM.attributes
                0x0000001e       0x2c c:/program files (x86)/atollic/truestudio for stm32 9.0.1/armtools/bin/../lib/gcc/arm-atollic-eabi/6.3.1/armv6-m/crtbegin.o
 .ARM.attributes
                0x0000004a       0x32 Drivers\STM32L0xx_HAL_Driver\Src\stm32l0xx_hal.o
 .ARM.attributes
                0x0000007c       0x32 Drivers\STM32L0xx_HAL_Driver\Src\stm32l0xx_hal_cortex.o
 .ARM.attributes
                0x000000ae       0x32 Drivers\STM32L0xx_HAL_Driver\Src\stm32l0xx_hal_dma.o
 .ARM.attributes
                0x000000e0       0x32 Drivers\STM32L0xx_HAL_Driver\Src\stm32l0xx_hal_gpio.o
 .ARM.attributes
                0x00000112       0x32 Drivers\STM32L0xx_HAL_Driver\Src\stm32l0xx_hal_rcc.o
 .ARM.attributes
                0x00000144       0x32 Drivers\STM32L0xx_HAL_Driver\Src\stm32l0xx_hal_rcc_ex.o
 .ARM.attributes
                0x00000176       0x32 Drivers\STM32L0xx_HAL_Driver\Src\stm32l0xx_hal_tim.o
 .ARM.attributes
                0x000001a8       0x32 Drivers\STM32L0xx_HAL_Driver\Src\stm32l0xx_hal_tim_ex.o
 .ARM.attributes
                0x000001da       0x32 Drivers\STM32L0xx_HAL_Driver\Src\stm32l0xx_hal_uart.o
 .ARM.attributes
                0x0000020c       0x32 Drivers\STM32L0xx_HAL_Driver\Src\stm32l0xx_hal_uart_ex.o
 .ARM.attributes
                0x0000023e       0x32 Src\Bluetooth.o
 .ARM.attributes
                0x00000270       0x32 Src\Cerpadlo.o
 .ARM.attributes
                0x000002a2       0x32 Src\External_interupt.o
 .ARM.attributes
                0x000002d4       0x32 Src\Ultrasound.o
 .ARM.attributes
                0x00000306       0x32 Src\main.o
 .ARM.attributes
                0x00000338       0x32 Src\motorcontrol.o
 .ARM.attributes
                0x0000036a       0x32 Src\stm32l0xx_hal_msp.o
 .ARM.attributes
                0x0000039c       0x32 Src\stm32l0xx_it.o
 .ARM.attributes
                0x000003ce       0x32 Src\system_stm32l0xx.o
 .ARM.attributes
                0x00000400       0x22 startup\startup_stm32l073xx.o
 .ARM.attributes
                0x00000422       0x2c c:/program files (x86)/atollic/truestudio for stm32 9.0.1/armtools/bin/../lib/gcc/arm-atollic-eabi/6.3.1/../../../../arm-atollic-eabi/lib/armv6-m\libc_nano.a(lib_a-init.o)
 .ARM.attributes
                0x0000044e       0x2c c:/program files (x86)/atollic/truestudio for stm32 9.0.1/armtools/bin/../lib/gcc/arm-atollic-eabi/6.3.1/../../../../arm-atollic-eabi/lib/armv6-m\libc_nano.a(lib_a-memset.o)
 .ARM.attributes
                0x0000047a       0x1e c:/program files (x86)/atollic/truestudio for stm32 9.0.1/armtools/bin/../lib/gcc/arm-atollic-eabi/6.3.1/armv6-m\libgcc.a(_udivsi3.o)
 .ARM.attributes
                0x00000498       0x1e c:/program files (x86)/atollic/truestudio for stm32 9.0.1/armtools/bin/../lib/gcc/arm-atollic-eabi/6.3.1/armv6-m\libgcc.a(_divsi3.o)
 .ARM.attributes
                0x000004b6       0x1e c:/program files (x86)/atollic/truestudio for stm32 9.0.1/armtools/bin/../lib/gcc/arm-atollic-eabi/6.3.1/armv6-m\libgcc.a(_dvmd_tls.o)
 .ARM.attributes
                0x000004d4       0x1e c:/program files (x86)/atollic/truestudio for stm32 9.0.1/armtools/bin/../lib/gcc/arm-atollic-eabi/6.3.1/armv6-m\libgcc.a(_arm_cmpsf2.o)
 .ARM.attributes
                0x000004f2       0x1e c:/program files (x86)/atollic/truestudio for stm32 9.0.1/armtools/bin/../lib/gcc/arm-atollic-eabi/6.3.1/armv6-m\libgcc.a(_aeabi_uldivmod.o)
 .ARM.attributes
                0x00000510       0x2c c:/program files (x86)/atollic/truestudio for stm32 9.0.1/armtools/bin/../lib/gcc/arm-atollic-eabi/6.3.1/armv6-m\libgcc.a(_udivmoddi4.o)
 .ARM.attributes
                0x0000053c       0x2c c:/program files (x86)/atollic/truestudio for stm32 9.0.1/armtools/bin/../lib/gcc/arm-atollic-eabi/6.3.1/armv6-m\libgcc.a(addsf3.o)
 .ARM.attributes
                0x00000568       0x2c c:/program files (x86)/atollic/truestudio for stm32 9.0.1/armtools/bin/../lib/gcc/arm-atollic-eabi/6.3.1/armv6-m\libgcc.a(divsf3.o)
 .ARM.attributes
                0x00000594       0x2c c:/program files (x86)/atollic/truestudio for stm32 9.0.1/armtools/bin/../lib/gcc/arm-atollic-eabi/6.3.1/armv6-m\libgcc.a(eqsf2.o)
 .ARM.attributes
                0x000005c0       0x2c c:/program files (x86)/atollic/truestudio for stm32 9.0.1/armtools/bin/../lib/gcc/arm-atollic-eabi/6.3.1/armv6-m\libgcc.a(gesf2.o)
 .ARM.attributes
                0x000005ec       0x2c c:/program files (x86)/atollic/truestudio for stm32 9.0.1/armtools/bin/../lib/gcc/arm-atollic-eabi/6.3.1/armv6-m\libgcc.a(lesf2.o)
 .ARM.attributes
                0x00000618       0x2c c:/program files (x86)/atollic/truestudio for stm32 9.0.1/armtools/bin/../lib/gcc/arm-atollic-eabi/6.3.1/armv6-m\libgcc.a(mulsf3.o)
 .ARM.attributes
                0x00000644       0x2c c:/program files (x86)/atollic/truestudio for stm32 9.0.1/armtools/bin/../lib/gcc/arm-atollic-eabi/6.3.1/armv6-m\libgcc.a(subsf3.o)
 .ARM.attributes
                0x00000670       0x2c c:/program files (x86)/atollic/truestudio for stm32 9.0.1/armtools/bin/../lib/gcc/arm-atollic-eabi/6.3.1/armv6-m\libgcc.a(fixsfsi.o)
 .ARM.attributes
                0x0000069c       0x2c c:/program files (x86)/atollic/truestudio for stm32 9.0.1/armtools/bin/../lib/gcc/arm-atollic-eabi/6.3.1/armv6-m\libgcc.a(floatsisf.o)
 .ARM.attributes
                0x000006c8       0x1e c:/program files (x86)/atollic/truestudio for stm32 9.0.1/armtools/bin/../lib/gcc/arm-atollic-eabi/6.3.1/armv6-m\libgcc.a(_clzsi2.o)
 .ARM.attributes
                0x000006e6       0x1e c:/program files (x86)/atollic/truestudio for stm32 9.0.1/armtools/bin/../lib/gcc/arm-atollic-eabi/6.3.1/armv6-m\libgcc.a(_clzdi2.o)
 .ARM.attributes
                0x00000704       0x1e c:/program files (x86)/atollic/truestudio for stm32 9.0.1/armtools/bin/../lib/gcc/arm-atollic-eabi/6.3.1/armv6-m/crtn.o
OUTPUT(Pokus.elf elf32-littlearm)

.debug_info     0x00000000     0xf48d
 .debug_info    0x00000000      0x872 Drivers\STM32L0xx_HAL_Driver\Src\stm32l0xx_hal.o
 .debug_info    0x00000872      0x99b Drivers\STM32L0xx_HAL_Driver\Src\stm32l0xx_hal_cortex.o
 .debug_info    0x0000120d      0x819 Drivers\STM32L0xx_HAL_Driver\Src\stm32l0xx_hal_dma.o
 .debug_info    0x00001a26      0x6d8 Drivers\STM32L0xx_HAL_Driver\Src\stm32l0xx_hal_gpio.o
 .debug_info    0x000020fe      0xc4f Drivers\STM32L0xx_HAL_Driver\Src\stm32l0xx_hal_rcc.o
 .debug_info    0x00002d4d      0x934 Drivers\STM32L0xx_HAL_Driver\Src\stm32l0xx_hal_rcc_ex.o
 .debug_info    0x00003681     0x2ff9 Drivers\STM32L0xx_HAL_Driver\Src\stm32l0xx_hal_tim.o
 .debug_info    0x0000667a      0x68f Drivers\STM32L0xx_HAL_Driver\Src\stm32l0xx_hal_tim_ex.o
 .debug_info    0x00006d09     0x1b23 Drivers\STM32L0xx_HAL_Driver\Src\stm32l0xx_hal_uart.o
 .debug_info    0x0000882c      0x983 Drivers\STM32L0xx_HAL_Driver\Src\stm32l0xx_hal_uart_ex.o
 .debug_info    0x000091af      0x717 Src\Bluetooth.o
 .debug_info    0x000098c6      0x50d Src\Cerpadlo.o
 .debug_info    0x00009dd3      0x820 Src\External_interupt.o
 .debug_info    0x0000a5f3      0x6c8 Src\Ultrasound.o
 .debug_info    0x0000acbb     0x1a32 Src\main.o
 .debug_info    0x0000c6ed      0xed7 Src\motorcontrol.o
 .debug_info    0x0000d5c4      0xf85 Src\stm32l0xx_hal_msp.o
 .debug_info    0x0000e549      0xb21 Src\stm32l0xx_it.o
 .debug_info    0x0000f06a      0x39c Src\system_stm32l0xx.o
 .debug_info    0x0000f406       0x87 startup\startup_stm32l073xx.o

.debug_abbrev   0x00000000     0x2521
 .debug_abbrev  0x00000000      0x234 Drivers\STM32L0xx_HAL_Driver\Src\stm32l0xx_hal.o
 .debug_abbrev  0x00000234      0x24a Drivers\STM32L0xx_HAL_Driver\Src\stm32l0xx_hal_cortex.o
 .debug_abbrev  0x0000047e      0x1f9 Drivers\STM32L0xx_HAL_Driver\Src\stm32l0xx_hal_dma.o
 .debug_abbrev  0x00000677      0x1cd Drivers\STM32L0xx_HAL_Driver\Src\stm32l0xx_hal_gpio.o
 .debug_abbrev  0x00000844      0x280 Drivers\STM32L0xx_HAL_Driver\Src\stm32l0xx_hal_rcc.o
 .debug_abbrev  0x00000ac4      0x1fd Drivers\STM32L0xx_HAL_Driver\Src\stm32l0xx_hal_rcc_ex.o
 .debug_abbrev  0x00000cc1      0x222 Drivers\STM32L0xx_HAL_Driver\Src\stm32l0xx_hal_tim.o
 .debug_abbrev  0x00000ee3      0x19a Drivers\STM32L0xx_HAL_Driver\Src\stm32l0xx_hal_tim_ex.o
 .debug_abbrev  0x0000107d      0x25a Drivers\STM32L0xx_HAL_Driver\Src\stm32l0xx_hal_uart.o
 .debug_abbrev  0x000012d7      0x233 Drivers\STM32L0xx_HAL_Driver\Src\stm32l0xx_hal_uart_ex.o
 .debug_abbrev  0x0000150a      0x1af Src\Bluetooth.o
 .debug_abbrev  0x000016b9      0x16d Src\Cerpadlo.o
 .debug_abbrev  0x00001826      0x1a6 Src\External_interupt.o
 .debug_abbrev  0x000019cc      0x1be Src\Ultrasound.o
 .debug_abbrev  0x00001b8a      0x245 Src\main.o
 .debug_abbrev  0x00001dcf      0x266 Src\motorcontrol.o
 .debug_abbrev  0x00002035      0x220 Src\stm32l0xx_hal_msp.o
 .debug_abbrev  0x00002255      0x1a9 Src\stm32l0xx_it.o
 .debug_abbrev  0x000023fe      0x111 Src\system_stm32l0xx.o
 .debug_abbrev  0x0000250f       0x12 startup\startup_stm32l073xx.o

.debug_loc      0x00000000     0x7faa
 .debug_loc     0x00000000      0x12c Drivers\STM32L0xx_HAL_Driver\Src\stm32l0xx_hal.o
 .debug_loc     0x0000012c      0x3b4 Drivers\STM32L0xx_HAL_Driver\Src\stm32l0xx_hal_cortex.o
 .debug_loc     0x000004e0      0x7a6 Drivers\STM32L0xx_HAL_Driver\Src\stm32l0xx_hal_dma.o
 .debug_loc     0x00000c86      0x2a5 Drivers\STM32L0xx_HAL_Driver\Src\stm32l0xx_hal_gpio.o
 .debug_loc     0x00000f2b      0x56e Drivers\STM32L0xx_HAL_Driver\Src\stm32l0xx_hal_rcc.o
 .debug_loc     0x00001499      0xab0 Drivers\STM32L0xx_HAL_Driver\Src\stm32l0xx_hal_rcc_ex.o
 .debug_loc     0x00001f49     0x3940 Drivers\STM32L0xx_HAL_Driver\Src\stm32l0xx_hal_tim.o
 .debug_loc     0x00005889      0x111 Drivers\STM32L0xx_HAL_Driver\Src\stm32l0xx_hal_tim_ex.o
 .debug_loc     0x0000599a     0x1acf Drivers\STM32L0xx_HAL_Driver\Src\stm32l0xx_hal_uart.o
 .debug_loc     0x00007469      0x34c Drivers\STM32L0xx_HAL_Driver\Src\stm32l0xx_hal_uart_ex.o
 .debug_loc     0x000077b5       0x2c Src\Bluetooth.o
 .debug_loc     0x000077e1       0x92 Src\Cerpadlo.o
 .debug_loc     0x00007873       0x3a Src\External_interupt.o
 .debug_loc     0x000078ad       0x2d Src\Ultrasound.o
 .debug_loc     0x000078da      0x38d Src\motorcontrol.o
 .debug_loc     0x00007c67      0x1a1 Src\stm32l0xx_hal_msp.o
 .debug_loc     0x00007e08      0x1a2 Src\system_stm32l0xx.o

.debug_aranges  0x00000000      0xc80
 .debug_aranges
                0x00000000       0xf8 Drivers\STM32L0xx_HAL_Driver\Src\stm32l0xx_hal.o
 .debug_aranges
                0x000000f8       0x90 Drivers\STM32L0xx_HAL_Driver\Src\stm32l0xx_hal_cortex.o
 .debug_aranges
                0x00000188       0x80 Drivers\STM32L0xx_HAL_Driver\Src\stm32l0xx_hal_dma.o
 .debug_aranges
                0x00000208       0x58 Drivers\STM32L0xx_HAL_Driver\Src\stm32l0xx_hal_gpio.o
 .debug_aranges
                0x00000260       0x80 Drivers\STM32L0xx_HAL_Driver\Src\stm32l0xx_hal_rcc.o
 .debug_aranges
                0x000002e0       0xb0 Drivers\STM32L0xx_HAL_Driver\Src\stm32l0xx_hal_rcc_ex.o
 .debug_aranges
                0x00000390      0x3a8 Drivers\STM32L0xx_HAL_Driver\Src\stm32l0xx_hal_tim.o
 .debug_aranges
                0x00000738       0x28 Drivers\STM32L0xx_HAL_Driver\Src\stm32l0xx_hal_tim_ex.o
 .debug_aranges
                0x00000760      0x1f8 Drivers\STM32L0xx_HAL_Driver\Src\stm32l0xx_hal_uart.o
 .debug_aranges
                0x00000958       0x60 Drivers\STM32L0xx_HAL_Driver\Src\stm32l0xx_hal_uart_ex.o
 .debug_aranges
                0x000009b8       0x30 Src\Bluetooth.o
 .debug_aranges
                0x000009e8       0x50 Src\Cerpadlo.o
 .debug_aranges
                0x00000a38       0x20 Src\External_interupt.o
 .debug_aranges
                0x00000a58       0x38 Src\Ultrasound.o
 .debug_aranges
                0x00000a90       0x60 Src\main.o
 .debug_aranges
                0x00000af0       0x88 Src\motorcontrol.o
 .debug_aranges
                0x00000b78       0x48 Src\stm32l0xx_hal_msp.o
 .debug_aranges
                0x00000bc0       0x70 Src\stm32l0xx_it.o
 .debug_aranges
                0x00000c30       0x28 Src\system_stm32l0xx.o
 .debug_aranges
                0x00000c58       0x28 startup\startup_stm32l073xx.o

.debug_ranges   0x00000000      0xbd8
 .debug_ranges  0x00000000       0xe8 Drivers\STM32L0xx_HAL_Driver\Src\stm32l0xx_hal.o
 .debug_ranges  0x000000e8       0xc8 Drivers\STM32L0xx_HAL_Driver\Src\stm32l0xx_hal_cortex.o
 .debug_ranges  0x000001b0       0x70 Drivers\STM32L0xx_HAL_Driver\Src\stm32l0xx_hal_dma.o
 .debug_ranges  0x00000220       0x48 Drivers\STM32L0xx_HAL_Driver\Src\stm32l0xx_hal_gpio.o
 .debug_ranges  0x00000268       0xa0 Drivers\STM32L0xx_HAL_Driver\Src\stm32l0xx_hal_rcc.o
 .debug_ranges  0x00000308       0xb8 Drivers\STM32L0xx_HAL_Driver\Src\stm32l0xx_hal_rcc_ex.o
 .debug_ranges  0x000003c0      0x398 Drivers\STM32L0xx_HAL_Driver\Src\stm32l0xx_hal_tim.o
 .debug_ranges  0x00000758       0x18 Drivers\STM32L0xx_HAL_Driver\Src\stm32l0xx_hal_tim_ex.o
 .debug_ranges  0x00000770      0x1e8 Drivers\STM32L0xx_HAL_Driver\Src\stm32l0xx_hal_uart.o
 .debug_ranges  0x00000958       0x50 Drivers\STM32L0xx_HAL_Driver\Src\stm32l0xx_hal_uart_ex.o
 .debug_ranges  0x000009a8       0x20 Src\Bluetooth.o
 .debug_ranges  0x000009c8       0x40 Src\Cerpadlo.o
 .debug_ranges  0x00000a08       0x10 Src\External_interupt.o
 .debug_ranges  0x00000a18       0x28 Src\Ultrasound.o
 .debug_ranges  0x00000a40       0x50 Src\main.o
 .debug_ranges  0x00000a90       0x78 Src\motorcontrol.o
 .debug_ranges  0x00000b08       0x38 Src\stm32l0xx_hal_msp.o
 .debug_ranges  0x00000b40       0x60 Src\stm32l0xx_it.o
 .debug_ranges  0x00000ba0       0x18 Src\system_stm32l0xx.o
 .debug_ranges  0x00000bb8       0x20 startup\startup_stm32l073xx.o

.debug_macro    0x00000000    0x14830
 .debug_macro   0x00000000      0x1dc Drivers\STM32L0xx_HAL_Driver\Src\stm32l0xx_hal.o
 .debug_macro   0x000001dc      0x8a4 Drivers\STM32L0xx_HAL_Driver\Src\stm32l0xx_hal.o
 .debug_macro   0x00000a80       0xa3 Drivers\STM32L0xx_HAL_Driver\Src\stm32l0xx_hal.o
 .debug_macro   0x00000b23       0x2e Drivers\STM32L0xx_HAL_Driver\Src\stm32l0xx_hal.o
 .debug_macro   0x00000b51       0x28 Drivers\STM32L0xx_HAL_Driver\Src\stm32l0xx_hal.o
 .debug_macro   0x00000b79       0x22 Drivers\STM32L0xx_HAL_Driver\Src\stm32l0xx_hal.o
 .debug_macro   0x00000b9b       0x87 Drivers\STM32L0xx_HAL_Driver\Src\stm32l0xx_hal.o
 .debug_macro   0x00000c22       0x51 Drivers\STM32L0xx_HAL_Driver\Src\stm32l0xx_hal.o
 .debug_macro   0x00000c73       0xef Drivers\STM32L0xx_HAL_Driver\Src\stm32l0xx_hal.o
 .debug_macro   0x00000d62       0x6a Drivers\STM32L0xx_HAL_Driver\Src\stm32l0xx_hal.o
 .debug_macro   0x00000dcc      0x1df Drivers\STM32L0xx_HAL_Driver\Src\stm32l0xx_hal.o
 .debug_macro   0x00000fab       0x34 Drivers\STM32L0xx_HAL_Driver\Src\stm32l0xx_hal.o
 .debug_macro   0x00000fdf       0x26 Drivers\STM32L0xx_HAL_Driver\Src\stm32l0xx_hal.o
 .debug_macro   0x00001005      0x44f Drivers\STM32L0xx_HAL_Driver\Src\stm32l0xx_hal.o
 .debug_macro   0x00001454     0xa43e Drivers\STM32L0xx_HAL_Driver\Src\stm32l0xx_hal.o
 .debug_macro   0x0000b892       0x3c Drivers\STM32L0xx_HAL_Driver\Src\stm32l0xx_hal.o
 .debug_macro   0x0000b8ce     0x34ca Drivers\STM32L0xx_HAL_Driver\Src\stm32l0xx_hal.o
 .debug_macro   0x0000ed98      0x174 Drivers\STM32L0xx_HAL_Driver\Src\stm32l0xx_hal.o
 .debug_macro   0x0000ef0c       0x4f Drivers\STM32L0xx_HAL_Driver\Src\stm32l0xx_hal.o
 .debug_macro   0x0000ef5b      0x8e4 Drivers\STM32L0xx_HAL_Driver\Src\stm32l0xx_hal.o
 .debug_macro   0x0000f83f      0xbb4 Drivers\STM32L0xx_HAL_Driver\Src\stm32l0xx_hal.o
 .debug_macro   0x000103f3      0x13f Drivers\STM32L0xx_HAL_Driver\Src\stm32l0xx_hal.o
 .debug_macro   0x00010532      0x1d1 Drivers\STM32L0xx_HAL_Driver\Src\stm32l0xx_hal.o
 .debug_macro   0x00010703      0x28e Drivers\STM32L0xx_HAL_Driver\Src\stm32l0xx_hal.o
 .debug_macro   0x00010991      0x1e9 Drivers\STM32L0xx_HAL_Driver\Src\stm32l0xx_hal.o
 .debug_macro   0x00010b7a      0x13e Drivers\STM32L0xx_HAL_Driver\Src\stm32l0xx_hal.o
 .debug_macro   0x00010cb8      0x4b5 Drivers\STM32L0xx_HAL_Driver\Src\stm32l0xx_hal.o
 .debug_macro   0x0001116d      0x22c Drivers\STM32L0xx_HAL_Driver\Src\stm32l0xx_hal.o
 .debug_macro   0x00011399       0x5b Drivers\STM32L0xx_HAL_Driver\Src\stm32l0xx_hal.o
 .debug_macro   0x000113f4       0xa5 Drivers\STM32L0xx_HAL_Driver\Src\stm32l0xx_hal.o
 .debug_macro   0x00011499      0x18d Drivers\STM32L0xx_HAL_Driver\Src\stm32l0xx_hal.o
 .debug_macro   0x00011626       0x16 Drivers\STM32L0xx_HAL_Driver\Src\stm32l0xx_hal.o
 .debug_macro   0x0001163c      0x734 Drivers\STM32L0xx_HAL_Driver\Src\stm32l0xx_hal.o
 .debug_macro   0x00011d70       0xfc Drivers\STM32L0xx_HAL_Driver\Src\stm32l0xx_hal.o
 .debug_macro   0x00011e6c      0x57b Drivers\STM32L0xx_HAL_Driver\Src\stm32l0xx_hal.o
 .debug_macro   0x000123e7       0x44 Drivers\STM32L0xx_HAL_Driver\Src\stm32l0xx_hal.o
 .debug_macro   0x0001242b      0x199 Drivers\STM32L0xx_HAL_Driver\Src\stm32l0xx_hal.o
 .debug_macro   0x000125c4      0x1b8 Drivers\STM32L0xx_HAL_Driver\Src\stm32l0xx_hal_cortex.o
 .debug_macro   0x0001277c      0x1b8 Drivers\STM32L0xx_HAL_Driver\Src\stm32l0xx_hal_dma.o
 .debug_macro   0x00012934      0x1f0 Drivers\STM32L0xx_HAL_Driver\Src\stm32l0xx_hal_gpio.o
 .debug_macro   0x00012b24      0x1ee Drivers\STM32L0xx_HAL_Driver\Src\stm32l0xx_hal_rcc.o
 .debug_macro   0x00012d12      0x1b8 Drivers\STM32L0xx_HAL_Driver\Src\stm32l0xx_hal_rcc_ex.o
 .debug_macro   0x00012eca      0x1b9 Drivers\STM32L0xx_HAL_Driver\Src\stm32l0xx_hal_tim.o
 .debug_macro   0x00013083      0x1b8 Drivers\STM32L0xx_HAL_Driver\Src\stm32l0xx_hal_tim_ex.o
 .debug_macro   0x0001323b      0x1e3 Drivers\STM32L0xx_HAL_Driver\Src\stm32l0xx_hal_uart.o
 .debug_macro   0x0001341e      0x1b8 Drivers\STM32L0xx_HAL_Driver\Src\stm32l0xx_hal_uart_ex.o
 .debug_macro   0x000135d6      0x1d1 Src\Bluetooth.o
 .debug_macro   0x000137a7      0x15f Src\Bluetooth.o
 .debug_macro   0x00013906      0x1ea Src\Cerpadlo.o
 .debug_macro   0x00013af0       0x1c Src\Cerpadlo.o
 .debug_macro   0x00013b0c      0x1e8 Src\External_interupt.o
 .debug_macro   0x00013cf4       0x22 Src\External_interupt.o
 .debug_macro   0x00013d16      0x1db Src\Ultrasound.o
 .debug_macro   0x00013ef1      0x1fc Src\main.o
 .debug_macro   0x000140ed      0x1df Src\motorcontrol.o
 .debug_macro   0x000142cc      0x1c7 Src\stm32l0xx_hal_msp.o
 .debug_macro   0x00014493      0x1df Src\stm32l0xx_it.o
 .debug_macro   0x00014672      0x1be Src\system_stm32l0xx.o

.debug_line     0x00000000     0x99eb
 .debug_line    0x00000000      0x785 Drivers\STM32L0xx_HAL_Driver\Src\stm32l0xx_hal.o
 .debug_line    0x00000785      0x74a Drivers\STM32L0xx_HAL_Driver\Src\stm32l0xx_hal_cortex.o
 .debug_line    0x00000ecf      0x7b7 Drivers\STM32L0xx_HAL_Driver\Src\stm32l0xx_hal_dma.o
 .debug_line    0x00001686      0x6dc Drivers\STM32L0xx_HAL_Driver\Src\stm32l0xx_hal_gpio.o
 .debug_line    0x00001d62      0x86e Drivers\STM32L0xx_HAL_Driver\Src\stm32l0xx_hal_rcc.o
 .debug_line    0x000025d0      0x8bb Drivers\STM32L0xx_HAL_Driver\Src\stm32l0xx_hal_rcc_ex.o
 .debug_line    0x00002e8b     0x154a Drivers\STM32L0xx_HAL_Driver\Src\stm32l0xx_hal_tim.o
 .debug_line    0x000043d5      0x5f7 Drivers\STM32L0xx_HAL_Driver\Src\stm32l0xx_hal_tim_ex.o
 .debug_line    0x000049cc     0x1117 Drivers\STM32L0xx_HAL_Driver\Src\stm32l0xx_hal_uart.o
 .debug_line    0x00005ae3      0x6cf Drivers\STM32L0xx_HAL_Driver\Src\stm32l0xx_hal_uart_ex.o
 .debug_line    0x000061b2      0x59f Src\Bluetooth.o
 .debug_line    0x00006751      0x638 Src\Cerpadlo.o
 .debug_line    0x00006d89      0x5bc Src\External_interupt.o
 .debug_line    0x00007345      0x5d3 Src\Ultrasound.o
 .debug_line    0x00007918      0x6ea Src\main.o
 .debug_line    0x00008002      0x72d Src\motorcontrol.o
 .debug_line    0x0000872f      0x64d Src\stm32l0xx_hal_msp.o
 .debug_line    0x00008d7c      0x64b Src\stm32l0xx_it.o
 .debug_line    0x000093c7      0x5a1 Src\system_stm32l0xx.o
 .debug_line    0x00009968       0x83 startup\startup_stm32l073xx.o

.debug_str      0x00000000    0x7e37b
 .debug_str     0x00000000    0x7a836 Drivers\STM32L0xx_HAL_Driver\Src\stm32l0xx_hal.o
                              0x7ac66 (size before relaxing)
 .debug_str     0x0007a836      0x2c2 Drivers\STM32L0xx_HAL_Driver\Src\stm32l0xx_hal_cortex.o
                              0x7aa71 (size before relaxing)
 .debug_str     0x0007aaf8      0x411 Drivers\STM32L0xx_HAL_Driver\Src\stm32l0xx_hal_dma.o
                              0x7a97c (size before relaxing)
 .debug_str     0x0007af09      0x2c1 Drivers\STM32L0xx_HAL_Driver\Src\stm32l0xx_hal_gpio.o
                              0x7a8b3 (size before relaxing)
 .debug_str     0x0007b1ca      0x42a Drivers\STM32L0xx_HAL_Driver\Src\stm32l0xx_hal_rcc.o
                              0x7ab07 (size before relaxing)
 .debug_str     0x0007b5f4      0x452 Drivers\STM32L0xx_HAL_Driver\Src\stm32l0xx_hal_rcc_ex.o
                              0x7aaed (size before relaxing)
 .debug_str     0x0007ba46      0xf2d Drivers\STM32L0xx_HAL_Driver\Src\stm32l0xx_hal_tim.o
                              0x7b728 (size before relaxing)
 .debug_str     0x0007c973       0xc7 Drivers\STM32L0xx_HAL_Driver\Src\stm32l0xx_hal_tim_ex.o
                              0x7a991 (size before relaxing)
 .debug_str     0x0007ca3a      0x9d0 Drivers\STM32L0xx_HAL_Driver\Src\stm32l0xx_hal_uart.o
                              0x7b271 (size before relaxing)
 .debug_str     0x0007d40a      0x185 Drivers\STM32L0xx_HAL_Driver\Src\stm32l0xx_hal_uart_ex.o
                              0x7ab10 (size before relaxing)
 .debug_str     0x0007d58f      0x712 Src\Bluetooth.o
                              0x7afed (size before relaxing)
 .debug_str     0x0007dca1      0x14b Src\Cerpadlo.o
                              0x7ad67 (size before relaxing)
 .debug_str     0x0007ddec       0x5c Src\External_interupt.o
                              0x7b096 (size before relaxing)
 .debug_str     0x0007de48       0x4e Src\Ultrasound.o
                              0x7b01b (size before relaxing)
 .debug_str     0x0007de96      0x17a Src\main.o
                              0x7bb20 (size before relaxing)
 .debug_str     0x0007e010      0x20f Src\motorcontrol.o
                              0x7b287 (size before relaxing)
 .debug_str     0x0007e21f       0x25 Src\stm32l0xx_hal_msp.o
                              0x7b54f (size before relaxing)
 .debug_str     0x0007e244       0xd3 Src\stm32l0xx_it.o
                              0x7b2d0 (size before relaxing)
 .debug_str     0x0007e317       0x64 Src\system_stm32l0xx.o
                              0x7a5fe (size before relaxing)

.comment        0x00000000       0x7c
 .comment       0x00000000       0x7c Drivers\STM32L0xx_HAL_Driver\Src\stm32l0xx_hal.o
                                 0x7d (size before relaxing)
 .comment       0x0000007c       0x7d Drivers\STM32L0xx_HAL_Driver\Src\stm32l0xx_hal_cortex.o
 .comment       0x0000007c       0x7d Drivers\STM32L0xx_HAL_Driver\Src\stm32l0xx_hal_dma.o
 .comment       0x0000007c       0x7d Drivers\STM32L0xx_HAL_Driver\Src\stm32l0xx_hal_gpio.o
 .comment       0x0000007c       0x7d Drivers\STM32L0xx_HAL_Driver\Src\stm32l0xx_hal_rcc.o
 .comment       0x0000007c       0x7d Drivers\STM32L0xx_HAL_Driver\Src\stm32l0xx_hal_rcc_ex.o
 .comment       0x0000007c       0x7d Drivers\STM32L0xx_HAL_Driver\Src\stm32l0xx_hal_tim.o
 .comment       0x0000007c       0x7d Drivers\STM32L0xx_HAL_Driver\Src\stm32l0xx_hal_tim_ex.o
 .comment       0x0000007c       0x7d Drivers\STM32L0xx_HAL_Driver\Src\stm32l0xx_hal_uart.o
 .comment       0x0000007c       0x7d Drivers\STM32L0xx_HAL_Driver\Src\stm32l0xx_hal_uart_ex.o
 .comment       0x0000007c       0x7d Src\Bluetooth.o
 .comment       0x0000007c       0x7d Src\Cerpadlo.o
 .comment       0x0000007c       0x7d Src\External_interupt.o
 .comment       0x0000007c       0x7d Src\Ultrasound.o
 .comment       0x0000007c       0x7d Src\main.o
 .comment       0x0000007c       0x7d Src\motorcontrol.o
 .comment       0x0000007c       0x7d Src\stm32l0xx_hal_msp.o
 .comment       0x0000007c       0x7d Src\stm32l0xx_it.o
 .comment       0x0000007c       0x7d Src\system_stm32l0xx.o

.debug_frame    0x00000000     0x20b8
 .debug_frame   0x00000000      0x1f4 Drivers\STM32L0xx_HAL_Driver\Src\stm32l0xx_hal.o
 .debug_frame   0x000001f4      0x114 Drivers\STM32L0xx_HAL_Driver\Src\stm32l0xx_hal_cortex.o
 .debug_frame   0x00000308      0x150 Drivers\STM32L0xx_HAL_Driver\Src\stm32l0xx_hal_dma.o
 .debug_frame   0x00000458       0xc8 Drivers\STM32L0xx_HAL_Driver\Src\stm32l0xx_hal_gpio.o
 .debug_frame   0x00000520      0x144 Drivers\STM32L0xx_HAL_Driver\Src\stm32l0xx_hal_rcc.o
 .debug_frame   0x00000664      0x178 Drivers\STM32L0xx_HAL_Driver\Src\stm32l0xx_hal_rcc_ex.o
 .debug_frame   0x000007dc      0xa28 Drivers\STM32L0xx_HAL_Driver\Src\stm32l0xx_hal_tim.o
 .debug_frame   0x00001204       0x44 Drivers\STM32L0xx_HAL_Driver\Src\stm32l0xx_hal_tim_ex.o
 .debug_frame   0x00001248      0x568 Drivers\STM32L0xx_HAL_Driver\Src\stm32l0xx_hal_uart.o
 .debug_frame   0x000017b0       0xec Drivers\STM32L0xx_HAL_Driver\Src\stm32l0xx_hal_uart_ex.o
 .debug_frame   0x0000189c       0x4c Src\Bluetooth.o
 .debug_frame   0x000018e8       0xa4 Src\Cerpadlo.o
 .debug_frame   0x0000198c       0x28 Src\External_interupt.o
 .debug_frame   0x000019b4       0x58 Src\Ultrasound.o
 .debug_frame   0x00001a0c      0x110 Src\main.o
 .debug_frame   0x00001b1c      0x148 Src\motorcontrol.o
 .debug_frame   0x00001c64       0xa0 Src\stm32l0xx_hal_msp.o
 .debug_frame   0x00001d04       0xf8 Src\stm32l0xx_it.o
 .debug_frame   0x00001dfc       0x38 Src\system_stm32l0xx.o
 .debug_frame   0x00001e34       0x2c c:/program files (x86)/atollic/truestudio for stm32 9.0.1/armtools/bin/../lib/gcc/arm-atollic-eabi/6.3.1/../../../../arm-atollic-eabi/lib/armv6-m\libc_nano.a(lib_a-init.o)
 .debug_frame   0x00001e60       0x20 c:/program files (x86)/atollic/truestudio for stm32 9.0.1/armtools/bin/../lib/gcc/arm-atollic-eabi/6.3.1/../../../../arm-atollic-eabi/lib/armv6-m\libc_nano.a(lib_a-memset.o)
 .debug_frame   0x00001e80       0x20 c:/program files (x86)/atollic/truestudio for stm32 9.0.1/armtools/bin/../lib/gcc/arm-atollic-eabi/6.3.1/armv6-m\libgcc.a(_udivsi3.o)
 .debug_frame   0x00001ea0       0x20 c:/program files (x86)/atollic/truestudio for stm32 9.0.1/armtools/bin/../lib/gcc/arm-atollic-eabi/6.3.1/armv6-m\libgcc.a(_divsi3.o)
 .debug_frame   0x00001ec0       0x3c c:/program files (x86)/atollic/truestudio for stm32 9.0.1/armtools/bin/../lib/gcc/arm-atollic-eabi/6.3.1/armv6-m\libgcc.a(_udivmoddi4.o)
 .debug_frame   0x00001efc       0x34 c:/program files (x86)/atollic/truestudio for stm32 9.0.1/armtools/bin/../lib/gcc/arm-atollic-eabi/6.3.1/armv6-m\libgcc.a(addsf3.o)
 .debug_frame   0x00001f30       0x3c c:/program files (x86)/atollic/truestudio for stm32 9.0.1/armtools/bin/../lib/gcc/arm-atollic-eabi/6.3.1/armv6-m\libgcc.a(divsf3.o)
 .debug_frame   0x00001f6c       0x2c c:/program files (x86)/atollic/truestudio for stm32 9.0.1/armtools/bin/../lib/gcc/arm-atollic-eabi/6.3.1/armv6-m\libgcc.a(eqsf2.o)
 .debug_frame   0x00001f98       0x30 c:/program files (x86)/atollic/truestudio for stm32 9.0.1/armtools/bin/../lib/gcc/arm-atollic-eabi/6.3.1/armv6-m\libgcc.a(gesf2.o)
 .debug_frame   0x00001fc8       0x30 c:/program files (x86)/atollic/truestudio for stm32 9.0.1/armtools/bin/../lib/gcc/arm-atollic-eabi/6.3.1/armv6-m\libgcc.a(lesf2.o)
 .debug_frame   0x00001ff8       0x3c c:/program files (x86)/atollic/truestudio for stm32 9.0.1/armtools/bin/../lib/gcc/arm-atollic-eabi/6.3.1/armv6-m\libgcc.a(mulsf3.o)
 .debug_frame   0x00002034       0x38 c:/program files (x86)/atollic/truestudio for stm32 9.0.1/armtools/bin/../lib/gcc/arm-atollic-eabi/6.3.1/armv6-m\libgcc.a(subsf3.o)
 .debug_frame   0x0000206c       0x20 c:/program files (x86)/atollic/truestudio for stm32 9.0.1/armtools/bin/../lib/gcc/arm-atollic-eabi/6.3.1/armv6-m\libgcc.a(fixsfsi.o)
 .debug_frame   0x0000208c       0x2c c:/program files (x86)/atollic/truestudio for stm32 9.0.1/armtools/bin/../lib/gcc/arm-atollic-eabi/6.3.1/armv6-m\libgcc.a(floatsisf.o)
