motorcontrol.c:58:6:set_stop	0	static
motorcontrol.c:79:6:start_motor_control	32	static
motorcontrol.c:102:5:set_motor_speed	8	static
motorcontrol.c:96:6:set_speed	8	static
motorcontrol.c:256:5:saturation	0	static
motorcontrol.c:63:6:PID_podle_ultrazvuku	32	static
motorcontrol.c:137:6:PID_regularor	32	static
motorcontrol.c:266:6:init_PID	0	static
motorcontrol.c:278:6:init_PID_ultrazvuk	0	static
motorcontrol.c:291:6:start_encoder	0	static
motorcontrol.c:295:6:reset_distance	0	static
motorcontrol.c:299:5:distance_traveled	0	static
motorcontrol.c:151:5:Travel_rovne	16	static
motorcontrol.c:207:5:Travel_turn	16	static
