stm32l0xx_it.c:91:6:NMI_Handler	0	static
stm32l0xx_it.c:104:6:HardFault_Handler	0	static
stm32l0xx_it.c:119:6:SVC_Handler	0	static
stm32l0xx_it.c:132:6:PendSV_Handler	0	static
stm32l0xx_it.c:145:6:SysTick_Handler	8	static
stm32l0xx_it.c:166:6:EXTI4_15_IRQHandler	8	static
stm32l0xx_it.c:189:6:DMA1_Channel2_3_IRQHandler	8	static
stm32l0xx_it.c:204:6:TIM3_IRQHandler	8	static
stm32l0xx_it.c:218:6:TIM6_DAC_IRQHandler	8	static
stm32l0xx_it.c:232:6:TIM22_IRQHandler	8	static
stm32l0xx_it.c:246:6:USART1_IRQHandler	8	static
