stm32l0xx_it.c:90:6:NMI_Handler	0	static
stm32l0xx_it.c:103:6:HardFault_Handler	0	static
stm32l0xx_it.c:118:6:SVC_Handler	0	static
stm32l0xx_it.c:131:6:PendSV_Handler	0	static
stm32l0xx_it.c:144:6:SysTick_Handler	8	static
stm32l0xx_it.c:165:6:EXTI4_15_IRQHandler	8	static
stm32l0xx_it.c:187:6:DMA1_Channel2_3_IRQHandler	8	static
stm32l0xx_it.c:202:6:TIM3_IRQHandler	8	static
stm32l0xx_it.c:216:6:TIM6_DAC_IRQHandler	8	static
stm32l0xx_it.c:230:6:TIM22_IRQHandler	8	static
stm32l0xx_it.c:244:6:USART1_IRQHandler	8	static
